Archive member included because of file (symbol)

c:/altera/13.0/nios2eds/bin/gnu/h-i686-mingw32/bin/../lib/gcc/nios2-elf/4.1.2\libgcc.a(_addsub_df.o)
                              obj/default/FreeRTOS_freq_plot.o (__subdf3)
c:/altera/13.0/nios2eds/bin/gnu/h-i686-mingw32/bin/../lib/gcc/nios2-elf/4.1.2\libgcc.a(_mul_df.o)
                              obj/default/FreeRTOS_freq_plot.o (__muldf3)
c:/altera/13.0/nios2eds/bin/gnu/h-i686-mingw32/bin/../lib/gcc/nios2-elf/4.1.2\libgcc.a(_div_df.o)
                              obj/default/FreeRTOS_freq_plot.o (__divdf3)
c:/altera/13.0/nios2eds/bin/gnu/h-i686-mingw32/bin/../lib/gcc/nios2-elf/4.1.2\libgcc.a(_gt_df.o)
                              obj/default/FreeRTOS_freq_plot.o (__gtdf2)
c:/altera/13.0/nios2eds/bin/gnu/h-i686-mingw32/bin/../lib/gcc/nios2-elf/4.1.2\libgcc.a(_si_to_df.o)
                              obj/default/FreeRTOS_freq_plot.o (__floatsidf)
c:/altera/13.0/nios2eds/bin/gnu/h-i686-mingw32/bin/../lib/gcc/nios2-elf/4.1.2\libgcc.a(_df_to_si.o)
                              obj/default/FreeRTOS_freq_plot.o (__fixdfsi)
c:/altera/13.0/nios2eds/bin/gnu/h-i686-mingw32/bin/../lib/gcc/nios2-elf/4.1.2\libgcc.a(_thenan_df.o)
                              c:/altera/13.0/nios2eds/bin/gnu/h-i686-mingw32/bin/../lib/gcc/nios2-elf/4.1.2\libgcc.a(_addsub_df.o) (__thenan_df)
c:/altera/13.0/nios2eds/bin/gnu/h-i686-mingw32/bin/../lib/gcc/nios2-elf/4.1.2\libgcc.a(_muldi3.o)
                              c:/altera/13.0/nios2eds/bin/gnu/h-i686-mingw32/bin/../lib/gcc/nios2-elf/4.1.2\libgcc.a(_mul_df.o) (__muldi3)
c:/altera/13.0/nios2eds/bin/gnu/h-i686-mingw32/bin/../lib/gcc/nios2-elf/4.1.2\libgcc.a(_clzsi2.o)
                              c:/altera/13.0/nios2eds/bin/gnu/h-i686-mingw32/bin/../lib/gcc/nios2-elf/4.1.2\libgcc.a(_si_to_df.o) (__clzsi2)
c:/altera/13.0/nios2eds/bin/gnu/h-i686-mingw32/bin/../lib/gcc/nios2-elf/4.1.2\libgcc.a(_pack_df.o)
                              c:/altera/13.0/nios2eds/bin/gnu/h-i686-mingw32/bin/../lib/gcc/nios2-elf/4.1.2\libgcc.a(_addsub_df.o) (__pack_d)
c:/altera/13.0/nios2eds/bin/gnu/h-i686-mingw32/bin/../lib/gcc/nios2-elf/4.1.2\libgcc.a(_unpack_df.o)
                              c:/altera/13.0/nios2eds/bin/gnu/h-i686-mingw32/bin/../lib/gcc/nios2-elf/4.1.2\libgcc.a(_addsub_df.o) (__unpack_d)
c:/altera/13.0/nios2eds/bin/gnu/h-i686-mingw32/bin/../lib/gcc/nios2-elf/4.1.2\libgcc.a(_fpcmp_parts_df.o)
                              c:/altera/13.0/nios2eds/bin/gnu/h-i686-mingw32/bin/../lib/gcc/nios2-elf/4.1.2\libgcc.a(_gt_df.o) (__fpcmp_parts_d)
c:/altera/13.0/nios2eds/bin/gnu/h-i686-mingw32/bin/../lib/gcc/nios2-elf/4.1.2\libgcc.a(_clz.o)
                              c:/altera/13.0/nios2eds/bin/gnu/h-i686-mingw32/bin/../lib/gcc/nios2-elf/4.1.2\libgcc.a(_clzsi2.o) (__clz_tab)
c:/altera/13.0/nios2eds/bin/gnu/h-i686-mingw32/bin/../lib/gcc/nios2-elf/4.1.2/../../../../nios2-elf/lib\libc.a(lib_a-memcmp.o)
                              obj/default/FreeRTOS/tasks.o (memcmp)
c:/altera/13.0/nios2eds/bin/gnu/h-i686-mingw32/bin/../lib/gcc/nios2-elf/4.1.2/../../../../nios2-elf/lib\libc.a(lib_a-memcpy.o)
                              obj/default/FreeRTOS/queue.o (memcpy)
c:/altera/13.0/nios2eds/bin/gnu/h-i686-mingw32/bin/../lib/gcc/nios2-elf/4.1.2/../../../../nios2-elf/lib\libc.a(lib_a-memset.o)
                              obj/default/FreeRTOS/tasks.o (memset)
c:/altera/13.0/nios2eds/bin/gnu/h-i686-mingw32/bin/../lib/gcc/nios2-elf/4.1.2/../../../../nios2-elf/lib\libc.a(lib_a-printf.o)
                              obj/default/FreeRTOS/port.o (printf)
c:/altera/13.0/nios2eds/bin/gnu/h-i686-mingw32/bin/../lib/gcc/nios2-elf/4.1.2/../../../../nios2-elf/lib\libc.a(lib_a-puts.o)
                              obj/default/FreeRTOS_freq_plot.o (puts)
c:/altera/13.0/nios2eds/bin/gnu/h-i686-mingw32/bin/../lib/gcc/nios2-elf/4.1.2/../../../../nios2-elf/lib\libc.a(lib_a-strlen.o)
                              c:/altera/13.0/nios2eds/bin/gnu/h-i686-mingw32/bin/../lib/gcc/nios2-elf/4.1.2/../../../../nios2-elf/lib\libc.a(lib_a-puts.o) (strlen)
c:/altera/13.0/nios2eds/bin/gnu/h-i686-mingw32/bin/../lib/gcc/nios2-elf/4.1.2/../../../../nios2-elf/lib\libc.a(lib_a-vfprintf.o)
                              c:/altera/13.0/nios2eds/bin/gnu/h-i686-mingw32/bin/../lib/gcc/nios2-elf/4.1.2/../../../../nios2-elf/lib\libc.a(lib_a-printf.o) (___vfprintf_internal_r)
c:/altera/13.0/nios2eds/bin/gnu/h-i686-mingw32/bin/../lib/gcc/nios2-elf/4.1.2/../../../../nios2-elf/lib\libc.a(lib_a-wsetup.o)
                              c:/altera/13.0/nios2eds/bin/gnu/h-i686-mingw32/bin/../lib/gcc/nios2-elf/4.1.2/../../../../nios2-elf/lib\libc.a(lib_a-vfprintf.o) (__swsetup_r)
c:/altera/13.0/nios2eds/bin/gnu/h-i686-mingw32/bin/../lib/gcc/nios2-elf/4.1.2/../../../../nios2-elf/lib\libc.a(lib_a-dtoa.o)
                              c:/altera/13.0/nios2eds/bin/gnu/h-i686-mingw32/bin/../lib/gcc/nios2-elf/4.1.2/../../../../nios2-elf/lib\libc.a(lib_a-vfprintf.o) (_dtoa_r)
[...]
Memory Configuration

Name             Origin             Length             Attributes
onchip_memory_BEFORE_EXCEPTION 0x00000000         0x00000020
onchip_memory    0x00000020         0x00031fe0
reset            0x01000000         0x00000020
flash_controller 0x01000020         0x007fffe0
sdram            0x08000000         0x08000000
*default*        0x00000000         0xffffffff

Linker script and memory map

LOAD ../vgatrial_bsp//obj/HAL/src/crt0.o
LOAD obj/default/FreeRTOS/croutine.o
LOAD obj/default/FreeRTOS/event_groups.o
LOAD obj/default/FreeRTOS/heap.o
LOAD obj/default/FreeRTOS/list.o
LOAD obj/default/FreeRTOS/port.o
LOAD obj/default/FreeRTOS/queue.o
LOAD obj/default/FreeRTOS/tasks.o
LOAD obj/default/FreeRTOS/timers.o
LOAD obj/default/FreeRTOS_freq_plot.o
LOAD obj/default/FreeRTOS/port_asm.o
LOAD c:/altera/13.0/nios2eds/bin/gnu/h-i686-mingw32/bin/../lib/gcc/nios2-elf/4.1.2/../../../../nios2-elf/lib\libstdc++.a
LOAD c:/altera/13.0/nios2eds/bin/gnu/h-i686-mingw32/bin/../lib/gcc/nios2-elf/4.1.2/../../../../nios2-elf/lib\libm.a
LOAD c:/altera/13.0/nios2eds/bin/gnu/h-i686-mingw32/bin/../lib/gcc/nios2-elf/4.1.2\libgcc.a
START GROUP
LOAD c:/altera/13.0/nios2eds/bin/gnu/h-i686-mingw32/bin/../lib/gcc/nios2-elf/4.1.2/../../../../nios2-elf/lib\libc.a
LOAD c:/altera/13.0/nios2eds/bin/gnu/h-i686-mingw32/bin/../lib/gcc/nios2-elf/4.1.2\libgcc.a
LOAD ../vgatrial_bsp/\libhal_bsp.a
END GROUP
LOAD c:/altera/13.0/nios2eds/bin/gnu/h-i686-mingw32/bin/../lib/gcc/nios2-elf/4.1.2\libgcc.a
                0x00000000                __alt_mem_onchip_memory = 0x0
                0x01000000                __alt_mem_flash_controller = 0x1000000
                0x08000000                __alt_mem_sdram = 0x8000000

.entry          0x01000000        0x0
 *(.entry)
 .entry         0x01000000        0x0 ../vgatrial_bsp//obj/HAL/src/crt0.o
                0x01000000                __reset

.exceptions     0x00000020      0x228
                0x00000020                PROVIDE (__ram_exceptions_start, ABSOLUTE (.))
                0x00000020                . = ALIGN (0x20)
 *(.irq)
 *(.exceptions.entry.label)
 *(.exceptions.entry.user)
 *(.exceptions.entry)
 .exceptions.entry
                0x00000020       0x8c obj/default/FreeRTOS/port_asm.o
 *(.exceptions.irqtest.user)
 *(.exceptions.irqtest)
 .exceptions.irqtest
                0x000000ac       0x14 obj/default/FreeRTOS/port_asm.o
 *(.exceptions.irqhandler.user)
 *(.exceptions.irqhandler)
 .exceptions.irqhandler
                0x000000c0        0x4 obj/default/FreeRTOS/port_asm.o
 *(.exceptions.irqreturn.user)
 *(.exceptions.irqreturn)
 .exceptions.irqreturn
                0x000000c4       0x8c obj/default/FreeRTOS/port_asm.o
                0x000000c4                restore_sp_from_pxCurrentTCB
 *(.exceptions.notirq.label)
 *(.exceptions.notirq.user)
 *(.exceptions.notirq)
 *(.exceptions.soft.user)
 *(.exceptions.soft)
 .exceptions.soft
                0x00000150       0x2c obj/default/FreeRTOS/port_asm.o
 *(.exceptions.unknown.user)
 *(.exceptions.unknown)
 *(.exceptions.exit.label)
 *(.exceptions.exit.user)
 *(.exceptions.exit)
 *(.exceptions)
 .exceptions    0x0000017c       0xcc ../vgatrial_bsp/\libhal_bsp.a(alt_irq_handler.o)
                0x0000017c                alt_irq_handler
                0x00000248                PROVIDE (__ram_exceptions_end, ABSOLUTE (.))
                0x00000020                PROVIDE (__flash_exceptions_start, LOADADDR (.exceptions))

.text           0x00000248    0x17b98
                0x00000248                PROVIDE (stext, ABSOLUTE (.))
 *(.interp)
 *(.hash)
 *(.dynsym)
 *(.dynstr)
 *(.gnu.version)
 *(.gnu.version_d)
 *(.gnu.version_r)
 *(.rel.init)
 *(.rela.init)
 *(.rel.text .rel.text.* .rel.gnu.linkonce.t.*)
 *(.rela.text .rela.text.* .rela.gnu.linkonce.t.*)
 *(.rel.fini)
 *(.rela.fini)
 *(.rel.rodata .rel.rodata.* .rel.gnu.linkonce.r.*)
 *(.rela.rodata .rela.rodata.* .rela.gnu.linkonce.r.*)
 *(.rel.data .rel.data.* .rel.gnu.linkonce.d.*)
 *(.rela.data .rela.data.* .rela.gnu.linkonce.d.*)
 *(.rel.tdata .rel.tdata.* .rel.gnu.linkonce.td.*)
 *(.rela.tdata .rela.tdata.* .rela.gnu.linkonce.td.*)
 *(.rel.tbss .rel.tbss.* .rel.gnu.linkonce.tb.*)
 *(.rela.tbss .rela.tbss.* .rela.gnu.linkonce.tb.*)
 *(.rel.ctors)
 *(.rela.ctors)
 *(.rel.dtors)
 *(.rela.dtors)
 *(.rel.got)
 *(.rela.got)
 *(.rel.sdata .rel.sdata.* .rel.gnu.linkonce.s.*)
 *(.rela.sdata .rela.sdata.* .rela.gnu.linkonce.s.*)
 *(.rel.sbss .rel.sbss.* .rel.gnu.linkonce.sb.*)
 *(.rela.sbss .rela.sbss.* .rela.gnu.linkonce.sb.*)
 *(.rel.sdata2 .rel.sdata2.* .rel.gnu.linkonce.s2.*)
 *(.rela.sdata2 .rela.sdata2.* .rela.gnu.linkonce.s2.*)
 *(.rel.sbss2 .rel.sbss2.* .rel.gnu.linkonce.sb2.*)
 *(.rela.sbss2 .rela.sbss2.* .rela.gnu.linkonce.sb2.*)
 *(.rel.bss .rel.bss.* .rel.gnu.linkonce.b.*)
 *(.rela.bss .rela.bss.* .rela.gnu.linkonce.b.*)
 *(.rel.plt)
 *(.rela.plt)
 *(.rel.dyn)
 *(.init)
 *(.plt)
 *(.text .stub .text.* .gnu.linkonce.t.*)
 .text          0x00000248       0x48 ../vgatrial_bsp//obj/HAL/src/crt0.o
                0x00000248                _start
 .text          0x00000290      0x60c obj/default/FreeRTOS/croutine.o
                0x00000290                xCoRoutineCreate
                0x000003d0                vCoRoutineAddToDelayedList
                0x00000694                vCoRoutineSchedule
                0x0000081c                xCoRoutineRemoveFromEventList
 .text          0x0000089c      0x720 obj/default/FreeRTOS/event_groups.o
                0x0000089c                xEventGroupCreate
                0x000008f0                xEventGroupSync
                0x00000a74                xEventGroupWaitBits
                0x00000c34                xEventGroupClearBits
                0x00000c9c                xEventGroupGetBitsFromISR
                0x00000cd8                xEventGroupSetBits
                0x00000e64                vEventGroupDelete
                0x00000ed4                vEventGroupSetBitsCallback
                0x00000f0c                vEventGroupClearBitsCallback
 .text          0x00000fbc      0x448 obj/default/FreeRTOS/heap.o
                0x00000fbc                pvPortMalloc
                0x00001150                vPortFree
                0x000011d0                xPortGetFreeHeapSize
                0x000011f0                vPortInitialiseBlocks
 .text          0x00001404      0x28c obj/default/FreeRTOS/list.o
                0x00001404                vListInitialise
                0x00001474                vListInitialiseItem
                0x0000149c                vListInsertEnd
                0x00001524                vListInsert
                0x000015f8                uxListRemove
 .text          0x00001690      0x434 obj/default/FreeRTOS/port.o
                0x00001690                vApplicationStackOverflowHook
                0x000016f4                pxPortInitialiseStack
                0x000017dc                xPortStartScheduler
                0x00001814                vPortEndScheduler
                0x000018c8                vPortSysTickHandler
                0x00001914                alt_irq_register
 .text          0x00001ac4     0x1134 obj/default/FreeRTOS/queue.o
                0x00001ac4                xQueueGenericReset
                0x00001bd8                xQueueGenericCreate
                0x00001cb4                xQueueCreateMutex
                0x00001d78                xQueueGiveMutexRecursive
                0x00001e0c                xQueueTakeMutexRecursive
                0x00001eb4                xQueueCreateCountingSemaphore
                0x00001f10                xQueueGenericSend
                0x000020c0                xQueueGenericSendFromISR
                0x000021a8                xQueueGiveFromISR
                0x00002280                xQueueGenericReceive
                0x000024ac                xQueueReceiveFromISR
                0x00002590                xQueuePeekFromISR
                0x00002610                uxQueueMessagesWaiting
                0x00002650                uxQueueSpacesAvailable
                0x000026a4                uxQueueMessagesWaitingFromISR
                0x000026d4                vQueueDelete
                0x00002a80                xQueueIsQueueEmptyFromISR
                0x00002b1c                xQueueIsQueueFullFromISR
                0x00002b64                vQueueWaitForMessageRestricted
 .text          0x00002bf8     0x1c94 obj/default/FreeRTOS/tasks.o
                0x00002bf8                xTaskGenericCreate
                0x00002dc0                vTaskDelete
                0x00002e98                vTaskDelay
                0x00002f10                vTaskStartScheduler
                0x00002fac                vTaskEndScheduler
                0x00002ff0                vTaskSuspendAll
                0x00003018                xTaskResumeAll
                0x00003168                xTaskGetTickCount
                0x00003190                xTaskGetTickCountFromISR
                0x000031bc                uxTaskGetNumberOfTasks
                0x000031dc                xTaskIncrementTick
                0x000033b8                vTaskSwitchContext
                0x000034e8                vTaskPlaceOnEventList
                0x00003548                vTaskPlaceOnUnorderedEventList
                0x000035bc                vTaskPlaceOnEventListRestricted
                0x0000361c                xTaskRemoveFromEventList
                0x00003704                xTaskRemoveFromUnorderedEventList
                0x000037d4                vTaskSetTimeOutState
                0x0000380c                xTaskCheckForTimeOut
                0x000038d0                vTaskMissedYield
                0x00003d50                uxTaskGetStackHighWaterMark
                0x00003e6c                xTaskGetCurrentTaskHandle
                0x00003e94                xTaskGetSchedulerState
                0x00003ee8                vTaskPriorityInherit
                0x00004018                xTaskPriorityDisinherit
                0x00004114                vTaskEnterCritical
                0x00004168                vTaskExitCritical
                0x000041d0                uxTaskResetEventItemValue
                0x00004214                pvTaskIncrementMutexHeldCount
                0x00004250                ulTaskNotifyTake
                0x00004328                xTaskNotifyWait
                0x00004434                xTaskNotify
                0x000045bc                xTaskNotifyFromISR
                0x0000477c                vTaskNotifyGiveFromISR
 .text          0x0000488c      0x8b0 obj/default/FreeRTOS/timers.o
                0x0000488c                xTimerCreateTimerTask
                0x000048fc                xTimerCreate
                0x000049ac                xTimerGenericCommand
                0x00004a74                pcTimerGetTimerName
                0x000050c0                xTimerIsTimerActive
                0x0000510c                pvTimerGetTimerID
 .text          0x0000513c      0xb4c obj/default/FreeRTOS_freq_plot.o
                0x0000513c                PRVGADraw_Task
                0x00005b80                freq_relay
                0x00005c00                main
 .text          0x00005c88        0x0 obj/default/FreeRTOS/port_asm.o
 .text          0x00005c88      0x504 c:/altera/13.0/nios2eds/bin/gnu/h-i686-mingw32/bin/../lib/gcc/nios2-elf/4.1.2\libgcc.a(_addsub_df.o)
                0x00006098                __subdf3
                0x00006118                __adddf3
 .text          0x0000618c      0x3c4 c:/altera/13.0/nios2eds/bin/gnu/h-i686-mingw32/bin/../lib/gcc/nios2-elf/4.1.2\libgcc.a(_mul_df.o)
                0x0000618c                __muldf3
 .text          0x00006550      0x258 c:/altera/13.0/nios2eds/bin/gnu/h-i686-mingw32/bin/../lib/gcc/nios2-elf/4.1.2\libgcc.a(_div_df.o)
                0x00006550                __divdf3
 .text          0x000067a8       0x88 c:/altera/13.0/nios2eds/bin/gnu/h-i686-mingw32/bin/../lib/gcc/nios2-elf/4.1.2\libgcc.a(_gt_df.o)
                0x000067a8                __gtdf2
 .text          0x00006830       0xf8 c:/altera/13.0/nios2eds/bin/gnu/h-i686-mingw32/bin/../lib/gcc/nios2-elf/4.1.2\libgcc.a(_si_to_df.o)
                0x00006830                __floatsidf
 .text          0x00006928       0xd8 c:/altera/13.0/nios2eds/bin/gnu/h-i686-mingw32/bin/../lib/gcc/nios2-elf/4.1.2\libgcc.a(_df_to_si.o)
                0x00006928                __fixdfsi
 .text          0x00006a00        0x0 c:/altera/13.0/nios2eds/bin/gnu/h-i686-mingw32/bin/../lib/gcc/nios2-elf/4.1.2\libgcc.a(_thenan_df.o)
 .text          0x00006a00       0x98 c:/altera/13.0/nios2eds/bin/gnu/h-i686-mingw32/bin/../lib/gcc/nios2-elf/4.1.2\libgcc.a(_muldi3.o)
                0x00006a00                __muldi3
 .text          0x00006a98       0x80 c:/altera/13.0/nios2eds/bin/gnu/h-i686-mingw32/bin/../lib/gcc/nios2-elf/4.1.2\libgcc.a(_clzsi2.o)
                0x00006a98                __clzsi2
 .text          0x00006b18      0x314 c:/altera/13.0/nios2eds/bin/gnu/h-i686-mingw32/bin/../lib/gcc/nios2-elf/4.1.2\libgcc.a(_pack_df.o)
                0x00006b18                __pack_d
 .text          0x00006e2c      0x138 c:/altera/13.0/nios2eds/bin/gnu/h-i686-mingw32/bin/../lib/gcc/nios2-elf/4.1.2\libgcc.a(_unpack_df.o)
                0x00006e2c                __unpack_d
 .text          0x00006f64       0xc8 c:/altera/13.0/nios2eds/bin/gnu/h-i686-mingw32/bin/../lib/gcc/nios2-elf/4.1.2\libgcc.a(_fpcmp_parts_df.o)
                0x00006f64                __fpcmp_parts_d
 .text          0x0000702c        0x0 c:/altera/13.0/nios2eds/bin/gnu/h-i686-mingw32/bin/../lib/gcc/nios2-elf/4.1.2\libgcc.a(_clz.o)
 .text          0x0000702c       0x74 c:/altera/13.0/nios2eds/bin/gnu/h-i686-mingw32/bin/../lib/gcc/nios2-elf/4.1.2/../../../../nios2-elf/lib\libc.a(lib_a-memcmp.o)
                0x0000702c                memcmp
 .text          0x000070a0       0xa0 c:/altera/13.0/nios2eds/bin/gnu/h-i686-mingw32/bin/../lib/gcc/nios2-elf/4.1.2/../../../../nios2-elf/lib\libc.a(lib_a-memcpy.o)
                0x000070a0                memcpy
 .text          0x00007140       0x98 c:/altera/13.0/nios2eds/bin/gnu/h-i686-mingw32/bin/../lib/gcc/nios2-elf/4.1.2/../../../../nios2-elf/lib\libc.a(lib_a-memset.o)
                0x00007140                memset
 .text          0x000071d8       0x78 c:/altera/13.0/nios2eds/bin/gnu/h-i686-mingw32/bin/../lib/gcc/nios2-elf/4.1.2/../../../../nios2-elf/lib\libc.a(lib_a-printf.o)
                0x000071d8                printf
                0x0000721c                _printf_r
 .text          0x00007250       0xb4 c:/altera/13.0/nios2eds/bin/gnu/h-i686-mingw32/bin/../lib/gcc/nios2-elf/4.1.2/../../../../nios2-elf/lib\libc.a(lib_a-puts.o)
                0x00007250                _puts_r
                0x000072f0                puts
 .text          0x00007304       0x74 c:/altera/13.0/nios2eds/bin/gnu/h-i686-mingw32/bin/../lib/gcc/nios2-elf/4.1.2/../../../../nios2-elf/lib\libc.a(lib_a-strlen.o)
                0x00007304                strlen
 .text          0x00007378     0x1f28 c:/altera/13.0/nios2eds/bin/gnu/h-i686-mingw32/bin/../lib/gcc/nios2-elf/4.1.2/../../../../nios2-elf/lib\libc.a(lib_a-vfprintf.o)
                0x000073d0                ___vfprintf_internal_r
                0x0000927c                __vfprintf_internal
 .text          0x000092a0      0x13c c:/altera/13.0/nios2eds/bin/gnu/h-i686-mingw32/bin/../lib/gcc/nios2-elf/4.1.2/../../../../nios2-elf/lib\libc.a(lib_a-wsetup.o)
                0x000092a0                __swsetup_r
 .text          0x000093dc     0x17cc c:/altera/13.0/nios2eds/bin/gnu/h-i686-mingw32/bin/../lib/gcc/nios2-elf/4.1.2/../../../../nios2-elf/lib\libc.a(lib_a-dtoa.o)
                0x000095f4                _dtoa_r
 .text          0x0000aba8      0x230 c:/altera/13.0/nios2eds/bin/gnu/h-i686-mingw32/bin/../lib/gcc/nios2-elf/4.1.2/../../../../nios2-elf/lib\libc.a(lib_a-fflush.o)
                0x0000aba8                _fflush_r
                0x0000ada4                fflush
 .text          0x0000add8      0x2c0 c:/altera/13.0/nios2eds/bin/gnu/h-i686-mingw32/bin/../lib/gcc/nios2-elf/4.1.2/../../../../nios2-elf/lib\libc.a(lib_a-findfp.o)
                0x0000ae30                __sfp_lock_acquire
                0x0000ae34                __sfp_lock_release
                0x0000ae38                __sinit_lock_acquire
                0x0000ae3c                __sinit_lock_release
                0x0000ae40                __sinit
                0x0000aef4                __fp_unlock_all
                0x0000af0c                __fp_lock_all
                0x0000af24                _cleanup_r
                0x0000af30                _cleanup
                0x0000af40                __sfmoreglue
                0x0000afa8                __sfp
 .text          0x0000b098      0x440 c:/altera/13.0/nios2eds/bin/gnu/h-i686-mingw32/bin/../lib/gcc/nios2-elf/4.1.2/../../../../nios2-elf/lib\libc.a(lib_a-freer.o)
                0x0000b098                _malloc_trim_r
                0x0000b1c4                _free_r
 .text          0x0000b4d8      0x49c c:/altera/13.0/nios2eds/bin/gnu/h-i686-mingw32/bin/../lib/gcc/nios2-elf/4.1.2/../../../../nios2-elf/lib\libc.a(lib_a-fvwrite.o)
                0x0000b4d8                __sfvwrite_r
 .text          0x0000b974      0x180 c:/altera/13.0/nios2eds/bin/gnu/h-i686-mingw32/bin/../lib/gcc/nios2-elf/4.1.2/../../../../nios2-elf/lib\libc.a(lib_a-fwalk.o)
                0x0000b974                _fwalk_reent
                0x0000ba3c                _fwalk
 .text          0x0000baf4        0x0 c:/altera/13.0/nios2eds/bin/gnu/h-i686-mingw32/bin/../lib/gcc/nios2-elf/4.1.2/../../../../nios2-elf/lib\libc.a(lib_a-impure.o)
 .text          0x0000baf4       0xc4 c:/altera/13.0/nios2eds/bin/gnu/h-i686-mingw32/bin/../lib/gcc/nios2-elf/4.1.2/../../../../nios2-elf/lib\libc.a(lib_a-locale.o)
                0x0000baf4                __locale_charset
                0x0000bafc                _localeconv_r
                0x0000bb08                localeconv
                0x0000bb18                _setlocale_r
                0x0000bb9c                setlocale
 .text          0x0000bbb8      0x194 c:/altera/13.0/nios2eds/bin/gnu/h-i686-mingw32/bin/../lib/gcc/nios2-elf/4.1.2/../../../../nios2-elf/lib\libc.a(lib_a-makebuf.o)
                0x0000bbb8                __smakebuf_r
 .text          0x0000bd4c      0x740 c:/altera/13.0/nios2eds/bin/gnu/h-i686-mingw32/bin/../lib/gcc/nios2-elf/4.1.2/../../../../nios2-elf/lib\libc.a(lib_a-mallocr.o)
                0x0000bd4c                _malloc_r
 .text          0x0000c48c       0xe4 c:/altera/13.0/nios2eds/bin/gnu/h-i686-mingw32/bin/../lib/gcc/nios2-elf/4.1.2/../../../../nios2-elf/lib\libc.a(lib_a-memchr.o)
                0x0000c48c                memchr
 .text          0x0000c570       0xe0 c:/altera/13.0/nios2eds/bin/gnu/h-i686-mingw32/bin/../lib/gcc/nios2-elf/4.1.2/../../../../nios2-elf/lib\libc.a(lib_a-memmove.o)
                0x0000c570                memmove
 .text          0x0000c650      0xff4 c:/altera/13.0/nios2eds/bin/gnu/h-i686-mingw32/bin/../lib/gcc/nios2-elf/4.1.2/../../../../nios2-elf/lib\libc.a(lib_a-mprec.o)
                0x0000c650                _Bfree
                0x0000c678                __hi0bits
                0x0000c6e8                __lo0bits
                0x0000c7ac                __mcmp
                0x0000c80c                __ulp
                0x0000c88c                __b2d
                0x0000c9ac                __ratio
                0x0000ca5c                _mprec_log10
                0x0000caf0                __copybits
                0x0000cb48                __any_on
                0x0000cbd0                _Balloc
                0x0000cc8c                __d2b
                0x0000ce08                __mdiff
                0x0000cf94                __lshift
                0x0000d0e0                __multiply
                0x0000d2c8                __i2b
                0x0000d304                __multadd
                0x0000d404                __pow5mult
                0x0000d524                __s2b
 .text          0x0000d644      0x5f4 c:/altera/13.0/nios2eds/bin/gnu/h-i686-mingw32/bin/../lib/gcc/nios2-elf/4.1.2/../../../../nios2-elf/lib\libc.a(lib_a-reallocr.o)
                0x0000d644                _realloc_r
 .text          0x0000dc38       0x40 c:/altera/13.0/nios2eds/bin/gnu/h-i686-mingw32/bin/../lib/gcc/nios2-elf/4.1.2/../../../../nios2-elf/lib\libc.a(lib_a-s_isinfd.o)
                0x0000dc38                __isinfd
 .text          0x0000dc78       0x30 c:/altera/13.0/nios2eds/bin/gnu/h-i686-mingw32/bin/../lib/gcc/nios2-elf/4.1.2/../../../../nios2-elf/lib\libc.a(lib_a-s_isnand.o)
                0x0000dc78                __isnand
 .text          0x0000dca8       0x70 c:/altera/13.0/nios2eds/bin/gnu/h-i686-mingw32/bin/../lib/gcc/nios2-elf/4.1.2/../../../../nios2-elf/lib\libc.a(lib_a-sbrkr.o)
                0x0000dca8                _sbrk_r
 .text          0x0000dd18      0x14c c:/altera/13.0/nios2eds/bin/gnu/h-i686-mingw32/bin/../lib/gcc/nios2-elf/4.1.2/../../../../nios2-elf/lib\libc.a(lib_a-stdio.o)
                0x0000dd18                __sclose
                0x0000dd20                __sseek
                0x0000dd88                __swrite
                0x0000de04                __sread
 .text          0x0000de64       0xbc c:/altera/13.0/nios2eds/bin/gnu/h-i686-mingw32/bin/../lib/gcc/nios2-elf/4.1.2/../../../../nios2-elf/lib\libc.a(lib_a-strcmp.o)
                0x0000de64                strcmp
 .text          0x0000df20       0x78 c:/altera/13.0/nios2eds/bin/gnu/h-i686-mingw32/bin/../lib/gcc/nios2-elf/4.1.2/../../../../nios2-elf/lib\libc.a(lib_a-writer.o)
                0x0000df20                _write_r
 .text          0x0000df98       0xb4 c:/altera/13.0/nios2eds/bin/gnu/h-i686-mingw32/bin/../lib/gcc/nios2-elf/4.1.2/../../../../nios2-elf/lib\libc.a(lib_a-callocr.o)
                0x0000df98                _calloc_r
 .text          0x0000e04c       0x70 c:/altera/13.0/nios2eds/bin/gnu/h-i686-mingw32/bin/../lib/gcc/nios2-elf/4.1.2/../../../../nios2-elf/lib\libc.a(lib_a-closer.o)
                0x0000e04c                _close_r
 .text          0x0000e0bc      0x124 c:/altera/13.0/nios2eds/bin/gnu/h-i686-mingw32/bin/../lib/gcc/nios2-elf/4.1.2/../../../../nios2-elf/lib\libc.a(lib_a-fclose.o)
                0x0000e0bc                _fclose_r
                0x0000e1cc                fclose
 .text          0x0000e1e0       0x74 c:/altera/13.0/nios2eds/bin/gnu/h-i686-mingw32/bin/../lib/gcc/nios2-elf/4.1.2/../../../../nios2-elf/lib\libc.a(lib_a-fstatr.o)
                0x0000e1e0                _fstat_r
 .text          0x0000e254        0x0 c:/altera/13.0/nios2eds/bin/gnu/h-i686-mingw32/bin/../lib/gcc/nios2-elf/4.1.2/../../../../nios2-elf/lib\libc.a(lib_a-int_errno.o)
 .text          0x0000e254       0x70 c:/altera/13.0/nios2eds/bin/gnu/h-i686-mingw32/bin/../lib/gcc/nios2-elf/4.1.2/../../../../nios2-elf/lib\libc.a(lib_a-isattyr.o)
                0x0000e254                _isatty_r
 .text          0x0000e2c4       0x78 c:/altera/13.0/nios2eds/bin/gnu/h-i686-mingw32/bin/../lib/gcc/nios2-elf/4.1.2/../../../../nios2-elf/lib\libc.a(lib_a-lseekr.o)
                0x0000e2c4                _lseek_r
 .text          0x0000e33c       0x78 c:/altera/13.0/nios2eds/bin/gnu/h-i686-mingw32/bin/../lib/gcc/nios2-elf/4.1.2/../../../../nios2-elf/lib\libc.a(lib_a-readr.o)
                0x0000e33c                _read_r
 .text          0x0000e3b4      0x5dc c:/altera/13.0/nios2eds/bin/gnu/h-i686-mingw32/bin/../lib/gcc/nios2-elf/4.1.2\libgcc.a(_udivdi3.o)
                0x0000e3b4                __udivdi3
 .text          0x0000e990      0x5b0 c:/altera/13.0/nios2eds/bin/gnu/h-i686-mingw32/bin/../lib/gcc/nios2-elf/4.1.2\libgcc.a(_umoddi3.o)
                0x0000e990                __umoddi3
 .text          0x0000ef40       0x88 c:/altera/13.0/nios2eds/bin/gnu/h-i686-mingw32/bin/../lib/gcc/nios2-elf/4.1.2\libgcc.a(_eq_df.o)
                0x0000ef40                __eqdf2
 .text          0x0000efc8       0x88 c:/altera/13.0/nios2eds/bin/gnu/h-i686-mingw32/bin/../lib/gcc/nios2-elf/4.1.2\libgcc.a(_ne_df.o)
                0x0000efc8                __nedf2
 .text          0x0000f050       0x88 c:/altera/13.0/nios2eds/bin/gnu/h-i686-mingw32/bin/../lib/gcc/nios2-elf/4.1.2\libgcc.a(_ge_df.o)
                0x0000f050                __gedf2
 .text          0x0000f0d8       0x88 c:/altera/13.0/nios2eds/bin/gnu/h-i686-mingw32/bin/../lib/gcc/nios2-elf/4.1.2\libgcc.a(_lt_df.o)
                0x0000f0d8                __ltdf2
 .text          0x0000f160      0x194 c:/altera/13.0/nios2eds/bin/gnu/h-i686-mingw32/bin/../lib/gcc/nios2-elf/4.1.2\libgcc.a(_usi_to_df.o)
                0x0000f160                __floatunsidf
 .text          0x0000f2f4      0x14c c:/altera/13.0/nios2eds/bin/gnu/h-i686-mingw32/bin/../lib/gcc/nios2-elf/4.1.2\libgcc.a(lib2-divmod.o)
                0x0000f370                __divsi3
                0x0000f3d0                __modsi3
                0x0000f430                __udivsi3
                0x0000f438                __umodsi3
 .text          0x0000f440      0x15c ../vgatrial_bsp/\libhal_bsp.a(alt_close.o)
                0x0000f440                close
 .text          0x0000f59c       0x2c ../vgatrial_bsp/\libhal_bsp.a(alt_dev.o)
 .text          0x0000f5c8        0x0 ../vgatrial_bsp/\libhal_bsp.a(alt_errno.o)
 .text          0x0000f5c8      0x134 ../vgatrial_bsp/\libhal_bsp.a(alt_fstat.o)
                0x0000f5c8                fstat
 .text          0x0000f6fc        0x0 ../vgatrial_bsp/\libhal_bsp.a(alt_irq_handler.o)
 .text          0x0000f6fc        0x0 ../vgatrial_bsp/\libhal_bsp.a(alt_irq_vars.o)
 .text          0x0000f6fc      0x120 ../vgatrial_bsp/\libhal_bsp.a(alt_isatty.o)
                0x0000f6fc                isatty
 .text          0x0000f81c      0x150 ../vgatrial_bsp/\libhal_bsp.a(alt_lseek.o)
                0x0000f81c                lseek
 .text          0x0000f96c       0x6c ../vgatrial_bsp/\libhal_bsp.a(alt_main.o)
                0x0000f96c                alt_main
 .text          0x0000f9d8       0x40 ../vgatrial_bsp/\libhal_bsp.a(alt_malloc_lock.o)
                0x0000f9d8                __malloc_lock
                0x0000f9f8                __malloc_unlock
 .text          0x0000fa18      0x180 ../vgatrial_bsp/\libhal_bsp.a(alt_read.o)
                0x0000fa18                read
 .text          0x0000fb98       0x60 ../vgatrial_bsp/\libhal_bsp.a(alt_release_fd.o)
                0x0000fb98                alt_release_fd
 .text          0x0000fbf8       0xbc ../vgatrial_bsp/\libhal_bsp.a(alt_sbrk.o)
                0x0000fbf8                sbrk
 .text          0x0000fcb4      0x180 ../vgatrial_bsp/\libhal_bsp.a(alt_write.o)
                0x0000fcb4                write
 .text          0x0000fe34      0x3d8 ../vgatrial_bsp/\libhal_bsp.a(alt_sys_init.o)
                0x0000fe34                alt_irq_init
                0x0000fe68                alt_sys_init
 .text          0x0001020c      0x8d8 ../vgatrial_bsp/\libhal_bsp.a(altera_avalon_cfi_flash.o)
                0x0001020c                alt_flash_cfi_init
                0x000102e0                alt_flash_cfi_write
                0x000105a0                alt_flash_cfi_get_info
                0x00010630                alt_flash_cfi_read
                0x00010698                alt_write_value_to_flash
                0x000107fc                alt_flash_program_block
 .text          0x00010ae4     0x14a8 ../vgatrial_bsp/\libhal_bsp.a(altera_avalon_cfi_flash_table.o)
                0x00010ae4                alt_read_query_entry_8bit
                0x00010b24                alt_read_query_entry_16bit
                0x00010b68                alt_read_query_entry_32bit
                0x00010bb0                alt_write_flash_command_8bit_device_8bit_mode
                0x00010bec                alt_write_flash_command_16bit_device_8bit_mode
                0x00010c68                alt_write_flash_command_32bit_device_8bit_mode
                0x00010cb0                alt_write_flash_command_16bit_device_16bit_mode
                0x00010cf4                alt_write_flash_command_32bit_device_16bit_mode
                0x00010d3c                alt_write_flash_command_32bit_device_32bit_mode
                0x00010d84                alt_write_native_8bit
                0x00010db8                alt_write_native_16bit
                0x00010dec                alt_write_native_32bit
                0x00010e1c                alt_set_flash_width_func
                0x00010ffc                alt_set_flash_algorithm_func
                0x00011124                alt_read_cfi_table
                0x00011704                alt_read_cfi_width
                0x00011eb0                alt_check_primary_table
 .text          0x00011f8c      0x148 ../vgatrial_bsp/\libhal_bsp.a(altera_avalon_jtag_uart_fd.o)
                0x00011f8c                altera_avalon_jtag_uart_read_fd
                0x00011fe4                altera_avalon_jtag_uart_write_fd
                0x0001203c                altera_avalon_jtag_uart_close_fd
                0x00012084                altera_avalon_jtag_uart_ioctl_fd
 .text          0x000120d4      0x408 ../vgatrial_bsp/\libhal_bsp.a(altera_avalon_jtag_uart_init.o)
                0x000120d4                altera_avalon_jtag_uart_init
                0x00012468                altera_avalon_jtag_uart_close
 .text          0x000124dc       0xf4 ../vgatrial_bsp/\libhal_bsp.a(altera_avalon_jtag_uart_ioctl.o)
                0x000124dc                altera_avalon_jtag_uart_ioctl
 .text          0x000125d0      0x224 ../vgatrial_bsp/\libhal_bsp.a(altera_avalon_jtag_uart_read.o)
                0x000125d0                altera_avalon_jtag_uart_read
 .text          0x000127f4      0x240 ../vgatrial_bsp/\libhal_bsp.a(altera_avalon_jtag_uart_write.o)
                0x000127f4                altera_avalon_jtag_uart_write
 .text          0x00012a34      0xee0 ../vgatrial_bsp/\libhal_bsp.a(altera_avalon_lcd_16207.o)
                0x00013208                altera_avalon_lcd_16207_write
                0x000137d8                altera_avalon_lcd_16207_init
 .text          0x00013914       0x58 ../vgatrial_bsp/\libhal_bsp.a(altera_avalon_lcd_16207_fd.o)
                0x00013914                altera_avalon_lcd_16207_write_fd
 .text          0x0001396c       0xfc ../vgatrial_bsp/\libhal_bsp.a(altera_avalon_timer_sc.o)
                0x000139e0                alt_avalon_timer_sc_init
 .text          0x00013a68       0xf8 ../vgatrial_bsp/\libhal_bsp.a(altera_avalon_uart_fd.o)
                0x00013a68                altera_avalon_uart_read_fd
                0x00013ac0                altera_avalon_uart_write_fd
                0x00013b18                altera_avalon_uart_close_fd
 .text          0x00013b60      0x3fc ../vgatrial_bsp/\libhal_bsp.a(altera_avalon_uart_init.o)
                0x00013b60                altera_avalon_uart_init
                0x00013efc                altera_avalon_uart_close
 .text          0x00013f5c      0x290 ../vgatrial_bsp/\libhal_bsp.a(altera_avalon_uart_read.o)
                0x00013f5c                altera_avalon_uart_read
 .text          0x000141ec      0x228 ../vgatrial_bsp/\libhal_bsp.a(altera_avalon_uart_write.o)
                0x000141ec                altera_avalon_uart_write
 .text          0x00014414      0x700 ../vgatrial_bsp/\libhal_bsp.a(altera_up_avalon_ps2.o)
                0x00014414                read_RI_bit
                0x00014448                read_RE_bit
                0x00014478                read_CE_bit
                0x000144ac                read_num_bytes_available
                0x000144e0                read_data_valid
                0x00014514                read_data_byte
                0x00014540                alt_up_ps2_init
                0x0001460c                alt_up_ps2_enable_read_interrupt
                0x00014660                alt_up_ps2_disable_read_interrupt
                0x000146b8                alt_up_ps2_write_data_byte
                0x00014730                alt_up_ps2_wait_for_ack
                0x000147a0                alt_up_ps2_write_data_byte_with_ack
                0x0001480c                alt_up_ps2_read_data_byte_timeout
                0x000148bc                alt_up_ps2_read_data_byte
                0x00014938                alt_up_ps2_clear_fifo
                0x00014990                alt_up_ps2_read_fd
                0x00014a2c                alt_up_ps2_write_fd
                0x00014ad4                alt_up_ps2_open_dev
 .text          0x00014b14      0x304 ../vgatrial_bsp/\libhal_bsp.a(altera_up_avalon_video_character_buffer_with_dma.o)
                0x00014b14                alt_up_char_buffer_init
                0x00014b98                alt_up_char_buffer_open_dev
                0x00014bd8                alt_up_char_buffer_draw
                0x00014ca8                alt_up_char_buffer_string
                0x00014dbc                alt_up_char_buffer_clear
 .text          0x00014e18     0x156c ../vgatrial_bsp/\libhal_bsp.a(altera_up_avalon_video_pixel_buffer_dma.o)
                0x00014e18                alt_up_pixel_buffer_dma_open_dev
                0x00014e58                alt_up_pixel_buffer_dma_draw
                0x00014ff8                alt_up_pixel_buffer_dma_change_back_buffer_address
                0x00015050                alt_up_pixel_buffer_dma_swap_buffers
                0x000150a8                alt_up_pixel_buffer_dma_check_swap_buffers_status
                0x000150dc                alt_up_pixel_buffer_dma_clear_screen
                0x00015240                alt_up_pixel_buffer_dma_draw_box
                0x00015734                alt_up_pixel_buffer_dma_draw_hline
                0x00015a84                alt_up_pixel_buffer_dma_draw_vline
                0x00015e54                alt_up_pixel_buffer_dma_draw_rectangle
                0x00015f18                helper_plot_pixel
                0x00015fe8                alt_up_pixel_buffer_dma_draw_line
 .text          0x00016384      0x154 ../vgatrial_bsp/\libhal_bsp.a(alt_alarm_start.o)
                0x00016384                alt_alarm_start
 .text          0x000164d8       0x78 ../vgatrial_bsp/\libhal_bsp.a(alt_dcache_flush.o)
                0x000164d8                alt_dcache_flush
 .text          0x00016550      0x114 ../vgatrial_bsp/\libhal_bsp.a(alt_dev_llist_insert.o)
                0x00016550                alt_dev_llist_insert
 .text          0x00016664       0x64 ../vgatrial_bsp/\libhal_bsp.a(alt_do_ctors.o)
                0x00016664                _do_ctors
 .text          0x000166c8       0x64 ../vgatrial_bsp/\libhal_bsp.a(alt_do_dtors.o)
                0x000166c8                _do_dtors
 .text          0x0001672c       0x94 ../vgatrial_bsp/\libhal_bsp.a(alt_find_dev.o)
                0x0001672c                alt_find_dev
 .text          0x000167c0       0xd0 ../vgatrial_bsp/\libhal_bsp.a(alt_flash_dev.o)
                0x000167c0                alt_flash_open_dev
                0x0001683c                alt_flash_close_dev
 .text          0x00016890      0x13c ../vgatrial_bsp/\libhal_bsp.a(alt_io_redirect.o)
                0x00016954                alt_io_redirect
 .text          0x000169cc      0x2c4 ../vgatrial_bsp/\libhal_bsp.a(alt_open.o)
                0x00016aa8                open
 .text          0x00016c90      0x1a4 ../vgatrial_bsp/\libhal_bsp.a(alt_tick.o)
                0x00016c90                alt_alarm_stop
                0x00016d28                alt_tick
 .text          0x00016e34       0x30 ../vgatrial_bsp/\libhal_bsp.a(alt_usleep.o)
                0x00016e34                usleep
 .text          0x00016e64       0x20 ../vgatrial_bsp/\libhal_bsp.a(altera_nios2_qsys_irq.o)
                0x00016e64                altera_nios2_qsys_irq_init
 .text          0x00016e84      0x460 ../vgatrial_bsp/\libhal_bsp.a(altera_avalon_cfi_flash_amd.o)
                0x00016e84                alt_program_amd
                0x00016eec                alt_erase_block_amd
 .text          0x000172e4      0x460 ../vgatrial_bsp/\libhal_bsp.a(altera_avalon_cfi_flash_intel.o)
                0x000172e4                alt_program_intel
                0x00017368                alt_erase_block_intel
 .text          0x00017744      0x12c ../vgatrial_bsp/\libhal_bsp.a(alt_busy_sleep.o)
                0x00017744                alt_busy_sleep
 .text          0x00017870      0x120 ../vgatrial_bsp/\libhal_bsp.a(alt_find_file.o)
                0x00017870                alt_find_file
 .text          0x00017990       0xb8 ../vgatrial_bsp/\libhal_bsp.a(alt_get_fd.o)
                0x00017990                alt_get_fd
 .text          0x00017a48       0x14 c:/altera/13.0/nios2eds/bin/gnu/h-i686-mingw32/bin/../lib/gcc/nios2-elf/4.1.2/../../../../nios2-elf/lib\libc.a(lib_a-atexit.o)
                0x00017a48                atexit
 .text          0x00017a5c        0x0 c:/altera/13.0/nios2eds/bin/gnu/h-i686-mingw32/bin/../lib/gcc/nios2-elf/4.1.2/../../../../nios2-elf/lib\libc.a(lib_a-ctype_.o)
 .text          0x00017a5c       0x38 c:/altera/13.0/nios2eds/bin/gnu/h-i686-mingw32/bin/../lib/gcc/nios2-elf/4.1.2/../../../../nios2-elf/lib\libc.a(lib_a-exit.o)
                0x00017a5c                exit
 .text          0x00017a94      0x134 c:/altera/13.0/nios2eds/bin/gnu/h-i686-mingw32/bin/../lib/gcc/nios2-elf/4.1.2/../../../../nios2-elf/lib\libc.a(lib_a-__atexit.o)
                0x00017a94                __register_exitproc
 .text          0x00017bc8      0x1b4 c:/altera/13.0/nios2eds/bin/gnu/h-i686-mingw32/bin/../lib/gcc/nios2-elf/4.1.2/../../../../nios2-elf/lib\libc.a(lib_a-__call_atexit.o)
                0x00017bcc                __call_exitprocs
 .text          0x00017d7c       0x60 ../vgatrial_bsp/\libhal_bsp.a(alt_exit.o)
                0x00017dbc                _exit
 *(.gnu.warning.*)
 *(.fini)
                0x00017ddc                PROVIDE (__etext, ABSOLUTE (.))
                0x00017ddc                PROVIDE (_etext, ABSOLUTE (.))
                0x00017ddc                PROVIDE (etext, ABSOLUTE (.))
 *(.eh_frame_hdr)
                0x00017ddc                . = ALIGN (0x4)
                0x00017ddc                PROVIDE (__preinit_array_start, ABSOLUTE (.))
 *(.preinit_array)
                0x00017ddc                PROVIDE (__preinit_array_end, ABSOLUTE (.))
                0x00017ddc                PROVIDE (__init_array_start, ABSOLUTE (.))
 *(.init_array)
                0x00017ddc                PROVIDE (__init_array_end, ABSOLUTE (.))
                0x00017ddc                PROVIDE (__fini_array_start, ABSOLUTE (.))
 *(.fini_array)
                0x00017ddc                PROVIDE (__fini_array_end, ABSOLUTE (.))
 *(.eh_frame)
 *(.gcc_except_table)
 *(.dynamic)
                0x00017ddc                PROVIDE (__CTOR_LIST__, ABSOLUTE (.))
 *(.ctors)
 *(SORT(.ctors.*))
 .ctors.65535   0x00017ddc        0x4 c:/altera/13.0/nios2eds/bin/gnu/h-i686-mingw32/bin/../lib/gcc/nios2-elf/4.1.2/../../../../nios2-elf/lib\libc.a(lib_a-__call_atexit.o)
                0x00017de0                PROVIDE (__CTOR_END__, ABSOLUTE (.))
                0x00017de0                PROVIDE (__DTOR_LIST__, ABSOLUTE (.))
 *(.dtors)
 *(SORT(.dtors.*))
                0x00017de0                PROVIDE (__DTOR_END__, ABSOLUTE (.))
 *(.jcr)
                0x00017de0                . = ALIGN (0x4)

.rodata         0x08000000      0x7a0
                0x08000000                PROVIDE (__ram_rodata_start, ABSOLUTE (.))
                0x08000000                . = ALIGN (0x4)
 *(.rodata .rodata.* .gnu.linkonce.r.*)
 .rodata        0x08000000       0x34 obj/default/FreeRTOS/port.o
 .rodata        0x08000034       0x1c obj/default/FreeRTOS/tasks.o
 .rodata        0x08000050        0x8 obj/default/FreeRTOS/timers.o
 .rodata        0x08000058       0xcc obj/default/FreeRTOS_freq_plot.o
 .rodata        0x08000124       0x14 c:/altera/13.0/nios2eds/bin/gnu/h-i686-mingw32/bin/../lib/gcc/nios2-elf/4.1.2\libgcc.a(_thenan_df.o)
                0x08000124                __thenan_df
 .rodata        0x08000138      0x100 c:/altera/13.0/nios2eds/bin/gnu/h-i686-mingw32/bin/../lib/gcc/nios2-elf/4.1.2\libgcc.a(_clz.o)
                0x08000138                __clz_tab
 .rodata.str1.4
                0x08000238        0x2 c:/altera/13.0/nios2eds/bin/gnu/h-i686-mingw32/bin/../lib/gcc/nios2-elf/4.1.2/../../../../nios2-elf/lib\libc.a(lib_a-puts.o)
                                  0x4 (size before relaxing)
 *fill*         0x0800023a        0x2 00
 .rodata.str1.4
                0x0800023c       0x5e c:/altera/13.0/nios2eds/bin/gnu/h-i686-mingw32/bin/../lib/gcc/nios2-elf/4.1.2/../../../../nios2-elf/lib\libc.a(lib_a-vfprintf.o)
                                 0x60 (size before relaxing)
 *fill*         0x0800029a        0x2 00
 .rodata        0x0800029c       0x20 c:/altera/13.0/nios2eds/bin/gnu/h-i686-mingw32/bin/../lib/gcc/nios2-elf/4.1.2/../../../../nios2-elf/lib\libc.a(lib_a-vfprintf.o)
 .rodata.str1.4
                0x080002bc       0x10 c:/altera/13.0/nios2eds/bin/gnu/h-i686-mingw32/bin/../lib/gcc/nios2-elf/4.1.2/../../../../nios2-elf/lib\libc.a(lib_a-dtoa.o)
                                 0x14 (size before relaxing)
 .rodata.str1.4
                0x080002cc        0x2 c:/altera/13.0/nios2eds/bin/gnu/h-i686-mingw32/bin/../lib/gcc/nios2-elf/4.1.2/../../../../nios2-elf/lib\libc.a(lib_a-impure.o)
                                  0x4 (size before relaxing)
 *fill*         0x080002ce        0x2 00
 .rodata.str1.4
                0x080002d0       0x10 c:/altera/13.0/nios2eds/bin/gnu/h-i686-mingw32/bin/../lib/gcc/nios2-elf/4.1.2/../../../../nios2-elf/lib\libc.a(lib_a-locale.o)
                                 0x18 (size before relaxing)
 .rodata        0x080002e0       0x30 c:/altera/13.0/nios2eds/bin/gnu/h-i686-mingw32/bin/../lib/gcc/nios2-elf/4.1.2/../../../../nios2-elf/lib\libc.a(lib_a-locale.o)
 .rodata        0x08000310      0x124 c:/altera/13.0/nios2eds/bin/gnu/h-i686-mingw32/bin/../lib/gcc/nios2-elf/4.1.2/../../../../nios2-elf/lib\libc.a(lib_a-mprec.o)
                0x08000310                __mprec_tens
                0x080003d8                __mprec_bigtens
                0x08000400                __mprec_tinytens
 .rodata        0x08000434        0xc ../vgatrial_bsp/\libhal_bsp.a(alt_dev.o)
 .rodata        0x08000440       0x10 ../vgatrial_bsp/\libhal_bsp.a(alt_main.o)
 .rodata        0x08000450       0xb0 ../vgatrial_bsp/\libhal_bsp.a(alt_sys_init.o)
 .rodata        0x08000500       0x1c ../vgatrial_bsp/\libhal_bsp.a(altera_up_avalon_video_character_buffer_with_dma.o)
 .rodata        0x0800051c      0x284 c:/altera/13.0/nios2eds/bin/gnu/h-i686-mingw32/bin/../lib/gcc/nios2-elf/4.1.2/../../../../nios2-elf/lib\libc.a(lib_a-ctype_.o)
                0x0800051c                _ctype_
 *(.rodata1)
                0x080007a0                . = ALIGN (0x4)
                0x080007a0                PROVIDE (__ram_rodata_end, ABSOLUTE (.))
                0x08000000                PROVIDE (__flash_rodata_start, LOADADDR (.rodata))

.rwdata         0x080007a0     0x1e0c
                0x080007a0                PROVIDE (__ram_rwdata_start, ABSOLUTE (.))
                0x080007a0                . = ALIGN (0x4)
 *(.got.plt)
 *(.got)
 *(.data1)
 *(.data .data.* .gnu.linkonce.d.*)
 .data          0x080007a0        0x0 ../vgatrial_bsp//obj/HAL/src/crt0.o
 .data          0x080007a0        0x0 obj/default/FreeRTOS/croutine.o
 .data          0x080007a0        0x0 obj/default/FreeRTOS/event_groups.o
 .data          0x080007a0        0x0 obj/default/FreeRTOS/heap.o
 .data          0x080007a0        0x0 obj/default/FreeRTOS/list.o
 .data          0x080007a0        0x0 obj/default/FreeRTOS/port.o
 .data          0x080007a0        0x0 obj/default/FreeRTOS/queue.o
 .data          0x080007a0        0x0 obj/default/FreeRTOS/tasks.o
 .data          0x080007a0        0x0 obj/default/FreeRTOS/timers.o
 .data          0x080007a0        0x0 obj/default/FreeRTOS_freq_plot.o
 .data          0x080007a0        0x0 obj/default/FreeRTOS/port_asm.o
 .data          0x080007a0        0x0 c:/altera/13.0/nios2eds/bin/gnu/h-i686-mingw32/bin/../lib/gcc/nios2-elf/4.1.2\libgcc.a(_addsub_df.o)
 .data          0x080007a0        0x0 c:/altera/13.0/nios2eds/bin/gnu/h-i686-mingw32/bin/../lib/gcc/nios2-elf/4.1.2\libgcc.a(_mul_df.o)
 .data          0x080007a0        0x0 c:/altera/13.0/nios2eds/bin/gnu/h-i686-mingw32/bin/../lib/gcc/nios2-elf/4.1.2\libgcc.a(_div_df.o)
 .data          0x080007a0        0x0 c:/altera/13.0/nios2eds/bin/gnu/h-i686-mingw32/bin/../lib/gcc/nios2-elf/4.1.2\libgcc.a(_gt_df.o)
 .data          0x080007a0        0x0 c:/altera/13.0/nios2eds/bin/gnu/h-i686-mingw32/bin/../lib/gcc/nios2-elf/4.1.2\libgcc.a(_si_to_df.o)
 .data          0x080007a0        0x0 c:/altera/13.0/nios2eds/bin/gnu/h-i686-mingw32/bin/../lib/gcc/nios2-elf/4.1.2\libgcc.a(_df_to_si.o)
 .data          0x080007a0        0x0 c:/altera/13.0/nios2eds/bin/gnu/h-i686-mingw32/bin/../lib/gcc/nios2-elf/4.1.2\libgcc.a(_thenan_df.o)
 .data          0x080007a0        0x0 c:/altera/13.0/nios2eds/bin/gnu/h-i686-mingw32/bin/../lib/gcc/nios2-elf/4.1.2\libgcc.a(_muldi3.o)
 .data          0x080007a0        0x0 c:/altera/13.0/nios2eds/bin/gnu/h-i686-mingw32/bin/../lib/gcc/nios2-elf/4.1.2\libgcc.a(_clzsi2.o)
 .data          0x080007a0        0x0 c:/altera/13.0/nios2eds/bin/gnu/h-i686-mingw32/bin/../lib/gcc/nios2-elf/4.1.2\libgcc.a(_pack_df.o)
 .data          0x080007a0        0x0 c:/altera/13.0/nios2eds/bin/gnu/h-i686-mingw32/bin/../lib/gcc/nios2-elf/4.1.2\libgcc.a(_unpack_df.o)
 .data          0x080007a0        0x0 c:/altera/13.0/nios2eds/bin/gnu/h-i686-mingw32/bin/../lib/gcc/nios2-elf/4.1.2\libgcc.a(_fpcmp_parts_df.o)
 .data          0x080007a0        0x0 c:/altera/13.0/nios2eds/bin/gnu/h-i686-mingw32/bin/../lib/gcc/nios2-elf/4.1.2\libgcc.a(_clz.o)
 .data          0x080007a0        0x0 c:/altera/13.0/nios2eds/bin/gnu/h-i686-mingw32/bin/../lib/gcc/nios2-elf/4.1.2/../../../../nios2-elf/lib\libc.a(lib_a-memcmp.o)
 .data          0x080007a0        0x0 c:/altera/13.0/nios2eds/bin/gnu/h-i686-mingw32/bin/../lib/gcc/nios2-elf/4.1.2/../../../../nios2-elf/lib\libc.a(lib_a-memcpy.o)
 .data          0x080007a0        0x0 c:/altera/13.0/nios2eds/bin/gnu/h-i686-mingw32/bin/../lib/gcc/nios2-elf/4.1.2/../../../../nios2-elf/lib\libc.a(lib_a-memset.o)
 .data          0x080007a0        0x0 c:/altera/13.0/nios2eds/bin/gnu/h-i686-mingw32/bin/../lib/gcc/nios2-elf/4.1.2/../../../../nios2-elf/lib\libc.a(lib_a-printf.o)
 .data          0x080007a0        0x0 c:/altera/13.0/nios2eds/bin/gnu/h-i686-mingw32/bin/../lib/gcc/nios2-elf/4.1.2/../../../../nios2-elf/lib\libc.a(lib_a-puts.o)
 .data          0x080007a0        0x0 c:/altera/13.0/nios2eds/bin/gnu/h-i686-mingw32/bin/../lib/gcc/nios2-elf/4.1.2/../../../../nios2-elf/lib\libc.a(lib_a-strlen.o)
 .data          0x080007a0        0x0 c:/altera/13.0/nios2eds/bin/gnu/h-i686-mingw32/bin/../lib/gcc/nios2-elf/4.1.2/../../../../nios2-elf/lib\libc.a(lib_a-vfprintf.o)
 .data          0x080007a0        0x0 c:/altera/13.0/nios2eds/bin/gnu/h-i686-mingw32/bin/../lib/gcc/nios2-elf/4.1.2/../../../../nios2-elf/lib\libc.a(lib_a-wsetup.o)
 .data          0x080007a0        0x0 c:/altera/13.0/nios2eds/bin/gnu/h-i686-mingw32/bin/../lib/gcc/nios2-elf/4.1.2/../../../../nios2-elf/lib\libc.a(lib_a-dtoa.o)
 .data          0x080007a0        0x0 c:/altera/13.0/nios2eds/bin/gnu/h-i686-mingw32/bin/../lib/gcc/nios2-elf/4.1.2/../../../../nios2-elf/lib\libc.a(lib_a-fflush.o)
 .data          0x080007a0        0x0 c:/altera/13.0/nios2eds/bin/gnu/h-i686-mingw32/bin/../lib/gcc/nios2-elf/4.1.2/../../../../nios2-elf/lib\libc.a(lib_a-findfp.o)
 .data          0x080007a0        0x0 c:/altera/13.0/nios2eds/bin/gnu/h-i686-mingw32/bin/../lib/gcc/nios2-elf/4.1.2/../../../../nios2-elf/lib\libc.a(lib_a-freer.o)
 .data          0x080007a0        0x0 c:/altera/13.0/nios2eds/bin/gnu/h-i686-mingw32/bin/../lib/gcc/nios2-elf/4.1.2/../../../../nios2-elf/lib\libc.a(lib_a-fvwrite.o)
 .data          0x080007a0        0x0 c:/altera/13.0/nios2eds/bin/gnu/h-i686-mingw32/bin/../lib/gcc/nios2-elf/4.1.2/../../../../nios2-elf/lib\libc.a(lib_a-fwalk.o)
 .data          0x080007a0      0x400 c:/altera/13.0/nios2eds/bin/gnu/h-i686-mingw32/bin/../lib/gcc/nios2-elf/4.1.2/../../../../nios2-elf/lib\libc.a(lib_a-impure.o)
 .data          0x08000ba0        0xc c:/altera/13.0/nios2eds/bin/gnu/h-i686-mingw32/bin/../lib/gcc/nios2-elf/4.1.2/../../../../nios2-elf/lib\libc.a(lib_a-locale.o)
                0x08000ba0                __lc_ctype
 .data          0x08000bac        0x0 c:/altera/13.0/nios2eds/bin/gnu/h-i686-mingw32/bin/../lib/gcc/nios2-elf/4.1.2/../../../../nios2-elf/lib\libc.a(lib_a-makebuf.o)
 .data          0x08000bac      0x408 c:/altera/13.0/nios2eds/bin/gnu/h-i686-mingw32/bin/../lib/gcc/nios2-elf/4.1.2/../../../../nios2-elf/lib\libc.a(lib_a-mallocr.o)
                0x08000bac                __malloc_av_
 .data          0x08000fb4        0x0 c:/altera/13.0/nios2eds/bin/gnu/h-i686-mingw32/bin/../lib/gcc/nios2-elf/4.1.2/../../../../nios2-elf/lib\libc.a(lib_a-memchr.o)
 .data          0x08000fb4        0x0 c:/altera/13.0/nios2eds/bin/gnu/h-i686-mingw32/bin/../lib/gcc/nios2-elf/4.1.2/../../../../nios2-elf/lib\libc.a(lib_a-memmove.o)
 .data          0x08000fb4        0x0 c:/altera/13.0/nios2eds/bin/gnu/h-i686-mingw32/bin/../lib/gcc/nios2-elf/4.1.2/../../../../nios2-elf/lib\libc.a(lib_a-mprec.o)
 .data          0x08000fb4        0x0 c:/altera/13.0/nios2eds/bin/gnu/h-i686-mingw32/bin/../lib/gcc/nios2-elf/4.1.2/../../../../nios2-elf/lib\libc.a(lib_a-reallocr.o)
 .data          0x08000fb4        0x0 c:/altera/13.0/nios2eds/bin/gnu/h-i686-mingw32/bin/../lib/gcc/nios2-elf/4.1.2/../../../../nios2-elf/lib\libc.a(lib_a-s_isinfd.o)
 .data          0x08000fb4        0x0 c:/altera/13.0/nios2eds/bin/gnu/h-i686-mingw32/bin/../lib/gcc/nios2-elf/4.1.2/../../../../nios2-elf/lib\libc.a(lib_a-s_isnand.o)
 .data          0x08000fb4        0x0 c:/altera/13.0/nios2eds/bin/gnu/h-i686-mingw32/bin/../lib/gcc/nios2-elf/4.1.2/../../../../nios2-elf/lib\libc.a(lib_a-sbrkr.o)
 .data          0x08000fb4        0x0 c:/altera/13.0/nios2eds/bin/gnu/h-i686-mingw32/bin/../lib/gcc/nios2-elf/4.1.2/../../../../nios2-elf/lib\libc.a(lib_a-stdio.o)
 .data          0x08000fb4        0x0 c:/altera/13.0/nios2eds/bin/gnu/h-i686-mingw32/bin/../lib/gcc/nios2-elf/4.1.2/../../../../nios2-elf/lib\libc.a(lib_a-strcmp.o)
 .data          0x08000fb4        0x0 c:/altera/13.0/nios2eds/bin/gnu/h-i686-mingw32/bin/../lib/gcc/nios2-elf/4.1.2/../../../../nios2-elf/lib\libc.a(lib_a-writer.o)
 .data          0x08000fb4        0x0 c:/altera/13.0/nios2eds/bin/gnu/h-i686-mingw32/bin/../lib/gcc/nios2-elf/4.1.2/../../../../nios2-elf/lib\libc.a(lib_a-callocr.o)
 .data          0x08000fb4        0x0 c:/altera/13.0/nios2eds/bin/gnu/h-i686-mingw32/bin/../lib/gcc/nios2-elf/4.1.2/../../../../nios2-elf/lib\libc.a(lib_a-closer.o)
 .data          0x08000fb4        0x0 c:/altera/13.0/nios2eds/bin/gnu/h-i686-mingw32/bin/../lib/gcc/nios2-elf/4.1.2/../../../../nios2-elf/lib\libc.a(lib_a-fclose.o)
 .data          0x08000fb4        0x0 c:/altera/13.0/nios2eds/bin/gnu/h-i686-mingw32/bin/../lib/gcc/nios2-elf/4.1.2/../../../../nios2-elf/lib\libc.a(lib_a-fstatr.o)
 .data          0x08000fb4        0x0 c:/altera/13.0/nios2eds/bin/gnu/h-i686-mingw32/bin/../lib/gcc/nios2-elf/4.1.2/../../../../nios2-elf/lib\libc.a(lib_a-int_errno.o)
 .data          0x08000fb4        0x0 c:/altera/13.0/nios2eds/bin/gnu/h-i686-mingw32/bin/../lib/gcc/nios2-elf/4.1.2/../../../../nios2-elf/lib\libc.a(lib_a-isattyr.o)
 .data          0x08000fb4        0x0 c:/altera/13.0/nios2eds/bin/gnu/h-i686-mingw32/bin/../lib/gcc/nios2-elf/4.1.2/../../../../nios2-elf/lib\libc.a(lib_a-lseekr.o)
 .data          0x08000fb4        0x0 c:/altera/13.0/nios2eds/bin/gnu/h-i686-mingw32/bin/../lib/gcc/nios2-elf/4.1.2/../../../../nios2-elf/lib\libc.a(lib_a-readr.o)
 .data          0x08000fb4        0x0 c:/altera/13.0/nios2eds/bin/gnu/h-i686-mingw32/bin/../lib/gcc/nios2-elf/4.1.2\libgcc.a(_udivdi3.o)
 .data          0x08000fb4        0x0 c:/altera/13.0/nios2eds/bin/gnu/h-i686-mingw32/bin/../lib/gcc/nios2-elf/4.1.2\libgcc.a(_umoddi3.o)
 .data          0x08000fb4        0x0 c:/altera/13.0/nios2eds/bin/gnu/h-i686-mingw32/bin/../lib/gcc/nios2-elf/4.1.2\libgcc.a(_eq_df.o)
 .data          0x08000fb4        0x0 c:/altera/13.0/nios2eds/bin/gnu/h-i686-mingw32/bin/../lib/gcc/nios2-elf/4.1.2\libgcc.a(_ne_df.o)
 .data          0x08000fb4        0x0 c:/altera/13.0/nios2eds/bin/gnu/h-i686-mingw32/bin/../lib/gcc/nios2-elf/4.1.2\libgcc.a(_ge_df.o)
 .data          0x08000fb4        0x0 c:/altera/13.0/nios2eds/bin/gnu/h-i686-mingw32/bin/../lib/gcc/nios2-elf/4.1.2\libgcc.a(_lt_df.o)
 .data          0x08000fb4        0x0 c:/altera/13.0/nios2eds/bin/gnu/h-i686-mingw32/bin/../lib/gcc/nios2-elf/4.1.2\libgcc.a(_usi_to_df.o)
 .data          0x08000fb4        0x0 c:/altera/13.0/nios2eds/bin/gnu/h-i686-mingw32/bin/../lib/gcc/nios2-elf/4.1.2\libgcc.a(lib2-divmod.o)
 .data          0x08000fb4        0x0 ../vgatrial_bsp/\libhal_bsp.a(alt_close.o)
 .data          0x08000fb4      0x1a8 ../vgatrial_bsp/\libhal_bsp.a(alt_dev.o)
                0x08000fb4                alt_dev_null
                0x08000fdc                alt_fd_list
 .data          0x0800115c        0x0 ../vgatrial_bsp/\libhal_bsp.a(alt_errno.o)
 .data          0x0800115c        0x0 ../vgatrial_bsp/\libhal_bsp.a(alt_fstat.o)
 .data          0x0800115c        0x0 ../vgatrial_bsp/\libhal_bsp.a(alt_irq_handler.o)
 .data          0x0800115c        0x0 ../vgatrial_bsp/\libhal_bsp.a(alt_irq_vars.o)
 .data          0x0800115c        0x0 ../vgatrial_bsp/\libhal_bsp.a(alt_isatty.o)
 .data          0x0800115c        0x0 ../vgatrial_bsp/\libhal_bsp.a(alt_lseek.o)
 .data          0x0800115c        0x0 ../vgatrial_bsp/\libhal_bsp.a(alt_main.o)
 .data          0x0800115c        0x0 ../vgatrial_bsp/\libhal_bsp.a(alt_malloc_lock.o)
 .data          0x0800115c        0x0 ../vgatrial_bsp/\libhal_bsp.a(alt_read.o)
 .data          0x0800115c        0x0 ../vgatrial_bsp/\libhal_bsp.a(alt_release_fd.o)
 .data          0x0800115c        0x0 ../vgatrial_bsp/\libhal_bsp.a(alt_sbrk.o)
 .data          0x0800115c        0x0 ../vgatrial_bsp/\libhal_bsp.a(alt_write.o)
 .data          0x0800115c     0x13f0 ../vgatrial_bsp/\libhal_bsp.a(alt_sys_init.o)
 .data          0x0800254c        0x0 ../vgatrial_bsp/\libhal_bsp.a(altera_avalon_cfi_flash.o)
 .data          0x0800254c        0x0 ../vgatrial_bsp/\libhal_bsp.a(altera_avalon_cfi_flash_table.o)
 .data          0x0800254c        0x0 ../vgatrial_bsp/\libhal_bsp.a(altera_avalon_jtag_uart_fd.o)
 .data          0x0800254c        0x0 ../vgatrial_bsp/\libhal_bsp.a(altera_avalon_jtag_uart_init.o)
 .data          0x0800254c        0x0 ../vgatrial_bsp/\libhal_bsp.a(altera_avalon_jtag_uart_ioctl.o)
 .data          0x0800254c        0x0 ../vgatrial_bsp/\libhal_bsp.a(altera_avalon_jtag_uart_read.o)
 .data          0x0800254c        0x0 ../vgatrial_bsp/\libhal_bsp.a(altera_avalon_jtag_uart_write.o)
 .data          0x0800254c        0x0 ../vgatrial_bsp/\libhal_bsp.a(altera_avalon_lcd_16207.o)
 .data          0x0800254c        0x0 ../vgatrial_bsp/\libhal_bsp.a(altera_avalon_lcd_16207_fd.o)
 .data          0x0800254c        0x0 ../vgatrial_bsp/\libhal_bsp.a(altera_avalon_timer_sc.o)
 .data          0x0800254c        0x0 ../vgatrial_bsp/\libhal_bsp.a(altera_avalon_uart_fd.o)
 .data          0x0800254c        0x0 ../vgatrial_bsp/\libhal_bsp.a(altera_avalon_uart_init.o)
 .data          0x0800254c        0x0 ../vgatrial_bsp/\libhal_bsp.a(altera_avalon_uart_read.o)
 .data          0x0800254c        0x0 ../vgatrial_bsp/\libhal_bsp.a(altera_avalon_uart_write.o)
 .data          0x0800254c        0x0 ../vgatrial_bsp/\libhal_bsp.a(altera_up_avalon_ps2.o)
 .data          0x0800254c        0x0 ../vgatrial_bsp/\libhal_bsp.a(altera_up_avalon_video_character_buffer_with_dma.o)
 .data          0x0800254c        0x0 ../vgatrial_bsp/\libhal_bsp.a(altera_up_avalon_video_pixel_buffer_dma.o)
 .data          0x0800254c        0x0 ../vgatrial_bsp/\libhal_bsp.a(alt_alarm_start.o)
 .data          0x0800254c        0x0 ../vgatrial_bsp/\libhal_bsp.a(alt_dcache_flush.o)
 .data          0x0800254c        0x0 ../vgatrial_bsp/\libhal_bsp.a(alt_dev_llist_insert.o)
 .data          0x0800254c        0x0 ../vgatrial_bsp/\libhal_bsp.a(alt_do_ctors.o)
 .data          0x0800254c        0x0 ../vgatrial_bsp/\libhal_bsp.a(alt_do_dtors.o)
 .data          0x0800254c        0x0 ../vgatrial_bsp/\libhal_bsp.a(alt_find_dev.o)
 .data          0x0800254c        0x0 ../vgatrial_bsp/\libhal_bsp.a(alt_flash_dev.o)
 .data          0x0800254c        0x0 ../vgatrial_bsp/\libhal_bsp.a(alt_io_redirect.o)
 .data          0x0800254c        0x0 ../vgatrial_bsp/\libhal_bsp.a(alt_open.o)
 .data          0x0800254c        0x0 ../vgatrial_bsp/\libhal_bsp.a(alt_tick.o)
 .data          0x0800254c        0x0 ../vgatrial_bsp/\libhal_bsp.a(alt_usleep.o)
 .data          0x0800254c        0x0 ../vgatrial_bsp/\libhal_bsp.a(altera_nios2_qsys_irq.o)
 .data          0x0800254c        0x0 ../vgatrial_bsp/\libhal_bsp.a(altera_avalon_cfi_flash_amd.o)
 .data          0x0800254c        0x0 ../vgatrial_bsp/\libhal_bsp.a(altera_avalon_cfi_flash_intel.o)
 .data          0x0800254c        0x0 ../vgatrial_bsp/\libhal_bsp.a(alt_busy_sleep.o)
 .data          0x0800254c        0x0 ../vgatrial_bsp/\libhal_bsp.a(alt_find_file.o)
 .data          0x0800254c        0x0 ../vgatrial_bsp/\libhal_bsp.a(alt_get_fd.o)
 .data          0x0800254c        0x0 c:/altera/13.0/nios2eds/bin/gnu/h-i686-mingw32/bin/../lib/gcc/nios2-elf/4.1.2/../../../../nios2-elf/lib\libc.a(lib_a-atexit.o)
 .data          0x0800254c        0x0 c:/altera/13.0/nios2eds/bin/gnu/h-i686-mingw32/bin/../lib/gcc/nios2-elf/4.1.2/../../../../nios2-elf/lib\libc.a(lib_a-ctype_.o)
 .data          0x0800254c        0x0 c:/altera/13.0/nios2eds/bin/gnu/h-i686-mingw32/bin/../lib/gcc/nios2-elf/4.1.2/../../../../nios2-elf/lib\libc.a(lib_a-exit.o)
 .data          0x0800254c        0x0 c:/altera/13.0/nios2eds/bin/gnu/h-i686-mingw32/bin/../lib/gcc/nios2-elf/4.1.2/../../../../nios2-elf/lib\libc.a(lib_a-__atexit.o)
 .data          0x0800254c        0x0 c:/altera/13.0/nios2eds/bin/gnu/h-i686-mingw32/bin/../lib/gcc/nios2-elf/4.1.2/../../../../nios2-elf/lib\libc.a(lib_a-__call_atexit.o)
 .data          0x0800254c        0x0 ../vgatrial_bsp/\libhal_bsp.a(alt_exit.o)
                0x0800a54c                _gp = ABSOLUTE ((. + 0x8000))
                0x0800a54c                PROVIDE (gp, _gp)
 *(.rwdata .rwdata.*)
 *(.sdata .sdata.* .gnu.linkonce.s.*)
 .sdata         0x0800254c        0xc obj/default/FreeRTOS/heap.o
 .sdata         0x08002558        0x4 obj/default/FreeRTOS/tasks.o
 .sdata         0x0800255c        0x8 c:/altera/13.0/nios2eds/bin/gnu/h-i686-mingw32/bin/../lib/gcc/nios2-elf/4.1.2/../../../../nios2-elf/lib\libc.a(lib_a-impure.o)
                0x0800255c                _impure_ptr
                0x08002560                _global_impure_ptr
 .sdata         0x08002564        0x8 c:/altera/13.0/nios2eds/bin/gnu/h-i686-mingw32/bin/../lib/gcc/nios2-elf/4.1.2/../../../../nios2-elf/lib\libc.a(lib_a-locale.o)
                0x08002564                __mb_cur_max
 .sdata         0x0800256c        0x8 c:/altera/13.0/nios2eds/bin/gnu/h-i686-mingw32/bin/../lib/gcc/nios2-elf/4.1.2/../../../../nios2-elf/lib\libc.a(lib_a-mallocr.o)
                0x0800256c                __malloc_trim_threshold
                0x08002570                __malloc_sbrk_base
 .sdata         0x08002574       0x14 ../vgatrial_bsp/\libhal_bsp.a(alt_dev.o)
                0x08002574                alt_fs_list
                0x0800257c                alt_dev_list
                0x08002584                alt_max_fd
 .sdata         0x08002588        0x4 ../vgatrial_bsp/\libhal_bsp.a(alt_errno.o)
                0x08002588                alt_errno
 .sdata         0x0800258c        0x4 ../vgatrial_bsp/\libhal_bsp.a(alt_irq_vars.o)
                0x0800258c                alt_priority_mask
 .sdata         0x08002590        0x4 ../vgatrial_bsp/\libhal_bsp.a(alt_sbrk.o)
 .sdata         0x08002594        0x4 ../vgatrial_bsp/\libhal_bsp.a(altera_avalon_lcd_16207.o)
 .sdata         0x08002598        0x8 ../vgatrial_bsp/\libhal_bsp.a(alt_flash_dev.o)
                0x08002598                alt_flash_dev_list
 .sdata         0x080025a0        0x8 ../vgatrial_bsp/\libhal_bsp.a(alt_tick.o)
                0x080025a0                alt_alarm_list
 .sdata         0x080025a8        0x4 c:/altera/13.0/nios2eds/bin/gnu/h-i686-mingw32/bin/../lib/gcc/nios2-elf/4.1.2/../../../../nios2-elf/lib\libc.a(lib_a-ctype_.o)
                0x080025a8                __ctype_ptr
 *(.sdata2 .sdata2.* .gnu.linkonce.s2.*)
                0x080025ac                . = ALIGN (0x4)
                0x080025ac                _edata = ABSOLUTE (.)
                0x080025ac                PROVIDE (edata, ABSOLUTE (.))
                0x080025ac                PROVIDE (__ram_rwdata_end, ABSOLUTE (.))
                0x080007a0                PROVIDE (__flash_rwdata_start, LOADADDR (.rwdata))

.bss            0x080025ac    0x7d52c
                0x080025ac                __bss_start = ABSOLUTE (.)
                0x080025ac                PROVIDE (__sbss_start, ABSOLUTE (.))
                0x080025ac                PROVIDE (___sbss_start, ABSOLUTE (.))
 *(.dynsbss)
 *(.sbss .sbss.* .gnu.linkonce.sb.*)
 .sbss          0x080025ac       0x1c obj/default/FreeRTOS/croutine.o
                0x080025ac                pxCurrentCoRoutine
 .sbss          0x080025c8        0xc obj/default/FreeRTOS/heap.o
 .sbss          0x080025d4       0x34 obj/default/FreeRTOS/tasks.o
                0x080025d4                pxCurrentTCB
 .sbss          0x08002608       0x10 obj/default/FreeRTOS/timers.o
 .sbss          0x08002618        0x4 obj/default/FreeRTOS_freq_plot.o
 .sbss          0x0800261c        0x4 obj/default/FreeRTOS_freq_plot.o
                0x0800261c                PRVGADraw
 .sbss          0x08002620        0xc c:/altera/13.0/nios2eds/bin/gnu/h-i686-mingw32/bin/../lib/gcc/nios2-elf/4.1.2/../../../../nios2-elf/lib\libc.a(lib_a-locale.o)
                0x08002620                __nlocale_changed
                0x08002624                __mlocale_changed
                0x08002628                _PathLocale
 .sbss          0x0800262c        0xc c:/altera/13.0/nios2eds/bin/gnu/h-i686-mingw32/bin/../lib/gcc/nios2-elf/4.1.2/../../../../nios2-elf/lib\libc.a(lib_a-mallocr.o)
                0x0800262c                __malloc_top_pad
                0x08002630                __malloc_max_sbrked_mem
                0x08002634                __malloc_max_total_mem
 .sbss          0x08002638        0x4 c:/altera/13.0/nios2eds/bin/gnu/h-i686-mingw32/bin/../lib/gcc/nios2-elf/4.1.2/../../../../nios2-elf/lib\libc.a(lib_a-int_errno.o)
                0x08002638                errno
 .sbss          0x0800263c        0x4 ../vgatrial_bsp/\libhal_bsp.a(alt_irq_vars.o)
                0x0800263c                alt_irq_active
 .sbss          0x08002640        0xc ../vgatrial_bsp/\libhal_bsp.a(alt_main.o)
                0x08002640                alt_argc
                0x08002644                alt_argv
                0x08002648                alt_envp
 .sbss          0x0800264c        0x8 ../vgatrial_bsp/\libhal_bsp.a(alt_tick.o)
                0x0800264c                _alt_tick_rate
                0x08002650                _alt_nticks
 *(.sbss2 .sbss2.* .gnu.linkonce.sb2.*)
 *(.scommon)
                0x08002654                PROVIDE (__sbss_end, ABSOLUTE (.))
                0x08002654                PROVIDE (___sbss_end, ABSOLUTE (.))
 *(.dynbss)
 *(.bss .bss.* .gnu.linkonce.b.*)
 .bss           0x08002654        0x0 ../vgatrial_bsp//obj/HAL/src/crt0.o
 .bss           0x08002654       0x64 obj/default/FreeRTOS/croutine.o
 .bss           0x080026b8        0x0 obj/default/FreeRTOS/event_groups.o
 .bss           0x080026b8    0x7d000 obj/default/FreeRTOS/heap.o
 .bss           0x0807f6b8        0x0 obj/default/FreeRTOS/list.o
 .bss           0x0807f6b8        0x0 obj/default/FreeRTOS/port.o
 .bss           0x0807f6b8        0x0 obj/default/FreeRTOS/queue.o
 .bss           0x0807f6b8      0x140 obj/default/FreeRTOS/tasks.o
 .bss           0x0807f7f8       0x28 obj/default/FreeRTOS/timers.o
 .bss           0x0807f820        0x0 obj/default/FreeRTOS_freq_plot.o
 .bss           0x0807f820        0x0 obj/default/FreeRTOS/port_asm.o
 .bss           0x0807f820        0x0 c:/altera/13.0/nios2eds/bin/gnu/h-i686-mingw32/bin/../lib/gcc/nios2-elf/4.1.2\libgcc.a(_addsub_df.o)
 .bss           0x0807f820        0x0 c:/altera/13.0/nios2eds/bin/gnu/h-i686-mingw32/bin/../lib/gcc/nios2-elf/4.1.2\libgcc.a(_mul_df.o)
 .bss           0x0807f820        0x0 c:/altera/13.0/nios2eds/bin/gnu/h-i686-mingw32/bin/../lib/gcc/nios2-elf/4.1.2\libgcc.a(_div_df.o)
 .bss           0x0807f820        0x0 c:/altera/13.0/nios2eds/bin/gnu/h-i686-mingw32/bin/../lib/gcc/nios2-elf/4.1.2\libgcc.a(_gt_df.o)
 .bss           0x0807f820        0x0 c:/altera/13.0/nios2eds/bin/gnu/h-i686-mingw32/bin/../lib/gcc/nios2-elf/4.1.2\libgcc.a(_si_to_df.o)
 .bss           0x0807f820        0x0 c:/altera/13.0/nios2eds/bin/gnu/h-i686-mingw32/bin/../lib/gcc/nios2-elf/4.1.2\libgcc.a(_df_to_si.o)
 .bss           0x0807f820        0x0 c:/altera/13.0/nios2eds/bin/gnu/h-i686-mingw32/bin/../lib/gcc/nios2-elf/4.1.2\libgcc.a(_thenan_df.o)
 .bss           0x0807f820        0x0 c:/altera/13.0/nios2eds/bin/gnu/h-i686-mingw32/bin/../lib/gcc/nios2-elf/4.1.2\libgcc.a(_muldi3.o)
 .bss           0x0807f820        0x0 c:/altera/13.0/nios2eds/bin/gnu/h-i686-mingw32/bin/../lib/gcc/nios2-elf/4.1.2\libgcc.a(_clzsi2.o)
 .bss           0x0807f820        0x0 c:/altera/13.0/nios2eds/bin/gnu/h-i686-mingw32/bin/../lib/gcc/nios2-elf/4.1.2\libgcc.a(_pack_df.o)
 .bss           0x0807f820        0x0 c:/altera/13.0/nios2eds/bin/gnu/h-i686-mingw32/bin/../lib/gcc/nios2-elf/4.1.2\libgcc.a(_unpack_df.o)
 .bss           0x0807f820        0x0 c:/altera/13.0/nios2eds/bin/gnu/h-i686-mingw32/bin/../lib/gcc/nios2-elf/4.1.2\libgcc.a(_fpcmp_parts_df.o)
 .bss           0x0807f820        0x0 c:/altera/13.0/nios2eds/bin/gnu/h-i686-mingw32/bin/../lib/gcc/nios2-elf/4.1.2\libgcc.a(_clz.o)
 .bss           0x0807f820        0x0 c:/altera/13.0/nios2eds/bin/gnu/h-i686-mingw32/bin/../lib/gcc/nios2-elf/4.1.2/../../../../nios2-elf/lib\libc.a(lib_a-memcmp.o)
 .bss           0x0807f820        0x0 c:/altera/13.0/nios2eds/bin/gnu/h-i686-mingw32/bin/../lib/gcc/nios2-elf/4.1.2/../../../../nios2-elf/lib\libc.a(lib_a-memcpy.o)
 .bss           0x0807f820        0x0 c:/altera/13.0/nios2eds/bin/gnu/h-i686-mingw32/bin/../lib/gcc/nios2-elf/4.1.2/../../../../nios2-elf/lib\libc.a(lib_a-memset.o)
 .bss           0x0807f820        0x0 c:/altera/13.0/nios2eds/bin/gnu/h-i686-mingw32/bin/../lib/gcc/nios2-elf/4.1.2/../../../../nios2-elf/lib\libc.a(lib_a-printf.o)
 .bss           0x0807f820        0x0 c:/altera/13.0/nios2eds/bin/gnu/h-i686-mingw32/bin/../lib/gcc/nios2-elf/4.1.2/../../../../nios2-elf/lib\libc.a(lib_a-puts.o)
 .bss           0x0807f820        0x0 c:/altera/13.0/nios2eds/bin/gnu/h-i686-mingw32/bin/../lib/gcc/nios2-elf/4.1.2/../../../../nios2-elf/lib\libc.a(lib_a-strlen.o)
 .bss           0x0807f820        0x0 c:/altera/13.0/nios2eds/bin/gnu/h-i686-mingw32/bin/../lib/gcc/nios2-elf/4.1.2/../../../../nios2-elf/lib\libc.a(lib_a-vfprintf.o)
 .bss           0x0807f820        0x0 c:/altera/13.0/nios2eds/bin/gnu/h-i686-mingw32/bin/../lib/gcc/nios2-elf/4.1.2/../../../../nios2-elf/lib\libc.a(lib_a-wsetup.o)
 .bss           0x0807f820        0x0 c:/altera/13.0/nios2eds/bin/gnu/h-i686-mingw32/bin/../lib/gcc/nios2-elf/4.1.2/../../../../nios2-elf/lib\libc.a(lib_a-dtoa.o)
 .bss           0x0807f820        0x0 c:/altera/13.0/nios2eds/bin/gnu/h-i686-mingw32/bin/../lib/gcc/nios2-elf/4.1.2/../../../../nios2-elf/lib\libc.a(lib_a-fflush.o)
 .bss           0x0807f820        0x0 c:/altera/13.0/nios2eds/bin/gnu/h-i686-mingw32/bin/../lib/gcc/nios2-elf/4.1.2/../../../../nios2-elf/lib\libc.a(lib_a-findfp.o)
 .bss           0x0807f820        0x0 c:/altera/13.0/nios2eds/bin/gnu/h-i686-mingw32/bin/../lib/gcc/nios2-elf/4.1.2/../../../../nios2-elf/lib\libc.a(lib_a-freer.o)
 .bss           0x0807f820        0x0 c:/altera/13.0/nios2eds/bin/gnu/h-i686-mingw32/bin/../lib/gcc/nios2-elf/4.1.2/../../../../nios2-elf/lib\libc.a(lib_a-fvwrite.o)
 .bss           0x0807f820        0x0 c:/altera/13.0/nios2eds/bin/gnu/h-i686-mingw32/bin/../lib/gcc/nios2-elf/4.1.2/../../../../nios2-elf/lib\libc.a(lib_a-fwalk.o)
 .bss           0x0807f820        0x0 c:/altera/13.0/nios2eds/bin/gnu/h-i686-mingw32/bin/../lib/gcc/nios2-elf/4.1.2/../../../../nios2-elf/lib\libc.a(lib_a-impure.o)
 .bss           0x0807f820        0x0 c:/altera/13.0/nios2eds/bin/gnu/h-i686-mingw32/bin/../lib/gcc/nios2-elf/4.1.2/../../../../nios2-elf/lib\libc.a(lib_a-locale.o)
 .bss           0x0807f820        0x0 c:/altera/13.0/nios2eds/bin/gnu/h-i686-mingw32/bin/../lib/gcc/nios2-elf/4.1.2/../../../../nios2-elf/lib\libc.a(lib_a-makebuf.o)
 .bss           0x0807f820       0x28 c:/altera/13.0/nios2eds/bin/gnu/h-i686-mingw32/bin/../lib/gcc/nios2-elf/4.1.2/../../../../nios2-elf/lib\libc.a(lib_a-mallocr.o)
                0x0807f820                __malloc_current_mallinfo
 .bss           0x0807f848        0x0 c:/altera/13.0/nios2eds/bin/gnu/h-i686-mingw32/bin/../lib/gcc/nios2-elf/4.1.2/../../../../nios2-elf/lib\libc.a(lib_a-memchr.o)
 .bss           0x0807f848        0x0 c:/altera/13.0/nios2eds/bin/gnu/h-i686-mingw32/bin/../lib/gcc/nios2-elf/4.1.2/../../../../nios2-elf/lib\libc.a(lib_a-memmove.o)
 .bss           0x0807f848        0x0 c:/altera/13.0/nios2eds/bin/gnu/h-i686-mingw32/bin/../lib/gcc/nios2-elf/4.1.2/../../../../nios2-elf/lib\libc.a(lib_a-mprec.o)
 .bss           0x0807f848        0x0 c:/altera/13.0/nios2eds/bin/gnu/h-i686-mingw32/bin/../lib/gcc/nios2-elf/4.1.2/../../../../nios2-elf/lib\libc.a(lib_a-reallocr.o)
 .bss           0x0807f848        0x0 c:/altera/13.0/nios2eds/bin/gnu/h-i686-mingw32/bin/../lib/gcc/nios2-elf/4.1.2/../../../../nios2-elf/lib\libc.a(lib_a-s_isinfd.o)
 .bss           0x0807f848        0x0 c:/altera/13.0/nios2eds/bin/gnu/h-i686-mingw32/bin/../lib/gcc/nios2-elf/4.1.2/../../../../nios2-elf/lib\libc.a(lib_a-s_isnand.o)
 .bss           0x0807f848        0x0 c:/altera/13.0/nios2eds/bin/gnu/h-i686-mingw32/bin/../lib/gcc/nios2-elf/4.1.2/../../../../nios2-elf/lib\libc.a(lib_a-sbrkr.o)
 .bss           0x0807f848        0x0 c:/altera/13.0/nios2eds/bin/gnu/h-i686-mingw32/bin/../lib/gcc/nios2-elf/4.1.2/../../../../nios2-elf/lib\libc.a(lib_a-stdio.o)
 .bss           0x0807f848        0x0 c:/altera/13.0/nios2eds/bin/gnu/h-i686-mingw32/bin/../lib/gcc/nios2-elf/4.1.2/../../../../nios2-elf/lib\libc.a(lib_a-strcmp.o)
 .bss           0x0807f848        0x0 c:/altera/13.0/nios2eds/bin/gnu/h-i686-mingw32/bin/../lib/gcc/nios2-elf/4.1.2/../../../../nios2-elf/lib\libc.a(lib_a-writer.o)
 .bss           0x0807f848        0x0 c:/altera/13.0/nios2eds/bin/gnu/h-i686-mingw32/bin/../lib/gcc/nios2-elf/4.1.2/../../../../nios2-elf/lib\libc.a(lib_a-callocr.o)
 .bss           0x0807f848        0x0 c:/altera/13.0/nios2eds/bin/gnu/h-i686-mingw32/bin/../lib/gcc/nios2-elf/4.1.2/../../../../nios2-elf/lib\libc.a(lib_a-closer.o)
 .bss           0x0807f848        0x0 c:/altera/13.0/nios2eds/bin/gnu/h-i686-mingw32/bin/../lib/gcc/nios2-elf/4.1.2/../../../../nios2-elf/lib\libc.a(lib_a-fclose.o)
 .bss           0x0807f848        0x0 c:/altera/13.0/nios2eds/bin/gnu/h-i686-mingw32/bin/../lib/gcc/nios2-elf/4.1.2/../../../../nios2-elf/lib\libc.a(lib_a-fstatr.o)
 .bss           0x0807f848        0x0 c:/altera/13.0/nios2eds/bin/gnu/h-i686-mingw32/bin/../lib/gcc/nios2-elf/4.1.2/../../../../nios2-elf/lib\libc.a(lib_a-int_errno.o)
 .bss           0x0807f848        0x0 c:/altera/13.0/nios2eds/bin/gnu/h-i686-mingw32/bin/../lib/gcc/nios2-elf/4.1.2/../../../../nios2-elf/lib\libc.a(lib_a-isattyr.o)
 .bss           0x0807f848        0x0 c:/altera/13.0/nios2eds/bin/gnu/h-i686-mingw32/bin/../lib/gcc/nios2-elf/4.1.2/../../../../nios2-elf/lib\libc.a(lib_a-lseekr.o)
 .bss           0x0807f848        0x0 c:/altera/13.0/nios2eds/bin/gnu/h-i686-mingw32/bin/../lib/gcc/nios2-elf/4.1.2/../../../../nios2-elf/lib\libc.a(lib_a-readr.o)
 .bss           0x0807f848        0x0 c:/altera/13.0/nios2eds/bin/gnu/h-i686-mingw32/bin/../lib/gcc/nios2-elf/4.1.2\libgcc.a(_udivdi3.o)
 .bss           0x0807f848        0x0 c:/altera/13.0/nios2eds/bin/gnu/h-i686-mingw32/bin/../lib/gcc/nios2-elf/4.1.2\libgcc.a(_umoddi3.o)
 .bss           0x0807f848        0x0 c:/altera/13.0/nios2eds/bin/gnu/h-i686-mingw32/bin/../lib/gcc/nios2-elf/4.1.2\libgcc.a(_eq_df.o)
 .bss           0x0807f848        0x0 c:/altera/13.0/nios2eds/bin/gnu/h-i686-mingw32/bin/../lib/gcc/nios2-elf/4.1.2\libgcc.a(_ne_df.o)
 .bss           0x0807f848        0x0 c:/altera/13.0/nios2eds/bin/gnu/h-i686-mingw32/bin/../lib/gcc/nios2-elf/4.1.2\libgcc.a(_ge_df.o)
 .bss           0x0807f848        0x0 c:/altera/13.0/nios2eds/bin/gnu/h-i686-mingw32/bin/../lib/gcc/nios2-elf/4.1.2\libgcc.a(_lt_df.o)
 .bss           0x0807f848        0x0 c:/altera/13.0/nios2eds/bin/gnu/h-i686-mingw32/bin/../lib/gcc/nios2-elf/4.1.2\libgcc.a(_usi_to_df.o)
 .bss           0x0807f848        0x0 c:/altera/13.0/nios2eds/bin/gnu/h-i686-mingw32/bin/../lib/gcc/nios2-elf/4.1.2\libgcc.a(lib2-divmod.o)
 .bss           0x0807f848        0x0 ../vgatrial_bsp/\libhal_bsp.a(alt_close.o)
 .bss           0x0807f848        0x0 ../vgatrial_bsp/\libhal_bsp.a(alt_dev.o)
 .bss           0x0807f848        0x0 ../vgatrial_bsp/\libhal_bsp.a(alt_errno.o)
 .bss           0x0807f848        0x0 ../vgatrial_bsp/\libhal_bsp.a(alt_fstat.o)
 .bss           0x0807f848        0x0 ../vgatrial_bsp/\libhal_bsp.a(alt_irq_handler.o)
 .bss           0x0807f848        0x0 ../vgatrial_bsp/\libhal_bsp.a(alt_irq_vars.o)
 .bss           0x0807f848        0x0 ../vgatrial_bsp/\libhal_bsp.a(alt_isatty.o)
 .bss           0x0807f848        0x0 ../vgatrial_bsp/\libhal_bsp.a(alt_lseek.o)
 .bss           0x0807f848        0x0 ../vgatrial_bsp/\libhal_bsp.a(alt_main.o)
 .bss           0x0807f848        0x0 ../vgatrial_bsp/\libhal_bsp.a(alt_malloc_lock.o)
 .bss           0x0807f848        0x0 ../vgatrial_bsp/\libhal_bsp.a(alt_read.o)
 .bss           0x0807f848        0x0 ../vgatrial_bsp/\libhal_bsp.a(alt_release_fd.o)
 .bss           0x0807f848        0x0 ../vgatrial_bsp/\libhal_bsp.a(alt_sbrk.o)
 .bss           0x0807f848        0x0 ../vgatrial_bsp/\libhal_bsp.a(alt_write.o)
 .bss           0x0807f848        0x0 ../vgatrial_bsp/\libhal_bsp.a(alt_sys_init.o)
 .bss           0x0807f848        0x0 ../vgatrial_bsp/\libhal_bsp.a(altera_avalon_cfi_flash.o)
 .bss           0x0807f848        0x0 ../vgatrial_bsp/\libhal_bsp.a(altera_avalon_cfi_flash_table.o)
 .bss           0x0807f848        0x0 ../vgatrial_bsp/\libhal_bsp.a(altera_avalon_jtag_uart_fd.o)
 .bss           0x0807f848        0x0 ../vgatrial_bsp/\libhal_bsp.a(altera_avalon_jtag_uart_init.o)
 .bss           0x0807f848        0x0 ../vgatrial_bsp/\libhal_bsp.a(altera_avalon_jtag_uart_ioctl.o)
 .bss           0x0807f848        0x0 ../vgatrial_bsp/\libhal_bsp.a(altera_avalon_jtag_uart_read.o)
 .bss           0x0807f848        0x0 ../vgatrial_bsp/\libhal_bsp.a(altera_avalon_jtag_uart_write.o)
 .bss           0x0807f848        0x0 ../vgatrial_bsp/\libhal_bsp.a(altera_avalon_lcd_16207.o)
 .bss           0x0807f848        0x0 ../vgatrial_bsp/\libhal_bsp.a(altera_avalon_lcd_16207_fd.o)
 .bss           0x0807f848        0x0 ../vgatrial_bsp/\libhal_bsp.a(altera_avalon_timer_sc.o)
 .bss           0x0807f848        0x0 ../vgatrial_bsp/\libhal_bsp.a(altera_avalon_uart_fd.o)
 .bss           0x0807f848        0x0 ../vgatrial_bsp/\libhal_bsp.a(altera_avalon_uart_init.o)
 .bss           0x0807f848        0x0 ../vgatrial_bsp/\libhal_bsp.a(altera_avalon_uart_read.o)
 .bss           0x0807f848        0x0 ../vgatrial_bsp/\libhal_bsp.a(altera_avalon_uart_write.o)
 .bss           0x0807f848        0x0 ../vgatrial_bsp/\libhal_bsp.a(altera_up_avalon_ps2.o)
 .bss           0x0807f848        0x0 ../vgatrial_bsp/\libhal_bsp.a(altera_up_avalon_video_character_buffer_with_dma.o)
 .bss           0x0807f848        0x0 ../vgatrial_bsp/\libhal_bsp.a(altera_up_avalon_video_pixel_buffer_dma.o)
 .bss           0x0807f848        0x0 ../vgatrial_bsp/\libhal_bsp.a(alt_alarm_start.o)
 .bss           0x0807f848        0x0 ../vgatrial_bsp/\libhal_bsp.a(alt_dcache_flush.o)
 .bss           0x0807f848        0x0 ../vgatrial_bsp/\libhal_bsp.a(alt_dev_llist_insert.o)
 .bss           0x0807f848        0x0 ../vgatrial_bsp/\libhal_bsp.a(alt_do_ctors.o)
 .bss           0x0807f848        0x0 ../vgatrial_bsp/\libhal_bsp.a(alt_do_dtors.o)
 .bss           0x0807f848        0x0 ../vgatrial_bsp/\libhal_bsp.a(alt_find_dev.o)
 .bss           0x0807f848        0x0 ../vgatrial_bsp/\libhal_bsp.a(alt_flash_dev.o)
 .bss           0x0807f848        0x0 ../vgatrial_bsp/\libhal_bsp.a(alt_io_redirect.o)
 .bss           0x0807f848        0x0 ../vgatrial_bsp/\libhal_bsp.a(alt_open.o)
 .bss           0x0807f848        0x0 ../vgatrial_bsp/\libhal_bsp.a(alt_tick.o)
 .bss           0x0807f848        0x0 ../vgatrial_bsp/\libhal_bsp.a(alt_usleep.o)
 .bss           0x0807f848        0x0 ../vgatrial_bsp/\libhal_bsp.a(altera_nios2_qsys_irq.o)
 .bss           0x0807f848        0x0 ../vgatrial_bsp/\libhal_bsp.a(altera_avalon_cfi_flash_amd.o)
 .bss           0x0807f848        0x0 ../vgatrial_bsp/\libhal_bsp.a(altera_avalon_cfi_flash_intel.o)
 .bss           0x0807f848        0x0 ../vgatrial_bsp/\libhal_bsp.a(alt_busy_sleep.o)
 .bss           0x0807f848        0x0 ../vgatrial_bsp/\libhal_bsp.a(alt_find_file.o)
 .bss           0x0807f848        0x0 ../vgatrial_bsp/\libhal_bsp.a(alt_get_fd.o)
 .bss           0x0807f848        0x0 c:/altera/13.0/nios2eds/bin/gnu/h-i686-mingw32/bin/../lib/gcc/nios2-elf/4.1.2/../../../../nios2-elf/lib\libc.a(lib_a-atexit.o)
 .bss           0x0807f848        0x0 c:/altera/13.0/nios2eds/bin/gnu/h-i686-mingw32/bin/../lib/gcc/nios2-elf/4.1.2/../../../../nios2-elf/lib\libc.a(lib_a-ctype_.o)
 .bss           0x0807f848        0x0 c:/altera/13.0/nios2eds/bin/gnu/h-i686-mingw32/bin/../lib/gcc/nios2-elf/4.1.2/../../../../nios2-elf/lib\libc.a(lib_a-exit.o)
 .bss           0x0807f848        0x0 c:/altera/13.0/nios2eds/bin/gnu/h-i686-mingw32/bin/../lib/gcc/nios2-elf/4.1.2/../../../../nios2-elf/lib\libc.a(lib_a-__atexit.o)
 .bss           0x0807f848        0x0 c:/altera/13.0/nios2eds/bin/gnu/h-i686-mingw32/bin/../lib/gcc/nios2-elf/4.1.2/../../../../nios2-elf/lib\libc.a(lib_a-__call_atexit.o)
 .bss           0x0807f848        0x0 ../vgatrial_bsp/\libhal_bsp.a(alt_exit.o)
 *(COMMON)
 COMMON         0x0807f848      0x100 ../vgatrial_bsp/\libhal_bsp.a(alt_irq_handler.o)
                0x0807f848                alt_irq
 COMMON         0x0807f948      0x190 c:/altera/13.0/nios2eds/bin/gnu/h-i686-mingw32/bin/../lib/gcc/nios2-elf/4.1.2/../../../../nios2-elf/lib\libc.a(lib_a-atexit.o)
                0x0807f948                _atexit0
                0x0807fad8                . = ALIGN (0x4)
                0x0807fad8                __bss_end = ABSOLUTE (.)

.onchip_memory  0x00017de0        0x0
                0x00017de0                PROVIDE (_alt_partition_onchip_memory_start, ABSOLUTE (.))
 *(.onchip_memory. onchip_memory.*)
                0x00017de0                . = ALIGN (0x4)
                0x00017de0                PROVIDE (_alt_partition_onchip_memory_end, ABSOLUTE (.))
                0x00017de0                PROVIDE (_alt_partition_onchip_memory_load_addr, LOADADDR (.onchip_memory))

.flash_controller
                0x01000020        0x0
                0x01000020                PROVIDE (_alt_partition_flash_controller_start, ABSOLUTE (.))
 *(.flash_controller. flash_controller.*)
                0x01000020                . = ALIGN (0x4)
                0x01000020                PROVIDE (_alt_partition_flash_controller_end, ABSOLUTE (.))
                0x01000020                PROVIDE (_alt_partition_flash_controller_load_addr, LOADADDR (.flash_controller))

.sdram          0x0807fad8        0x0
                0x0807fad8                PROVIDE (_alt_partition_sdram_start, ABSOLUTE (.))
 *(.sdram. sdram.*)
                0x0807fad8                . = ALIGN (0x4)
                0x0807fad8                PROVIDE (_alt_partition_sdram_end, ABSOLUTE (.))
                0x0807fad8                _end = ABSOLUTE (.)
                0x0807fad8                end = ABSOLUTE (.)
                0x0807fad8                __alt_stack_base = ABSOLUTE (.)
                0x0807fad8                PROVIDE (_alt_partition_sdram_load_addr, LOADADDR (.sdram))

.stab
 *(.stab)

.stabstr
 *(.stabstr)

.stab.excl
 *(.stab.excl)

.stab.exclstr
 *(.stab.exclstr)

.stab.index
 *(.stab.index)

.stab.indexstr
 *(.stab.indexstr)

.comment        0x00000000       0x23
 *(.comment)
 .comment       0x00000000       0x23 obj/default/FreeRTOS/croutine.o
                                 0x24 (size before relaxing)
 .comment       0x00000000       0x24 obj/default/FreeRTOS/event_groups.o
 .comment       0x00000000       0x24 obj/default/FreeRTOS/heap.o
 .comment       0x00000000       0x24 obj/default/FreeRTOS/list.o
 .comment       0x00000000       0x24 obj/default/FreeRTOS/port.o
 .comment       0x00000000       0x24 obj/default/FreeRTOS/queue.o
 .comment       0x00000000       0x24 obj/default/FreeRTOS/tasks.o
 .comment       0x00000000       0x24 obj/default/FreeRTOS/timers.o
 .comment       0x00000000       0x24 obj/default/FreeRTOS_freq_plot.o
 .comment       0x00000000       0x24 c:/altera/13.0/nios2eds/bin/gnu/h-i686-mingw32/bin/../lib/gcc/nios2-elf/4.1.2\libgcc.a(_addsub_df.o)
 .comment       0x00000000       0x24 c:/altera/13.0/nios2eds/bin/gnu/h-i686-mingw32/bin/../lib/gcc/nios2-elf/4.1.2\libgcc.a(_mul_df.o)
 .comment       0x00000000       0x24 c:/altera/13.0/nios2eds/bin/gnu/h-i686-mingw32/bin/../lib/gcc/nios2-elf/4.1.2\libgcc.a(_div_df.o)
 .comment       0x00000000       0x24 c:/altera/13.0/nios2eds/bin/gnu/h-i686-mingw32/bin/../lib/gcc/nios2-elf/4.1.2\libgcc.a(_gt_df.o)
 .comment       0x00000000       0x24 c:/altera/13.0/nios2eds/bin/gnu/h-i686-mingw32/bin/../lib/gcc/nios2-elf/4.1.2\libgcc.a(_si_to_df.o)
 .comment       0x00000000       0x24 c:/altera/13.0/nios2eds/bin/gnu/h-i686-mingw32/bin/../lib/gcc/nios2-elf/4.1.2\libgcc.a(_df_to_si.o)
 .comment       0x00000000       0x24 c:/altera/13.0/nios2eds/bin/gnu/h-i686-mingw32/bin/../lib/gcc/nios2-elf/4.1.2\libgcc.a(_thenan_df.o)
 .comment       0x00000000       0x24 c:/altera/13.0/nios2eds/bin/gnu/h-i686-mingw32/bin/../lib/gcc/nios2-elf/4.1.2\libgcc.a(_muldi3.o)
 .comment       0x00000000       0x24 c:/altera/13.0/nios2eds/bin/gnu/h-i686-mingw32/bin/../lib/gcc/nios2-elf/4.1.2\libgcc.a(_clzsi2.o)
 .comment       0x00000000       0x24 c:/altera/13.0/nios2eds/bin/gnu/h-i686-mingw32/bin/../lib/gcc/nios2-elf/4.1.2\libgcc.a(_pack_df.o)
 .comment       0x00000000       0x24 c:/altera/13.0/nios2eds/bin/gnu/h-i686-mingw32/bin/../lib/gcc/nios2-elf/4.1.2\libgcc.a(_unpack_df.o)
 .comment       0x00000000       0x24 c:/altera/13.0/nios2eds/bin/gnu/h-i686-mingw32/bin/../lib/gcc/nios2-elf/4.1.2\libgcc.a(_fpcmp_parts_df.o)
 .comment       0x00000000       0x24 c:/altera/13.0/nios2eds/bin/gnu/h-i686-mingw32/bin/../lib/gcc/nios2-elf/4.1.2\libgcc.a(_clz.o)
 .comment       0x00000000       0x24 c:/altera/13.0/nios2eds/bin/gnu/h-i686-mingw32/bin/../lib/gcc/nios2-elf/4.1.2/../../../../nios2-elf/lib\libc.a(lib_a-memcmp.o)
 .comment       0x00000000       0x24 c:/altera/13.0/nios2eds/bin/gnu/h-i686-mingw32/bin/../lib/gcc/nios2-elf/4.1.2/../../../../nios2-elf/lib\libc.a(lib_a-memcpy.o)
 .comment       0x00000000       0x24 c:/altera/13.0/nios2eds/bin/gnu/h-i686-mingw32/bin/../lib/gcc/nios2-elf/4.1.2/../../../../nios2-elf/lib\libc.a(lib_a-memset.o)
 .comment       0x00000000       0x24 c:/altera/13.0/nios2eds/bin/gnu/h-i686-mingw32/bin/../lib/gcc/nios2-elf/4.1.2/../../../../nios2-elf/lib\libc.a(lib_a-printf.o)
 .comment       0x00000000       0x24 c:/altera/13.0/nios2eds/bin/gnu/h-i686-mingw32/bin/../lib/gcc/nios2-elf/4.1.2/../../../../nios2-elf/lib\libc.a(lib_a-puts.o)
 .comment       0x00000000       0x24 c:/altera/13.0/nios2eds/bin/gnu/h-i686-mingw32/bin/../lib/gcc/nios2-elf/4.1.2/../../../../nios2-elf/lib\libc.a(lib_a-strlen.o)
 .comment       0x00000000       0x24 c:/altera/13.0/nios2eds/bin/gnu/h-i686-mingw32/bin/../lib/gcc/nios2-elf/4.1.2/../../../../nios2-elf/lib\libc.a(lib_a-vfprintf.o)
 .comment       0x00000000       0x24 c:/altera/13.0/nios2eds/bin/gnu/h-i686-mingw32/bin/../lib/gcc/nios2-elf/4.1.2/../../../../nios2-elf/lib\libc.a(lib_a-wsetup.o)
 .comment       0x00000000       0x24 c:/altera/13.0/nios2eds/bin/gnu/h-i686-mingw32/bin/../lib/gcc/nios2-elf/4.1.2/../../../../nios2-elf/lib\libc.a(lib_a-dtoa.o)
 .comment       0x00000000       0x24 c:/altera/13.0/nios2eds/bin/gnu/h-i686-mingw32/bin/../lib/gcc/nios2-elf/4.1.2/../../../../nios2-elf/lib\libc.a(lib_a-fflush.o)
 .comment       0x00000000       0x24 c:/altera/13.0/nios2eds/bin/gnu/h-i686-mingw32/bin/../lib/gcc/nios2-elf/4.1.2/../../../../nios2-elf/lib\libc.a(lib_a-findfp.o)
 .comment       0x00000000       0x24 c:/altera/13.0/nios2eds/bin/gnu/h-i686-mingw32/bin/../lib/gcc/nios2-elf/4.1.2/../../../../nios2-elf/lib\libc.a(lib_a-freer.o)
 .comment       0x00000000       0x24 c:/altera/13.0/nios2eds/bin/gnu/h-i686-mingw32/bin/../lib/gcc/nios2-elf/4.1.2/../../../../nios2-elf/lib\libc.a(lib_a-fvwrite.o)
 .comment       0x00000000       0x24 c:/altera/13.0/nios2eds/bin/gnu/h-i686-mingw32/bin/../lib/gcc/nios2-elf/4.1.2/../../../../nios2-elf/lib\libc.a(lib_a-fwalk.o)
 .comment       0x00000000       0x24 c:/altera/13.0/nios2eds/bin/gnu/h-i686-mingw32/bin/../lib/gcc/nios2-elf/4.1.2/../../../../nios2-elf/lib\libc.a(lib_a-impure.o)
 .comment       0x00000000       0x24 c:/altera/13.0/nios2eds/bin/gnu/h-i686-mingw32/bin/../lib/gcc/nios2-elf/4.1.2/../../../../nios2-elf/lib\libc.a(lib_a-locale.o)
 .comment       0x00000000       0x24 c:/altera/13.0/nios2eds/bin/gnu/h-i686-mingw32/bin/../lib/gcc/nios2-elf/4.1.2/../../../../nios2-elf/lib\libc.a(lib_a-makebuf.o)
 .comment       0x00000000       0x24 c:/altera/13.0/nios2eds/bin/gnu/h-i686-mingw32/bin/../lib/gcc/nios2-elf/4.1.2/../../../../nios2-elf/lib\libc.a(lib_a-mallocr.o)
 .comment       0x00000000       0x24 c:/altera/13.0/nios2eds/bin/gnu/h-i686-mingw32/bin/../lib/gcc/nios2-elf/4.1.2/../../../../nios2-elf/lib\libc.a(lib_a-memchr.o)
 .comment       0x00000000       0x24 c:/altera/13.0/nios2eds/bin/gnu/h-i686-mingw32/bin/../lib/gcc/nios2-elf/4.1.2/../../../../nios2-elf/lib\libc.a(lib_a-memmove.o)
 .comment       0x00000000       0x24 c:/altera/13.0/nios2eds/bin/gnu/h-i686-mingw32/bin/../lib/gcc/nios2-elf/4.1.2/../../../../nios2-elf/lib\libc.a(lib_a-mprec.o)
 .comment       0x00000000       0x24 c:/altera/13.0/nios2eds/bin/gnu/h-i686-mingw32/bin/../lib/gcc/nios2-elf/4.1.2/../../../../nios2-elf/lib\libc.a(lib_a-reallocr.o)
 .comment       0x00000000       0x24 c:/altera/13.0/nios2eds/bin/gnu/h-i686-mingw32/bin/../lib/gcc/nios2-elf/4.1.2/../../../../nios2-elf/lib\libc.a(lib_a-s_isinfd.o)
 .comment       0x00000000       0x24 c:/altera/13.0/nios2eds/bin/gnu/h-i686-mingw32/bin/../lib/gcc/nios2-elf/4.1.2/../../../../nios2-elf/lib\libc.a(lib_a-s_isnand.o)
 .comment       0x00000000       0x24 c:/altera/13.0/nios2eds/bin/gnu/h-i686-mingw32/bin/../lib/gcc/nios2-elf/4.1.2/../../../../nios2-elf/lib\libc.a(lib_a-sbrkr.o)
 .comment       0x00000000       0x24 c:/altera/13.0/nios2eds/bin/gnu/h-i686-mingw32/bin/../lib/gcc/nios2-elf/4.1.2/../../../../nios2-elf/lib\libc.a(lib_a-stdio.o)
 .comment       0x00000000       0x24 c:/altera/13.0/nios2eds/bin/gnu/h-i686-mingw32/bin/../lib/gcc/nios2-elf/4.1.2/../../../../nios2-elf/lib\libc.a(lib_a-strcmp.o)
 .comment       0x00000000       0x24 c:/altera/13.0/nios2eds/bin/gnu/h-i686-mingw32/bin/../lib/gcc/nios2-elf/4.1.2/../../../../nios2-elf/lib\libc.a(lib_a-writer.o)
 .comment       0x00000000       0x24 c:/altera/13.0/nios2eds/bin/gnu/h-i686-mingw32/bin/../lib/gcc/nios2-elf/4.1.2/../../../../nios2-elf/lib\libc.a(lib_a-callocr.o)
 .comment       0x00000000       0x24 c:/altera/13.0/nios2eds/bin/gnu/h-i686-mingw32/bin/../lib/gcc/nios2-elf/4.1.2/../../../../nios2-elf/lib\libc.a(lib_a-closer.o)
 .comment       0x00000000       0x24 c:/altera/13.0/nios2eds/bin/gnu/h-i686-mingw32/bin/../lib/gcc/nios2-elf/4.1.2/../../../../nios2-elf/lib\libc.a(lib_a-fclose.o)
 .comment       0x00000000       0x24 c:/altera/13.0/nios2eds/bin/gnu/h-i686-mingw32/bin/../lib/gcc/nios2-elf/4.1.2/../../../../nios2-elf/lib\libc.a(lib_a-fstatr.o)
 .comment       0x00000000       0x24 c:/altera/13.0/nios2eds/bin/gnu/h-i686-mingw32/bin/../lib/gcc/nios2-elf/4.1.2/../../../../nios2-elf/lib\libc.a(lib_a-int_errno.o)
 .comment       0x00000000       0x24 c:/altera/13.0/nios2eds/bin/gnu/h-i686-mingw32/bin/../lib/gcc/nios2-elf/4.1.2/../../../../nios2-elf/lib\libc.a(lib_a-isattyr.o)
 .comment       0x00000000       0x24 c:/altera/13.0/nios2eds/bin/gnu/h-i686-mingw32/bin/../lib/gcc/nios2-elf/4.1.2/../../../../nios2-elf/lib\libc.a(lib_a-lseekr.o)
 .comment       0x00000000       0x24 c:/altera/13.0/nios2eds/bin/gnu/h-i686-mingw32/bin/../lib/gcc/nios2-elf/4.1.2/../../../../nios2-elf/lib\libc.a(lib_a-readr.o)
 .comment       0x00000000       0x24 c:/altera/13.0/nios2eds/bin/gnu/h-i686-mingw32/bin/../lib/gcc/nios2-elf/4.1.2\libgcc.a(_udivdi3.o)
 .comment       0x00000000       0x24 c:/altera/13.0/nios2eds/bin/gnu/h-i686-mingw32/bin/../lib/gcc/nios2-elf/4.1.2\libgcc.a(_umoddi3.o)
 .comment       0x00000000       0x24 c:/altera/13.0/nios2eds/bin/gnu/h-i686-mingw32/bin/../lib/gcc/nios2-elf/4.1.2\libgcc.a(_eq_df.o)
 .comment       0x00000000       0x24 c:/altera/13.0/nios2eds/bin/gnu/h-i686-mingw32/bin/../lib/gcc/nios2-elf/4.1.2\libgcc.a(_ne_df.o)
 .comment       0x00000000       0x24 c:/altera/13.0/nios2eds/bin/gnu/h-i686-mingw32/bin/../lib/gcc/nios2-elf/4.1.2\libgcc.a(_ge_df.o)
 .comment       0x00000000       0x24 c:/altera/13.0/nios2eds/bin/gnu/h-i686-mingw32/bin/../lib/gcc/nios2-elf/4.1.2\libgcc.a(_lt_df.o)
 .comment       0x00000000       0x24 c:/altera/13.0/nios2eds/bin/gnu/h-i686-mingw32/bin/../lib/gcc/nios2-elf/4.1.2\libgcc.a(_usi_to_df.o)
 .comment       0x00000000       0x24 c:/altera/13.0/nios2eds/bin/gnu/h-i686-mingw32/bin/../lib/gcc/nios2-elf/4.1.2\libgcc.a(lib2-divmod.o)
 .comment       0x00000000       0x24 ../vgatrial_bsp/\libhal_bsp.a(alt_close.o)
 .comment       0x00000000       0x24 ../vgatrial_bsp/\libhal_bsp.a(alt_dev.o)
 .comment       0x00000000       0x24 ../vgatrial_bsp/\libhal_bsp.a(alt_errno.o)
 .comment       0x00000000       0x24 ../vgatrial_bsp/\libhal_bsp.a(alt_fstat.o)
 .comment       0x00000000       0x24 ../vgatrial_bsp/\libhal_bsp.a(alt_irq_handler.o)
 .comment       0x00000000       0x24 ../vgatrial_bsp/\libhal_bsp.a(alt_irq_vars.o)
 .comment       0x00000000       0x24 ../vgatrial_bsp/\libhal_bsp.a(alt_isatty.o)
 .comment       0x00000000       0x24 ../vgatrial_bsp/\libhal_bsp.a(alt_lseek.o)
 .comment       0x00000000       0x24 ../vgatrial_bsp/\libhal_bsp.a(alt_main.o)
 .comment       0x00000000       0x24 ../vgatrial_bsp/\libhal_bsp.a(alt_malloc_lock.o)
 .comment       0x00000000       0x24 ../vgatrial_bsp/\libhal_bsp.a(alt_read.o)
 .comment       0x00000000       0x24 ../vgatrial_bsp/\libhal_bsp.a(alt_release_fd.o)
 .comment       0x00000000       0x24 ../vgatrial_bsp/\libhal_bsp.a(alt_sbrk.o)
 .comment       0x00000000       0x24 ../vgatrial_bsp/\libhal_bsp.a(alt_write.o)
 .comment       0x00000000       0x24 ../vgatrial_bsp/\libhal_bsp.a(alt_sys_init.o)
 .comment       0x00000000       0x24 ../vgatrial_bsp/\libhal_bsp.a(altera_avalon_cfi_flash.o)
 .comment       0x00000000       0x24 ../vgatrial_bsp/\libhal_bsp.a(altera_avalon_cfi_flash_table.o)
 .comment       0x00000000       0x24 ../vgatrial_bsp/\libhal_bsp.a(altera_avalon_jtag_uart_fd.o)
 .comment       0x00000000       0x24 ../vgatrial_bsp/\libhal_bsp.a(altera_avalon_jtag_uart_init.o)
 .comment       0x00000000       0x24 ../vgatrial_bsp/\libhal_bsp.a(altera_avalon_jtag_uart_ioctl.o)
 .comment       0x00000000       0x24 ../vgatrial_bsp/\libhal_bsp.a(altera_avalon_jtag_uart_read.o)
 .comment       0x00000000       0x24 ../vgatrial_bsp/\libhal_bsp.a(altera_avalon_jtag_uart_write.o)
 .comment       0x00000000       0x24 ../vgatrial_bsp/\libhal_bsp.a(altera_avalon_lcd_16207.o)
 .comment       0x00000000       0x24 ../vgatrial_bsp/\libhal_bsp.a(altera_avalon_lcd_16207_fd.o)
 .comment       0x00000000       0x24 ../vgatrial_bsp/\libhal_bsp.a(altera_avalon_timer_sc.o)
 .comment       0x00000000       0x24 ../vgatrial_bsp/\libhal_bsp.a(altera_avalon_uart_fd.o)
 .comment       0x00000000       0x24 ../vgatrial_bsp/\libhal_bsp.a(altera_avalon_uart_init.o)
 .comment       0x00000000       0x24 ../vgatrial_bsp/\libhal_bsp.a(altera_avalon_uart_read.o)
 .comment       0x00000000       0x24 ../vgatrial_bsp/\libhal_bsp.a(altera_avalon_uart_write.o)
 .comment       0x00000000       0x24 ../vgatrial_bsp/\libhal_bsp.a(altera_up_avalon_ps2.o)
 .comment       0x00000000       0x24 ../vgatrial_bsp/\libhal_bsp.a(altera_up_avalon_video_character_buffer_with_dma.o)
 .comment       0x00000000       0x24 ../vgatrial_bsp/\libhal_bsp.a(altera_up_avalon_video_pixel_buffer_dma.o)
 .comment       0x00000000       0x24 ../vgatrial_bsp/\libhal_bsp.a(alt_alarm_start.o)
 .comment       0x00000000       0x24 ../vgatrial_bsp/\libhal_bsp.a(alt_dcache_flush.o)
 .comment       0x00000000       0x24 ../vgatrial_bsp/\libhal_bsp.a(alt_dev_llist_insert.o)
 .comment       0x00000000       0x24 ../vgatrial_bsp/\libhal_bsp.a(alt_do_ctors.o)
 .comment       0x00000000       0x24 ../vgatrial_bsp/\libhal_bsp.a(alt_do_dtors.o)
 .comment       0x00000000       0x24 ../vgatrial_bsp/\libhal_bsp.a(alt_find_dev.o)
 .comment       0x00000000       0x24 ../vgatrial_bsp/\libhal_bsp.a(alt_flash_dev.o)
 .comment       0x00000000       0x24 ../vgatrial_bsp/\libhal_bsp.a(alt_io_redirect.o)
 .comment       0x00000000       0x24 ../vgatrial_bsp/\libhal_bsp.a(alt_open.o)
 .comment       0x00000000       0x24 ../vgatrial_bsp/\libhal_bsp.a(alt_tick.o)
 .comment       0x00000000       0x24 ../vgatrial_bsp/\libhal_bsp.a(alt_usleep.o)
 .comment       0x00000000       0x24 ../vgatrial_bsp/\libhal_bsp.a(altera_nios2_qsys_irq.o)