Archive member included because of file (symbol)

c:/altera/13.0/nios2eds/bin/gnu/h-i686-mingw32/bin/../lib/gcc/nios2-elf/4.1.2/../../../../nios2-elf/lib\libc.a(lib_a-fopen.o)
                              obj/default/freertos_semaphore.o (fopen)
c:/altera/13.0/nios2eds/bin/gnu/h-i686-mingw32/bin/../lib/gcc/nios2-elf/4.1.2/../../../../nios2-elf/lib\libc.a(lib_a-fprintf.o)
                              obj/default/freertos_semaphore.o (fprintf)
c:/altera/13.0/nios2eds/bin/gnu/h-i686-mingw32/bin/../lib/gcc/nios2-elf/4.1.2/../../../../nios2-elf/lib\libc.a(lib_a-fseek.o)
                              c:/altera/13.0/nios2eds/bin/gnu/h-i686-mingw32/bin/../lib/gcc/nios2-elf/4.1.2/../../../../nios2-elf/lib\libc.a(lib_a-fopen.o) (_fseek_r)
c:/altera/13.0/nios2eds/bin/gnu/h-i686-mingw32/bin/../lib/gcc/nios2-elf/4.1.2/../../../../nios2-elf/lib\libc.a(lib_a-fstatr.o)
                              c:/altera/13.0/nios2eds/bin/gnu/h-i686-mingw32/bin/../lib/gcc/nios2-elf/4.1.2/../../../../nios2-elf/lib\libc.a(lib_a-fseek.o) (_fstat_r)
c:/altera/13.0/nios2eds/bin/gnu/h-i686-mingw32/bin/../lib/gcc/nios2-elf/4.1.2/../../../../nios2-elf/lib\libc.a(lib_a-fwrite.o)
                              obj/default/freertos_semaphore.o (fwrite)
c:/altera/13.0/nios2eds/bin/gnu/h-i686-mingw32/bin/../lib/gcc/nios2-elf/4.1.2/../../../../nios2-elf/lib\libc.a(lib_a-impure.o)
                              c:/altera/13.0/nios2eds/bin/gnu/h-i686-mingw32/bin/../lib/gcc/nios2-elf/4.1.2/../../../../nios2-elf/lib\libc.a(lib_a-fopen.o) (_impure_ptr)
c:/altera/13.0/nios2eds/bin/gnu/h-i686-mingw32/bin/../lib/gcc/nios2-elf/4.1.2/../../../../nios2-elf/lib\libc.a(lib_a-int_errno.o)
                              c:/altera/13.0/nios2eds/bin/gnu/h-i686-mingw32/bin/../lib/gcc/nios2-elf/4.1.2/../../../../nios2-elf/lib\libc.a(lib_a-fstatr.o) (errno)
c:/altera/13.0/nios2eds/bin/gnu/h-i686-mingw32/bin/../lib/gcc/nios2-elf/4.1.2/../../../../nios2-elf/lib\libc.a(lib_a-makebuf.o)
                              c:/altera/13.0/nios2eds/bin/gnu/h-i686-mingw32/bin/../lib/gcc/nios2-elf/4.1.2/../../../../nios2-elf/lib\libc.a(lib_a-fseek.o) (__smakebuf_r)
c:/altera/13.0/nios2eds/bin/gnu/h-i686-mingw32/bin/../lib/gcc/nios2-elf/4.1.2/../../../../nios2-elf/lib\libc.a(lib_a-mallocr.o)
                              c:/altera/13.0/nios2eds/bin/gnu/h-i686-mingw32/bin/../lib/gcc/nios2-elf/4.1.2/../../../../nios2-elf/lib\libc.a(lib_a-makebuf.o) (_malloc_r)
c:/altera/13.0/nios2eds/bin/gnu/h-i686-mingw32/bin/../lib/gcc/nios2-elf/4.1.2/../../../../nios2-elf/lib\libc.a(lib_a-memcmp.o)
                              obj/default/FreeRTOS/tasks.o (memcmp)
c:/altera/13.0/nios2eds/bin/gnu/h-i686-mingw32/bin/../lib/gcc/nios2-elf/4.1.2/../../../../nios2-elf/lib\libc.a(lib_a-memcpy.o)
                              obj/default/FreeRTOS/queue.o (memcpy)
c:/altera/13.0/nios2eds/bin/gnu/h-i686-mingw32/bin/../lib/gcc/nios2-elf/4.1.2/../../../../nios2-elf/lib\libc.a(lib_a-memset.o)
                              obj/default/FreeRTOS/tasks.o (memset)
c:/altera/13.0/nios2eds/bin/gnu/h-i686-mingw32/bin/../lib/gcc/nios2-elf/4.1.2/../../../../nios2-elf/lib\libc.a(lib_a-openr.o)
                              c:/altera/13.0/nios2eds/bin/gnu/h-i686-mingw32/bin/../lib/gcc/nios2-elf/4.1.2/../../../../nios2-elf/lib\libc.a(lib_a-fopen.o) (_open_r)
c:/altera/13.0/nios2eds/bin/gnu/h-i686-mingw32/bin/../lib/gcc/nios2-elf/4.1.2/../../../../nios2-elf/lib\libc.a(lib_a-printf.o)
                              obj/default/FreeRTOS/port.o (printf)
c:/altera/13.0/nios2eds/bin/gnu/h-i686-mingw32/bin/../lib/gcc/nios2-elf/4.1.2/../../../../nios2-elf/lib\libc.a(lib_a-putchar.o)
                              obj/default/freertos_semaphore.o (putchar)
c:/altera/13.0/nios2eds/bin/gnu/h-i686-mingw32/bin/../lib/gcc/nios2-elf/4.1.2/../../../../nios2-elf/lib\libc.a(lib_a-puts.o)
                              obj/default/freertos_semaphore.o (puts)
c:/altera/13.0/nios2eds/bin/gnu/h-i686-mingw32/bin/../lib/gcc/nios2-elf/4.1.2/../../../../nios2-elf/lib\libc.a(lib_a-refill.o)
                              c:/altera/13.0/nios2eds/bin/gnu/h-i686-mingw32/bin/../lib/gcc/nios2-elf/4.1.2/../../../../nios2-elf/lib\libc.a(lib_a-fseek.o) (__srefill_r)
c:/altera/13.0/nios2eds/bin/gnu/h-i686-mingw32/bin/../lib/gcc/nios2-elf/4.1.2/../../../../nios2-elf/lib\libc.a(lib_a-sbrkr.o)
                              c:/altera/13.0/nios2eds/bin/gnu/h-i686-mingw32/bin/../lib/gcc/nios2-elf/4.1.2/../../../../nios2-elf/lib\libc.a(lib_a-mallocr.o) (_sbrk_r)
c:/altera/13.0/nios2eds/bin/gnu/h-i686-mingw32/bin/../lib/gcc/nios2-elf/4.1.2/../../../../nios2-elf/lib\libc.a(lib_a-stdio.o)
                              c:/altera/13.0/nios2eds/bin/gnu/h-i686-mingw32/bin/../lib/gcc/nios2-elf/4.1.2/../../../../nios2-elf/lib\libc.a(lib_a-fopen.o) (__sclose)
c:/altera/13.0/nios2eds/bin/gnu/h-i686-mingw32/bin/../lib/gcc/nios2-elf/4.1.2/../../../../nios2-elf/lib\libc.a(lib_a-strlen.o)
[...]
Memory Configuration

Name             Origin             Length             Attributes
onchip_memory_BEFORE_EXCEPTION 0x00000000         0x00000020
onchip_memory    0x00000020         0x00031fe0
reset            0x01000000         0x00000020
flash_controller 0x01000020         0x007fffe0
sdram            0x08000000         0x08000000
*default*        0x00000000         0xffffffff

Linker script and memory map

LOAD ../Lab1_bsp//obj/HAL/src/crt0.o
LOAD obj/default/FreeRTOS/croutine.o
LOAD obj/default/FreeRTOS/event_groups.o
LOAD obj/default/FreeRTOS/heap.o
LOAD obj/default/FreeRTOS/list.o
LOAD obj/default/FreeRTOS/port.o
LOAD obj/default/FreeRTOS/queue.o
LOAD obj/default/FreeRTOS/tasks.o
LOAD obj/default/FreeRTOS/timers.o
LOAD obj/default/freertos_semaphore.o
LOAD obj/default/FreeRTOS/port_asm.o
LOAD c:/altera/13.0/nios2eds/bin/gnu/h-i686-mingw32/bin/../lib/gcc/nios2-elf/4.1.2/../../../../nios2-elf/lib\libstdc++.a
LOAD c:/altera/13.0/nios2eds/bin/gnu/h-i686-mingw32/bin/../lib/gcc/nios2-elf/4.1.2/../../../../nios2-elf/lib\libm.a
LOAD c:/altera/13.0/nios2eds/bin/gnu/h-i686-mingw32/bin/../lib/gcc/nios2-elf/4.1.2\libgcc.a
START GROUP
LOAD c:/altera/13.0/nios2eds/bin/gnu/h-i686-mingw32/bin/../lib/gcc/nios2-elf/4.1.2/../../../../nios2-elf/lib\libc.a
LOAD c:/altera/13.0/nios2eds/bin/gnu/h-i686-mingw32/bin/../lib/gcc/nios2-elf/4.1.2\libgcc.a
LOAD ../Lab1_bsp/\libhal_bsp.a
END GROUP
LOAD c:/altera/13.0/nios2eds/bin/gnu/h-i686-mingw32/bin/../lib/gcc/nios2-elf/4.1.2\libgcc.a
                0x00000000                __alt_mem_onchip_memory = 0x0
                0x01000000                __alt_mem_flash_controller = 0x1000000
                0x08000000                __alt_mem_sdram = 0x8000000

.entry          0x01000000        0x0
 *(.entry)
 .entry         0x01000000        0x0 ../Lab1_bsp//obj/HAL/src/crt0.o
                0x01000000                __reset

.exceptions     0x00000020      0x228
                0x00000020                PROVIDE (__ram_exceptions_start, ABSOLUTE (.))
                0x00000020                . = ALIGN (0x20)
 *(.irq)
 *(.exceptions.entry.label)
 *(.exceptions.entry.user)
 *(.exceptions.entry)
 .exceptions.entry
                0x00000020       0x8c obj/default/FreeRTOS/port_asm.o
 *(.exceptions.irqtest.user)
 *(.exceptions.irqtest)
 .exceptions.irqtest
                0x000000ac       0x14 obj/default/FreeRTOS/port_asm.o
 *(.exceptions.irqhandler.user)
 *(.exceptions.irqhandler)
 .exceptions.irqhandler
                0x000000c0        0x4 obj/default/FreeRTOS/port_asm.o
 *(.exceptions.irqreturn.user)
 *(.exceptions.irqreturn)
 .exceptions.irqreturn
                0x000000c4       0x8c obj/default/FreeRTOS/port_asm.o
                0x000000c4                restore_sp_from_pxCurrentTCB
 *(.exceptions.notirq.label)
 *(.exceptions.notirq.user)
 *(.exceptions.notirq)
 *(.exceptions.soft.user)
 *(.exceptions.soft)
 .exceptions.soft
                0x00000150       0x2c obj/default/FreeRTOS/port_asm.o
 *(.exceptions.unknown.user)
 *(.exceptions.unknown)
 *(.exceptions.exit.label)
 *(.exceptions.exit.user)
 *(.exceptions.exit)
 *(.exceptions)
 .exceptions    0x0000017c       0xcc ../Lab1_bsp/\libhal_bsp.a(alt_irq_handler.o)
                0x0000017c                alt_irq_handler
                0x00000248                PROVIDE (__ram_exceptions_end, ABSOLUTE (.))
                0x00000020                PROVIDE (__flash_exceptions_start, LOADADDR (.exceptions))

.text           0x00000248    0x16f08
                0x00000248                PROVIDE (stext, ABSOLUTE (.))
 *(.interp)
 *(.hash)
 *(.dynsym)
 *(.dynstr)
 *(.gnu.version)
 *(.gnu.version_d)
 *(.gnu.version_r)
 *(.rel.init)
 *(.rela.init)
 *(.rel.text .rel.text.* .rel.gnu.linkonce.t.*)
 *(.rela.text .rela.text.* .rela.gnu.linkonce.t.*)
 *(.rel.fini)
 *(.rela.fini)
 *(.rel.rodata .rel.rodata.* .rel.gnu.linkonce.r.*)
 *(.rela.rodata .rela.rodata.* .rela.gnu.linkonce.r.*)
 *(.rel.data .rel.data.* .rel.gnu.linkonce.d.*)
 *(.rela.data .rela.data.* .rela.gnu.linkonce.d.*)
 *(.rel.tdata .rel.tdata.* .rel.gnu.linkonce.td.*)
 *(.rela.tdata .rela.tdata.* .rela.gnu.linkonce.td.*)
 *(.rel.tbss .rel.tbss.* .rel.gnu.linkonce.tb.*)
 *(.rela.tbss .rela.tbss.* .rela.gnu.linkonce.tb.*)
 *(.rel.ctors)
 *(.rela.ctors)
 *(.rel.dtors)
 *(.rela.dtors)
 *(.rel.got)
 *(.rela.got)
 *(.rel.sdata .rel.sdata.* .rel.gnu.linkonce.s.*)
 *(.rela.sdata .rela.sdata.* .rela.gnu.linkonce.s.*)
 *(.rel.sbss .rel.sbss.* .rel.gnu.linkonce.sb.*)
 *(.rela.sbss .rela.sbss.* .rela.gnu.linkonce.sb.*)
 *(.rel.sdata2 .rel.sdata2.* .rel.gnu.linkonce.s2.*)
 *(.rela.sdata2 .rela.sdata2.* .rela.gnu.linkonce.s2.*)
 *(.rel.sbss2 .rel.sbss2.* .rel.gnu.linkonce.sb2.*)
 *(.rela.sbss2 .rela.sbss2.* .rela.gnu.linkonce.sb2.*)
 *(.rel.bss .rel.bss.* .rel.gnu.linkonce.b.*)
 *(.rela.bss .rela.bss.* .rela.gnu.linkonce.b.*)
 *(.rel.plt)
 *(.rela.plt)
 *(.rel.dyn)
 *(.init)
 *(.plt)
 *(.text .stub .text.* .gnu.linkonce.t.*)
 .text          0x00000248       0x48 ../Lab1_bsp//obj/HAL/src/crt0.o
                0x00000248                _start
 .text          0x00000290      0x60c obj/default/FreeRTOS/croutine.o
                0x00000290                xCoRoutineCreate
                0x000003d0                vCoRoutineAddToDelayedList
                0x00000694                vCoRoutineSchedule
                0x0000081c                xCoRoutineRemoveFromEventList
 .text          0x0000089c      0x720 obj/default/FreeRTOS/event_groups.o
                0x0000089c                xEventGroupCreate
                0x000008f0                xEventGroupSync
                0x00000a74                xEventGroupWaitBits
                0x00000c34                xEventGroupClearBits
                0x00000c9c                xEventGroupGetBitsFromISR
                0x00000cd8                xEventGroupSetBits
                0x00000e64                vEventGroupDelete
                0x00000ed4                vEventGroupSetBitsCallback
                0x00000f0c                vEventGroupClearBitsCallback
 .text          0x00000fbc      0x448 obj/default/FreeRTOS/heap.o
                0x00000fbc                pvPortMalloc
                0x00001150                vPortFree
                0x000011d0                xPortGetFreeHeapSize
                0x000011f0                vPortInitialiseBlocks
 .text          0x00001404      0x28c obj/default/FreeRTOS/list.o
                0x00001404                vListInitialise
                0x00001474                vListInitialiseItem
                0x0000149c                vListInsertEnd
                0x00001524                vListInsert
                0x000015f8                uxListRemove
 .text          0x00001690      0x434 obj/default/FreeRTOS/port.o
                0x00001690                vApplicationStackOverflowHook
                0x000016f4                pxPortInitialiseStack
                0x000017dc                xPortStartScheduler
                0x00001814                vPortEndScheduler
                0x000018c8                vPortSysTickHandler
                0x00001914                alt_irq_register
 .text          0x00001ac4     0x1134 obj/default/FreeRTOS/queue.o
                0x00001ac4                xQueueGenericReset
                0x00001bd8                xQueueGenericCreate
                0x00001cb4                xQueueCreateMutex
                0x00001d78                xQueueGiveMutexRecursive
                0x00001e0c                xQueueTakeMutexRecursive
                0x00001eb4                xQueueCreateCountingSemaphore
                0x00001f10                xQueueGenericSend
                0x000020c0                xQueueGenericSendFromISR
                0x000021a8                xQueueGiveFromISR
                0x00002280                xQueueGenericReceive
                0x000024ac                xQueueReceiveFromISR
                0x00002590                xQueuePeekFromISR
                0x00002610                uxQueueMessagesWaiting
                0x00002650                uxQueueSpacesAvailable
                0x000026a4                uxQueueMessagesWaitingFromISR
                0x000026d4                vQueueDelete
                0x00002a80                xQueueIsQueueEmptyFromISR
                0x00002b1c                xQueueIsQueueFullFromISR
                0x00002b64                vQueueWaitForMessageRestricted
 .text          0x00002bf8     0x1c94 obj/default/FreeRTOS/tasks.o
                0x00002bf8                xTaskGenericCreate
                0x00002dc0                vTaskDelete
                0x00002e98                vTaskDelay
                0x00002f10                vTaskStartScheduler
                0x00002fac                vTaskEndScheduler
                0x00002ff0                vTaskSuspendAll
                0x00003018                xTaskResumeAll
                0x00003168                xTaskGetTickCount
                0x00003190                xTaskGetTickCountFromISR
                0x000031bc                uxTaskGetNumberOfTasks
                0x000031dc                xTaskIncrementTick
                0x000033b8                vTaskSwitchContext
                0x000034e8                vTaskPlaceOnEventList
                0x00003548                vTaskPlaceOnUnorderedEventList
                0x000035bc                vTaskPlaceOnEventListRestricted
                0x0000361c                xTaskRemoveFromEventList
                0x00003704                xTaskRemoveFromUnorderedEventList
                0x000037d4                vTaskSetTimeOutState
                0x0000380c                xTaskCheckForTimeOut
                0x000038d0                vTaskMissedYield
                0x00003d50                uxTaskGetStackHighWaterMark
                0x00003e6c                xTaskGetCurrentTaskHandle
                0x00003e94                xTaskGetSchedulerState
                0x00003ee8                vTaskPriorityInherit
                0x00004018                xTaskPriorityDisinherit
                0x00004114                vTaskEnterCritical
                0x00004168                vTaskExitCritical
                0x000041d0                uxTaskResetEventItemValue
                0x00004214                pvTaskIncrementMutexHeldCount
                0x00004250                ulTaskNotifyTake
                0x00004328                xTaskNotifyWait
                0x00004434                xTaskNotify
                0x000045bc                xTaskNotifyFromISR
                0x0000477c                vTaskNotifyGiveFromISR
 .text          0x0000488c      0x8b0 obj/default/FreeRTOS/timers.o
                0x0000488c                xTimerCreateTimerTask
                0x000048fc                xTimerCreate
                0x000049ac                xTimerGenericCommand
                0x00004a74                pcTimerGetTimerName
                0x000050c0                xTimerIsTimerActive
                0x0000510c                pvTimerGetTimerID
 .text          0x0000513c      0x728 obj/default/freertos_semaphore.o
                0x0000513c                counter_task
                0x0000517c                lcd_task1
                0x000051fc                lcd_task2
                0x0000527c                print_status_task
                0x00005364                getsem_task1
                0x00005424                getsem_task2
                0x000054e4                send_task
                0x00005544                receive_task1
                0x00005584                receive_task2
                0x000055c4                main
                0x000055f4                lcdInit
                0x00005630                initOSDataStructs
                0x0000568c                initCreateTasks
 .text          0x00005864        0x0 obj/default/FreeRTOS/port_asm.o
 .text          0x00005864      0x110 c:/altera/13.0/nios2eds/bin/gnu/h-i686-mingw32/bin/../lib/gcc/nios2-elf/4.1.2/../../../../nios2-elf/lib\libc.a(lib_a-fopen.o)
                0x00005864                _fopen_r
                0x00005958                fopen
 .text          0x00005974       0x60 c:/altera/13.0/nios2eds/bin/gnu/h-i686-mingw32/bin/../lib/gcc/nios2-elf/4.1.2/../../../../nios2-elf/lib\libc.a(lib_a-fprintf.o)
                0x00005974                fprintf
                0x000059a0                _fprintf_r
 .text          0x000059d4      0x460 c:/altera/13.0/nios2eds/bin/gnu/h-i686-mingw32/bin/../lib/gcc/nios2-elf/4.1.2/../../../../nios2-elf/lib\libc.a(lib_a-fseek.o)
                0x000059d4                _fseek_r
                0x00005e10                fseek
 .text          0x00005e34       0x74 c:/altera/13.0/nios2eds/bin/gnu/h-i686-mingw32/bin/../lib/gcc/nios2-elf/4.1.2/../../../../nios2-elf/lib\libc.a(lib_a-fstatr.o)
                0x00005e34                _fstat_r
 .text          0x00005ea8       0xdc c:/altera/13.0/nios2eds/bin/gnu/h-i686-mingw32/bin/../lib/gcc/nios2-elf/4.1.2/../../../../nios2-elf/lib\libc.a(lib_a-fwrite.o)
                0x00005ea8                _fwrite_r
                0x00005f44                fwrite
 .text          0x00005f84        0x0 c:/altera/13.0/nios2eds/bin/gnu/h-i686-mingw32/bin/../lib/gcc/nios2-elf/4.1.2/../../../../nios2-elf/lib\libc.a(lib_a-impure.o)
 .text          0x00005f84        0x0 c:/altera/13.0/nios2eds/bin/gnu/h-i686-mingw32/bin/../lib/gcc/nios2-elf/4.1.2/../../../../nios2-elf/lib\libc.a(lib_a-int_errno.o)
 .text          0x00005f84      0x194 c:/altera/13.0/nios2eds/bin/gnu/h-i686-mingw32/bin/../lib/gcc/nios2-elf/4.1.2/../../../../nios2-elf/lib\libc.a(lib_a-makebuf.o)
                0x00005f84                __smakebuf_r
 .text          0x00006118      0x740 c:/altera/13.0/nios2eds/bin/gnu/h-i686-mingw32/bin/../lib/gcc/nios2-elf/4.1.2/../../../../nios2-elf/lib\libc.a(lib_a-mallocr.o)
                0x00006118                _malloc_r
 .text          0x00006858       0x74 c:/altera/13.0/nios2eds/bin/gnu/h-i686-mingw32/bin/../lib/gcc/nios2-elf/4.1.2/../../../../nios2-elf/lib\libc.a(lib_a-memcmp.o)
                0x00006858                memcmp
 .text          0x000068cc       0xa0 c:/altera/13.0/nios2eds/bin/gnu/h-i686-mingw32/bin/../lib/gcc/nios2-elf/4.1.2/../../../../nios2-elf/lib\libc.a(lib_a-memcpy.o)
                0x000068cc                memcpy
 .text          0x0000696c       0x98 c:/altera/13.0/nios2eds/bin/gnu/h-i686-mingw32/bin/../lib/gcc/nios2-elf/4.1.2/../../../../nios2-elf/lib\libc.a(lib_a-memset.o)
                0x0000696c                memset
 .text          0x00006a04       0x78 c:/altera/13.0/nios2eds/bin/gnu/h-i686-mingw32/bin/../lib/gcc/nios2-elf/4.1.2/../../../../nios2-elf/lib\libc.a(lib_a-openr.o)
                0x00006a04                _open_r
 .text          0x00006a7c       0x78 c:/altera/13.0/nios2eds/bin/gnu/h-i686-mingw32/bin/../lib/gcc/nios2-elf/4.1.2/../../../../nios2-elf/lib\libc.a(lib_a-printf.o)
                0x00006a7c                printf
                0x00006ac0                _printf_r
 .text          0x00006af4       0x24 c:/altera/13.0/nios2eds/bin/gnu/h-i686-mingw32/bin/../lib/gcc/nios2-elf/4.1.2/../../../../nios2-elf/lib\libc.a(lib_a-putchar.o)
                0x00006af4                putchar
                0x00006b10                _putchar_r
 .text          0x00006b18       0xb4 c:/altera/13.0/nios2eds/bin/gnu/h-i686-mingw32/bin/../lib/gcc/nios2-elf/4.1.2/../../../../nios2-elf/lib\libc.a(lib_a-puts.o)
                0x00006b18                _puts_r
                0x00006bb8                puts
 .text          0x00006bcc      0x1e0 c:/altera/13.0/nios2eds/bin/gnu/h-i686-mingw32/bin/../lib/gcc/nios2-elf/4.1.2/../../../../nios2-elf/lib\libc.a(lib_a-refill.o)
                0x00006bcc                __srefill_r
 .text          0x00006dac       0x70 c:/altera/13.0/nios2eds/bin/gnu/h-i686-mingw32/bin/../lib/gcc/nios2-elf/4.1.2/../../../../nios2-elf/lib\libc.a(lib_a-sbrkr.o)
                0x00006dac                _sbrk_r
 .text          0x00006e1c      0x14c c:/altera/13.0/nios2eds/bin/gnu/h-i686-mingw32/bin/../lib/gcc/nios2-elf/4.1.2/../../../../nios2-elf/lib\libc.a(lib_a-stdio.o)
                0x00006e1c                __sclose
                0x00006e24                __sseek
                0x00006e8c                __swrite
                0x00006f08                __sread
 .text          0x00006f68       0x74 c:/altera/13.0/nios2eds/bin/gnu/h-i686-mingw32/bin/../lib/gcc/nios2-elf/4.1.2/../../../../nios2-elf/lib\libc.a(lib_a-strlen.o)
                0x00006f68                strlen
 .text          0x00006fdc     0x1f28 c:/altera/13.0/nios2eds/bin/gnu/h-i686-mingw32/bin/../lib/gcc/nios2-elf/4.1.2/../../../../nios2-elf/lib\libc.a(lib_a-vfprintf.o)
                0x00007034                ___vfprintf_internal_r
                0x00008ee0                __vfprintf_internal
 .text          0x00008f04       0x78 c:/altera/13.0/nios2eds/bin/gnu/h-i686-mingw32/bin/../lib/gcc/nios2-elf/4.1.2/../../../../nios2-elf/lib\libc.a(lib_a-writer.o)
                0x00008f04                _write_r
 .text          0x00008f7c      0x13c c:/altera/13.0/nios2eds/bin/gnu/h-i686-mingw32/bin/../lib/gcc/nios2-elf/4.1.2/../../../../nios2-elf/lib\libc.a(lib_a-wsetup.o)
                0x00008f7c                __swsetup_r
 .text          0x000090b8       0x70 c:/altera/13.0/nios2eds/bin/gnu/h-i686-mingw32/bin/../lib/gcc/nios2-elf/4.1.2/../../../../nios2-elf/lib\libc.a(lib_a-closer.o)
                0x000090b8                _close_r
 .text          0x00009128     0x17cc c:/altera/13.0/nios2eds/bin/gnu/h-i686-mingw32/bin/../lib/gcc/nios2-elf/4.1.2/../../../../nios2-elf/lib\libc.a(lib_a-dtoa.o)
                0x00009340                _dtoa_r
 .text          0x0000a8f4      0x230 c:/altera/13.0/nios2eds/bin/gnu/h-i686-mingw32/bin/../lib/gcc/nios2-elf/4.1.2/../../../../nios2-elf/lib\libc.a(lib_a-fflush.o)
                0x0000a8f4                _fflush_r
                0x0000aaf0                fflush
 .text          0x0000ab24      0x2c0 c:/altera/13.0/nios2eds/bin/gnu/h-i686-mingw32/bin/../lib/gcc/nios2-elf/4.1.2/../../../../nios2-elf/lib\libc.a(lib_a-findfp.o)
                0x0000ab7c                __sfp_lock_acquire
                0x0000ab80                __sfp_lock_release
                0x0000ab84                __sinit_lock_acquire
                0x0000ab88                __sinit_lock_release
                0x0000ab8c                __sinit
                0x0000ac40                __fp_unlock_all
                0x0000ac58                __fp_lock_all
                0x0000ac70                _cleanup_r
                0x0000ac7c                _cleanup
                0x0000ac8c                __sfmoreglue
                0x0000acf4                __sfp
 .text          0x0000ade4       0xa0 c:/altera/13.0/nios2eds/bin/gnu/h-i686-mingw32/bin/../lib/gcc/nios2-elf/4.1.2/../../../../nios2-elf/lib\libc.a(lib_a-flags.o)
                0x0000ade4                __sflags
 .text          0x0000ae84      0x440 c:/altera/13.0/nios2eds/bin/gnu/h-i686-mingw32/bin/../lib/gcc/nios2-elf/4.1.2/../../../../nios2-elf/lib\libc.a(lib_a-freer.o)
                0x0000ae84                _malloc_trim_r
                0x0000afb0                _free_r
 .text          0x0000b2c4      0x49c c:/altera/13.0/nios2eds/bin/gnu/h-i686-mingw32/bin/../lib/gcc/nios2-elf/4.1.2/../../../../nios2-elf/lib\libc.a(lib_a-fvwrite.o)
                0x0000b2c4                __sfvwrite_r
 .text          0x0000b760      0x180 c:/altera/13.0/nios2eds/bin/gnu/h-i686-mingw32/bin/../lib/gcc/nios2-elf/4.1.2/../../../../nios2-elf/lib\libc.a(lib_a-fwalk.o)
                0x0000b760                _fwalk_reent
                0x0000b828                _fwalk
 .text          0x0000b8e0       0x70 c:/altera/13.0/nios2eds/bin/gnu/h-i686-mingw32/bin/../lib/gcc/nios2-elf/4.1.2/../../../../nios2-elf/lib\libc.a(lib_a-isattyr.o)
                0x0000b8e0                _isatty_r
 .text          0x0000b950       0xc4 c:/altera/13.0/nios2eds/bin/gnu/h-i686-mingw32/bin/../lib/gcc/nios2-elf/4.1.2/../../../../nios2-elf/lib\libc.a(lib_a-locale.o)
                0x0000b950                __locale_charset
                0x0000b958                _localeconv_r
                0x0000b964                localeconv
                0x0000b974                _setlocale_r
                0x0000b9f8                setlocale
 .text          0x0000ba14       0x78 c:/altera/13.0/nios2eds/bin/gnu/h-i686-mingw32/bin/../lib/gcc/nios2-elf/4.1.2/../../../../nios2-elf/lib\libc.a(lib_a-lseekr.o)
                0x0000ba14                _lseek_r
 .text          0x0000ba8c       0xe4 c:/altera/13.0/nios2eds/bin/gnu/h-i686-mingw32/bin/../lib/gcc/nios2-elf/4.1.2/../../../../nios2-elf/lib\libc.a(lib_a-memchr.o)
                0x0000ba8c                memchr
 .text          0x0000bb70       0xe0 c:/altera/13.0/nios2eds/bin/gnu/h-i686-mingw32/bin/../lib/gcc/nios2-elf/4.1.2/../../../../nios2-elf/lib\libc.a(lib_a-memmove.o)
                0x0000bb70                memmove
 .text          0x0000bc50      0xff4 c:/altera/13.0/nios2eds/bin/gnu/h-i686-mingw32/bin/../lib/gcc/nios2-elf/4.1.2/../../../../nios2-elf/lib\libc.a(lib_a-mprec.o)
                0x0000bc50                _Bfree
                0x0000bc78                __hi0bits
                0x0000bce8                __lo0bits
                0x0000bdac                __mcmp
                0x0000be0c                __ulp
                0x0000be8c                __b2d
                0x0000bfac                __ratio
                0x0000c05c                _mprec_log10
                0x0000c0f0                __copybits
                0x0000c148                __any_on
                0x0000c1d0                _Balloc
                0x0000c28c                __d2b
                0x0000c408                __mdiff
                0x0000c594                __lshift
                0x0000c6e0                __multiply
                0x0000c8c8                __i2b
                0x0000c904                __multadd
                0x0000ca04                __pow5mult
                0x0000cb24                __s2b
 .text          0x0000cc44      0x1ec c:/altera/13.0/nios2eds/bin/gnu/h-i686-mingw32/bin/../lib/gcc/nios2-elf/4.1.2/../../../../nios2-elf/lib\libc.a(lib_a-putc.o)
                0x0000cc44                putc
                0x0000cd48                _putc_r
 .text          0x0000ce30       0x78 c:/altera/13.0/nios2eds/bin/gnu/h-i686-mingw32/bin/../lib/gcc/nios2-elf/4.1.2/../../../../nios2-elf/lib\libc.a(lib_a-readr.o)
                0x0000ce30                _read_r
 .text          0x0000cea8      0x5f4 c:/altera/13.0/nios2eds/bin/gnu/h-i686-mingw32/bin/../lib/gcc/nios2-elf/4.1.2/../../../../nios2-elf/lib\libc.a(lib_a-reallocr.o)
                0x0000cea8                _realloc_r
 .text          0x0000d49c       0x40 c:/altera/13.0/nios2eds/bin/gnu/h-i686-mingw32/bin/../lib/gcc/nios2-elf/4.1.2/../../../../nios2-elf/lib\libc.a(lib_a-s_isinfd.o)
                0x0000d49c                __isinfd
 .text          0x0000d4dc       0x30 c:/altera/13.0/nios2eds/bin/gnu/h-i686-mingw32/bin/../lib/gcc/nios2-elf/4.1.2/../../../../nios2-elf/lib\libc.a(lib_a-s_isnand.o)
                0x0000d4dc                __isnand
 .text          0x0000d50c       0xbc c:/altera/13.0/nios2eds/bin/gnu/h-i686-mingw32/bin/../lib/gcc/nios2-elf/4.1.2/../../../../nios2-elf/lib\libc.a(lib_a-strcmp.o)
                0x0000d50c                strcmp
 .text          0x0000d5c8      0x14c c:/altera/13.0/nios2eds/bin/gnu/h-i686-mingw32/bin/../lib/gcc/nios2-elf/4.1.2/../../../../nios2-elf/lib\libc.a(lib_a-wbuf.o)
                0x0000d5c8                __swbuf_r
                0x0000d6f8                __swbuf
 .text          0x0000d714       0xb4 c:/altera/13.0/nios2eds/bin/gnu/h-i686-mingw32/bin/../lib/gcc/nios2-elf/4.1.2/../../../../nios2-elf/lib\libc.a(lib_a-callocr.o)
                0x0000d714                _calloc_r
 .text          0x0000d7c8      0x124 c:/altera/13.0/nios2eds/bin/gnu/h-i686-mingw32/bin/../lib/gcc/nios2-elf/4.1.2/../../../../nios2-elf/lib\libc.a(lib_a-fclose.o)
                0x0000d7c8                _fclose_r
                0x0000d8d8                fclose
 .text          0x0000d8ec      0x5dc c:/altera/13.0/nios2eds/bin/gnu/h-i686-mingw32/bin/../lib/gcc/nios2-elf/4.1.2\libgcc.a(_udivdi3.o)
                0x0000d8ec                __udivdi3
 .text          0x0000dec8      0x5b0 c:/altera/13.0/nios2eds/bin/gnu/h-i686-mingw32/bin/../lib/gcc/nios2-elf/4.1.2\libgcc.a(_umoddi3.o)
                0x0000dec8                __umoddi3
 .text          0x0000e478      0x504 c:/altera/13.0/nios2eds/bin/gnu/h-i686-mingw32/bin/../lib/gcc/nios2-elf/4.1.2\libgcc.a(_addsub_df.o)
                0x0000e888                __subdf3
                0x0000e908                __adddf3
 .text          0x0000e97c      0x3c4 c:/altera/13.0/nios2eds/bin/gnu/h-i686-mingw32/bin/../lib/gcc/nios2-elf/4.1.2\libgcc.a(_mul_df.o)
                0x0000e97c                __muldf3
 .text          0x0000ed40      0x258 c:/altera/13.0/nios2eds/bin/gnu/h-i686-mingw32/bin/../lib/gcc/nios2-elf/4.1.2\libgcc.a(_div_df.o)
                0x0000ed40                __divdf3
 .text          0x0000ef98       0x88 c:/altera/13.0/nios2eds/bin/gnu/h-i686-mingw32/bin/../lib/gcc/nios2-elf/4.1.2\libgcc.a(_eq_df.o)
                0x0000ef98                __eqdf2
 .text          0x0000f020       0x88 c:/altera/13.0/nios2eds/bin/gnu/h-i686-mingw32/bin/../lib/gcc/nios2-elf/4.1.2\libgcc.a(_ne_df.o)
                0x0000f020                __nedf2
 .text          0x0000f0a8       0x88 c:/altera/13.0/nios2eds/bin/gnu/h-i686-mingw32/bin/../lib/gcc/nios2-elf/4.1.2\libgcc.a(_gt_df.o)
                0x0000f0a8                __gtdf2
 .text          0x0000f130       0x88 c:/altera/13.0/nios2eds/bin/gnu/h-i686-mingw32/bin/../lib/gcc/nios2-elf/4.1.2\libgcc.a(_ge_df.o)
                0x0000f130                __gedf2
 .text          0x0000f1b8       0x88 c:/altera/13.0/nios2eds/bin/gnu/h-i686-mingw32/bin/../lib/gcc/nios2-elf/4.1.2\libgcc.a(_lt_df.o)
                0x0000f1b8                __ltdf2
 .text          0x0000f240       0xf8 c:/altera/13.0/nios2eds/bin/gnu/h-i686-mingw32/bin/../lib/gcc/nios2-elf/4.1.2\libgcc.a(_si_to_df.o)
                0x0000f240                __floatsidf
 .text          0x0000f338       0xd8 c:/altera/13.0/nios2eds/bin/gnu/h-i686-mingw32/bin/../lib/gcc/nios2-elf/4.1.2\libgcc.a(_df_to_si.o)
                0x0000f338                __fixdfsi
 .text          0x0000f410        0x0 c:/altera/13.0/nios2eds/bin/gnu/h-i686-mingw32/bin/../lib/gcc/nios2-elf/4.1.2\libgcc.a(_thenan_df.o)
 .text          0x0000f410      0x194 c:/altera/13.0/nios2eds/bin/gnu/h-i686-mingw32/bin/../lib/gcc/nios2-elf/4.1.2\libgcc.a(_usi_to_df.o)
                0x0000f410                __floatunsidf
 .text          0x0000f5a4      0x14c c:/altera/13.0/nios2eds/bin/gnu/h-i686-mingw32/bin/../lib/gcc/nios2-elf/4.1.2\libgcc.a(lib2-divmod.o)
                0x0000f620                __divsi3
                0x0000f680                __modsi3
                0x0000f6e0                __udivsi3
                0x0000f6e8                __umodsi3
 .text          0x0000f6f0       0x98 c:/altera/13.0/nios2eds/bin/gnu/h-i686-mingw32/bin/../lib/gcc/nios2-elf/4.1.2\libgcc.a(_muldi3.o)
                0x0000f6f0                __muldi3
 .text          0x0000f788        0x0 c:/altera/13.0/nios2eds/bin/gnu/h-i686-mingw32/bin/../lib/gcc/nios2-elf/4.1.2\libgcc.a(_clz.o)
 .text          0x0000f788       0x80 c:/altera/13.0/nios2eds/bin/gnu/h-i686-mingw32/bin/../lib/gcc/nios2-elf/4.1.2\libgcc.a(_clzsi2.o)
                0x0000f788                __clzsi2
 .text          0x0000f808      0x314 c:/altera/13.0/nios2eds/bin/gnu/h-i686-mingw32/bin/../lib/gcc/nios2-elf/4.1.2\libgcc.a(_pack_df.o)
                0x0000f808                __pack_d
 .text          0x0000fb1c      0x138 c:/altera/13.0/nios2eds/bin/gnu/h-i686-mingw32/bin/../lib/gcc/nios2-elf/4.1.2\libgcc.a(_unpack_df.o)
                0x0000fb1c                __unpack_d
 .text          0x0000fc54       0xc8 c:/altera/13.0/nios2eds/bin/gnu/h-i686-mingw32/bin/../lib/gcc/nios2-elf/4.1.2\libgcc.a(_fpcmp_parts_df.o)
                0x0000fc54                __fpcmp_parts_d
 .text          0x0000fd1c      0x15c ../Lab1_bsp/\libhal_bsp.a(alt_close.o)
                0x0000fd1c                close
 .text          0x0000fe78       0x2c ../Lab1_bsp/\libhal_bsp.a(alt_dev.o)
 .text          0x0000fea4        0x0 ../Lab1_bsp/\libhal_bsp.a(alt_errno.o)
 .text          0x0000fea4      0x134 ../Lab1_bsp/\libhal_bsp.a(alt_fstat.o)
                0x0000fea4                fstat
 .text          0x0000ffd8        0x0 ../Lab1_bsp/\libhal_bsp.a(alt_irq_handler.o)
 .text          0x0000ffd8        0x0 ../Lab1_bsp/\libhal_bsp.a(alt_irq_vars.o)
 .text          0x0000ffd8      0x120 ../Lab1_bsp/\libhal_bsp.a(alt_isatty.o)
                0x0000ffd8                isatty
 .text          0x000100f8      0x150 ../Lab1_bsp/\libhal_bsp.a(alt_lseek.o)
                0x000100f8                lseek
 .text          0x00010248       0x6c ../Lab1_bsp/\libhal_bsp.a(alt_main.o)
                0x00010248                alt_main
 .text          0x000102b4       0x40 ../Lab1_bsp/\libhal_bsp.a(alt_malloc_lock.o)
                0x000102b4                __malloc_lock
                0x000102d4                __malloc_unlock
 .text          0x000102f4      0x2c4 ../Lab1_bsp/\libhal_bsp.a(alt_open.o)
                0x000103d0                open
 .text          0x000105b8      0x180 ../Lab1_bsp/\libhal_bsp.a(alt_read.o)
                0x000105b8                read
 .text          0x00010738       0x60 ../Lab1_bsp/\libhal_bsp.a(alt_release_fd.o)
                0x00010738                alt_release_fd
 .text          0x00010798       0xbc ../Lab1_bsp/\libhal_bsp.a(alt_sbrk.o)
                0x00010798                sbrk
 .text          0x00010854      0x180 ../Lab1_bsp/\libhal_bsp.a(alt_write.o)
                0x00010854                write
 .text          0x000109d4      0x3d8 ../Lab1_bsp/\libhal_bsp.a(alt_sys_init.o)
                0x000109d4                alt_irq_init
                0x00010a08                alt_sys_init
 .text          0x00010dac      0x8d8 ../Lab1_bsp/\libhal_bsp.a(altera_avalon_cfi_flash.o)
                0x00010dac                alt_flash_cfi_init
                0x00010e80                alt_flash_cfi_write
                0x00011140                alt_flash_cfi_get_info
                0x000111d0                alt_flash_cfi_read
                0x00011238                alt_write_value_to_flash
                0x0001139c                alt_flash_program_block
 .text          0x00011684     0x14a8 ../Lab1_bsp/\libhal_bsp.a(altera_avalon_cfi_flash_table.o)
                0x00011684                alt_read_query_entry_8bit
                0x000116c4                alt_read_query_entry_16bit
                0x00011708                alt_read_query_entry_32bit
                0x00011750                alt_write_flash_command_8bit_device_8bit_mode
                0x0001178c                alt_write_flash_command_16bit_device_8bit_mode
                0x00011808                alt_write_flash_command_32bit_device_8bit_mode
                0x00011850                alt_write_flash_command_16bit_device_16bit_mode
                0x00011894                alt_write_flash_command_32bit_device_16bit_mode
                0x000118dc                alt_write_flash_command_32bit_device_32bit_mode
                0x00011924                alt_write_native_8bit
                0x00011958                alt_write_native_16bit
                0x0001198c                alt_write_native_32bit
                0x000119bc                alt_set_flash_width_func
                0x00011b9c                alt_set_flash_algorithm_func
                0x00011cc4                alt_read_cfi_table
                0x000122a4                alt_read_cfi_width
                0x00012a50                alt_check_primary_table
 .text          0x00012b2c      0x148 ../Lab1_bsp/\libhal_bsp.a(altera_avalon_jtag_uart_fd.o)
                0x00012b2c                altera_avalon_jtag_uart_read_fd
                0x00012b84                altera_avalon_jtag_uart_write_fd
                0x00012bdc                altera_avalon_jtag_uart_close_fd
                0x00012c24                altera_avalon_jtag_uart_ioctl_fd
 .text          0x00012c74      0x408 ../Lab1_bsp/\libhal_bsp.a(altera_avalon_jtag_uart_init.o)
                0x00012c74                altera_avalon_jtag_uart_init
                0x00013008                altera_avalon_jtag_uart_close
 .text          0x0001307c       0xf4 ../Lab1_bsp/\libhal_bsp.a(altera_avalon_jtag_uart_ioctl.o)
                0x0001307c                altera_avalon_jtag_uart_ioctl
 .text          0x00013170      0x224 ../Lab1_bsp/\libhal_bsp.a(altera_avalon_jtag_uart_read.o)
                0x00013170                altera_avalon_jtag_uart_read
 .text          0x00013394      0x240 ../Lab1_bsp/\libhal_bsp.a(altera_avalon_jtag_uart_write.o)
                0x00013394                altera_avalon_jtag_uart_write
 .text          0x000135d4      0xee0 ../Lab1_bsp/\libhal_bsp.a(altera_avalon_lcd_16207.o)
                0x00013da8                altera_avalon_lcd_16207_write
                0x00014378                altera_avalon_lcd_16207_init
 .text          0x000144b4       0x58 ../Lab1_bsp/\libhal_bsp.a(altera_avalon_lcd_16207_fd.o)
                0x000144b4                altera_avalon_lcd_16207_write_fd
 .text          0x0001450c       0xfc ../Lab1_bsp/\libhal_bsp.a(altera_avalon_timer_sc.o)
                0x00014580                alt_avalon_timer_sc_init
 .text          0x00014608       0xf8 ../Lab1_bsp/\libhal_bsp.a(altera_avalon_uart_fd.o)
                0x00014608                altera_avalon_uart_read_fd
                0x00014660                altera_avalon_uart_write_fd
                0x000146b8                altera_avalon_uart_close_fd
 .text          0x00014700      0x3fc ../Lab1_bsp/\libhal_bsp.a(altera_avalon_uart_init.o)
                0x00014700                altera_avalon_uart_init
                0x00014a9c                altera_avalon_uart_close
 .text          0x00014afc      0x290 ../Lab1_bsp/\libhal_bsp.a(altera_avalon_uart_read.o)
                0x00014afc                altera_avalon_uart_read
 .text          0x00014d8c      0x228 ../Lab1_bsp/\libhal_bsp.a(altera_avalon_uart_write.o)
                0x00014d8c                altera_avalon_uart_write
 .text          0x00014fb4      0x700 ../Lab1_bsp/\libhal_bsp.a(altera_up_avalon_ps2.o)
                0x00014fb4                read_RI_bit
                0x00014fe8                read_RE_bit
                0x00015018                read_CE_bit
                0x0001504c                read_num_bytes_available
                0x00015080                read_data_valid
                0x000150b4                read_data_byte
                0x000150e0                alt_up_ps2_init
                0x000151ac                alt_up_ps2_enable_read_interrupt
                0x00015200                alt_up_ps2_disable_read_interrupt
                0x00015258                alt_up_ps2_write_data_byte
                0x000152d0                alt_up_ps2_wait_for_ack
                0x00015340                alt_up_ps2_write_data_byte_with_ack
                0x000153ac                alt_up_ps2_read_data_byte_timeout
                0x0001545c                alt_up_ps2_read_data_byte
                0x000154d8                alt_up_ps2_clear_fifo
                0x00015530                alt_up_ps2_read_fd
                0x000155cc                alt_up_ps2_write_fd
                0x00015674                alt_up_ps2_open_dev
 .text          0x000156b4      0x304 ../Lab1_bsp/\libhal_bsp.a(altera_up_avalon_video_character_buffer_with_dma.o)
                0x000156b4                alt_up_char_buffer_init
                0x00015738                alt_up_char_buffer_open_dev
                0x00015778                alt_up_char_buffer_draw
                0x00015848                alt_up_char_buffer_string
                0x0001595c                alt_up_char_buffer_clear
 .text          0x000159b8      0x154 ../Lab1_bsp/\libhal_bsp.a(alt_alarm_start.o)
                0x000159b8                alt_alarm_start
 .text          0x00015b0c       0x78 ../Lab1_bsp/\libhal_bsp.a(alt_dcache_flush.o)
                0x00015b0c                alt_dcache_flush
 .text          0x00015b84      0x114 ../Lab1_bsp/\libhal_bsp.a(alt_dev_llist_insert.o)
                0x00015b84                alt_dev_llist_insert
 .text          0x00015c98       0x64 ../Lab1_bsp/\libhal_bsp.a(alt_do_ctors.o)
                0x00015c98                _do_ctors
 .text          0x00015cfc       0x64 ../Lab1_bsp/\libhal_bsp.a(alt_do_dtors.o)
                0x00015cfc                _do_dtors
 .text          0x00015d60       0x94 ../Lab1_bsp/\libhal_bsp.a(alt_find_dev.o)
                0x00015d60                alt_find_dev
 .text          0x00015df4      0x120 ../Lab1_bsp/\libhal_bsp.a(alt_find_file.o)
                0x00015df4                alt_find_file
 .text          0x00015f14       0xd0 ../Lab1_bsp/\libhal_bsp.a(alt_flash_dev.o)
                0x00015f14                alt_flash_open_dev
                0x00015f90                alt_flash_close_dev
 .text          0x00015fe4       0xb8 ../Lab1_bsp/\libhal_bsp.a(alt_get_fd.o)
                0x00015fe4                alt_get_fd
 .text          0x0001609c      0x13c ../Lab1_bsp/\libhal_bsp.a(alt_io_redirect.o)
                0x00016160                alt_io_redirect
 .text          0x000161d8      0x1a4 ../Lab1_bsp/\libhal_bsp.a(alt_tick.o)
                0x000161d8                alt_alarm_stop
                0x00016270                alt_tick
 .text          0x0001637c       0x30 ../Lab1_bsp/\libhal_bsp.a(alt_usleep.o)
                0x0001637c                usleep
 .text          0x000163ac       0x20 ../Lab1_bsp/\libhal_bsp.a(altera_nios2_qsys_irq.o)
                0x000163ac                altera_nios2_qsys_irq_init
 .text          0x000163cc      0x460 ../Lab1_bsp/\libhal_bsp.a(altera_avalon_cfi_flash_amd.o)
                0x000163cc                alt_program_amd
                0x00016434                alt_erase_block_amd
 .text          0x0001682c      0x460 ../Lab1_bsp/\libhal_bsp.a(altera_avalon_cfi_flash_intel.o)
                0x0001682c                alt_program_intel
                0x000168b0                alt_erase_block_intel
 .text          0x00016c8c      0x12c ../Lab1_bsp/\libhal_bsp.a(alt_busy_sleep.o)
                0x00016c8c                alt_busy_sleep
 .text          0x00016db8       0x14 c:/altera/13.0/nios2eds/bin/gnu/h-i686-mingw32/bin/../lib/gcc/nios2-elf/4.1.2/../../../../nios2-elf/lib\libc.a(lib_a-atexit.o)
                0x00016db8                atexit
 .text          0x00016dcc        0x0 c:/altera/13.0/nios2eds/bin/gnu/h-i686-mingw32/bin/../lib/gcc/nios2-elf/4.1.2/../../../../nios2-elf/lib\libc.a(lib_a-ctype_.o)
 .text          0x00016dcc       0x38 c:/altera/13.0/nios2eds/bin/gnu/h-i686-mingw32/bin/../lib/gcc/nios2-elf/4.1.2/../../../../nios2-elf/lib\libc.a(lib_a-exit.o)
                0x00016dcc                exit
 .text          0x00016e04      0x134 c:/altera/13.0/nios2eds/bin/gnu/h-i686-mingw32/bin/../lib/gcc/nios2-elf/4.1.2/../../../../nios2-elf/lib\libc.a(lib_a-__atexit.o)
                0x00016e04                __register_exitproc
 .text          0x00016f38      0x1b4 c:/altera/13.0/nios2eds/bin/gnu/h-i686-mingw32/bin/../lib/gcc/nios2-elf/4.1.2/../../../../nios2-elf/lib\libc.a(lib_a-__call_atexit.o)
                0x00016f3c                __call_exitprocs
 .text          0x000170ec       0x60 ../Lab1_bsp/\libhal_bsp.a(alt_exit.o)
                0x0001712c                _exit
 *(.gnu.warning.*)
 *(.fini)
                0x0001714c                PROVIDE (__etext, ABSOLUTE (.))
                0x0001714c                PROVIDE (_etext, ABSOLUTE (.))
                0x0001714c                PROVIDE (etext, ABSOLUTE (.))
 *(.eh_frame_hdr)
                0x0001714c                . = ALIGN (0x4)
                0x0001714c                PROVIDE (__preinit_array_start, ABSOLUTE (.))
 *(.preinit_array)
                0x0001714c                PROVIDE (__preinit_array_end, ABSOLUTE (.))
                0x0001714c                PROVIDE (__init_array_start, ABSOLUTE (.))
 *(.init_array)
                0x0001714c                PROVIDE (__init_array_end, ABSOLUTE (.))
                0x0001714c                PROVIDE (__fini_array_start, ABSOLUTE (.))
 *(.fini_array)
                0x0001714c                PROVIDE (__fini_array_end, ABSOLUTE (.))
 *(.eh_frame)
 *(.gcc_except_table)
 *(.dynamic)
                0x0001714c                PROVIDE (__CTOR_LIST__, ABSOLUTE (.))
 *(.ctors)
 *(SORT(.ctors.*))
 .ctors.65535   0x0001714c        0x4 c:/altera/13.0/nios2eds/bin/gnu/h-i686-mingw32/bin/../lib/gcc/nios2-elf/4.1.2/../../../../nios2-elf/lib\libc.a(lib_a-__call_atexit.o)
                0x00017150                PROVIDE (__CTOR_END__, ABSOLUTE (.))
                0x00017150                PROVIDE (__DTOR_LIST__, ABSOLUTE (.))
 *(.dtors)
 *(SORT(.dtors.*))
                0x00017150                PROVIDE (__DTOR_END__, ABSOLUTE (.))
 *(.jcr)
                0x00017150                . = ALIGN (0x4)

.rodata         0x08000000      0x978
                0x08000000                PROVIDE (__ram_rodata_start, ABSOLUTE (.))
                0x08000000                . = ALIGN (0x4)
 *(.rodata .rodata.* .gnu.linkonce.r.*)
 .rodata        0x08000000       0x34 obj/default/FreeRTOS/port.o
 .rodata        0x08000034       0x1c obj/default/FreeRTOS/tasks.o
 .rodata        0x08000050        0x8 obj/default/FreeRTOS/timers.o
 .rodata        0x08000058      0x2a4 obj/default/freertos_semaphore.o
 .rodata.str1.4
                0x080002fc        0x2 c:/altera/13.0/nios2eds/bin/gnu/h-i686-mingw32/bin/../lib/gcc/nios2-elf/4.1.2/../../../../nios2-elf/lib\libc.a(lib_a-impure.o)
                                  0x4 (size before relaxing)
 *fill*         0x080002fe        0x2 00
 .rodata.str1.4
                0x08000300        0x2 c:/altera/13.0/nios2eds/bin/gnu/h-i686-mingw32/bin/../lib/gcc/nios2-elf/4.1.2/../../../../nios2-elf/lib\libc.a(lib_a-puts.o)
                                  0x4 (size before relaxing)
 *fill*         0x08000302        0x2 00
 .rodata.str1.4
                0x08000304       0x5e c:/altera/13.0/nios2eds/bin/gnu/h-i686-mingw32/bin/../lib/gcc/nios2-elf/4.1.2/../../../../nios2-elf/lib\libc.a(lib_a-vfprintf.o)
                                 0x60 (size before relaxing)
 *fill*         0x08000362        0x2 00
 .rodata        0x08000364       0x20 c:/altera/13.0/nios2eds/bin/gnu/h-i686-mingw32/bin/../lib/gcc/nios2-elf/4.1.2/../../../../nios2-elf/lib\libc.a(lib_a-vfprintf.o)
 .rodata.str1.4
                0x08000384       0x10 c:/altera/13.0/nios2eds/bin/gnu/h-i686-mingw32/bin/../lib/gcc/nios2-elf/4.1.2/../../../../nios2-elf/lib\libc.a(lib_a-dtoa.o)
                                 0x14 (size before relaxing)
 .rodata.str1.4
                0x08000394       0x10 c:/altera/13.0/nios2eds/bin/gnu/h-i686-mingw32/bin/../lib/gcc/nios2-elf/4.1.2/../../../../nios2-elf/lib\libc.a(lib_a-locale.o)
                                 0x18 (size before relaxing)
 .rodata        0x080003a4       0x30 c:/altera/13.0/nios2eds/bin/gnu/h-i686-mingw32/bin/../lib/gcc/nios2-elf/4.1.2/../../../../nios2-elf/lib\libc.a(lib_a-locale.o)
 .rodata        0x080003d4      0x124 c:/altera/13.0/nios2eds/bin/gnu/h-i686-mingw32/bin/../lib/gcc/nios2-elf/4.1.2/../../../../nios2-elf/lib\libc.a(lib_a-mprec.o)
                0x080003d4                __mprec_tens
                0x0800049c                __mprec_bigtens
                0x080004c4                __mprec_tinytens
 .rodata        0x080004f8       0x14 c:/altera/13.0/nios2eds/bin/gnu/h-i686-mingw32/bin/../lib/gcc/nios2-elf/4.1.2\libgcc.a(_thenan_df.o)
                0x080004f8                __thenan_df
 .rodata        0x0800050c      0x100 c:/altera/13.0/nios2eds/bin/gnu/h-i686-mingw32/bin/../lib/gcc/nios2-elf/4.1.2\libgcc.a(_clz.o)
                0x0800050c                __clz_tab
 .rodata        0x0800060c        0xc ../Lab1_bsp/\libhal_bsp.a(alt_dev.o)
 .rodata        0x08000618       0x10 ../Lab1_bsp/\libhal_bsp.a(alt_main.o)
 .rodata        0x08000628       0xb0 ../Lab1_bsp/\libhal_bsp.a(alt_sys_init.o)
 .rodata        0x080006d8       0x1c ../Lab1_bsp/\libhal_bsp.a(altera_up_avalon_video_character_buffer_with_dma.o)
 .rodata        0x080006f4      0x284 c:/altera/13.0/nios2eds/bin/gnu/h-i686-mingw32/bin/../lib/gcc/nios2-elf/4.1.2/../../../../nios2-elf/lib\libc.a(lib_a-ctype_.o)
                0x080006f4                _ctype_
 *(.rodata1)
                0x08000978                . = ALIGN (0x4)
                0x08000978                PROVIDE (__ram_rodata_end, ABSOLUTE (.))
                0x08000000                PROVIDE (__flash_rodata_start, LOADADDR (.rodata))

.rwdata         0x08000978     0x1e0c
                0x08000978                PROVIDE (__ram_rwdata_start, ABSOLUTE (.))
                0x08000978                . = ALIGN (0x4)
 *(.got.plt)
 *(.got)
 *(.data1)
 *(.data .data.* .gnu.linkonce.d.*)
 .data          0x08000978        0x0 ../Lab1_bsp//obj/HAL/src/crt0.o
 .data          0x08000978        0x0 obj/default/FreeRTOS/croutine.o
 .data          0x08000978        0x0 obj/default/FreeRTOS/event_groups.o
 .data          0x08000978        0x0 obj/default/FreeRTOS/heap.o
 .data          0x08000978        0x0 obj/default/FreeRTOS/list.o
 .data          0x08000978        0x0 obj/default/FreeRTOS/port.o
 .data          0x08000978        0x0 obj/default/FreeRTOS/queue.o
 .data          0x08000978        0x0 obj/default/FreeRTOS/tasks.o
 .data          0x08000978        0x0 obj/default/FreeRTOS/timers.o
 .data          0x08000978        0x0 obj/default/freertos_semaphore.o
 .data          0x08000978        0x0 obj/default/FreeRTOS/port_asm.o
 .data          0x08000978        0x0 c:/altera/13.0/nios2eds/bin/gnu/h-i686-mingw32/bin/../lib/gcc/nios2-elf/4.1.2/../../../../nios2-elf/lib\libc.a(lib_a-fopen.o)
 .data          0x08000978        0x0 c:/altera/13.0/nios2eds/bin/gnu/h-i686-mingw32/bin/../lib/gcc/nios2-elf/4.1.2/../../../../nios2-elf/lib\libc.a(lib_a-fprintf.o)
 .data          0x08000978        0x0 c:/altera/13.0/nios2eds/bin/gnu/h-i686-mingw32/bin/../lib/gcc/nios2-elf/4.1.2/../../../../nios2-elf/lib\libc.a(lib_a-fseek.o)
 .data          0x08000978        0x0 c:/altera/13.0/nios2eds/bin/gnu/h-i686-mingw32/bin/../lib/gcc/nios2-elf/4.1.2/../../../../nios2-elf/lib\libc.a(lib_a-fstatr.o)
 .data          0x08000978        0x0 c:/altera/13.0/nios2eds/bin/gnu/h-i686-mingw32/bin/../lib/gcc/nios2-elf/4.1.2/../../../../nios2-elf/lib\libc.a(lib_a-fwrite.o)
 .data          0x08000978      0x400 c:/altera/13.0/nios2eds/bin/gnu/h-i686-mingw32/bin/../lib/gcc/nios2-elf/4.1.2/../../../../nios2-elf/lib\libc.a(lib_a-impure.o)
 .data          0x08000d78        0x0 c:/altera/13.0/nios2eds/bin/gnu/h-i686-mingw32/bin/../lib/gcc/nios2-elf/4.1.2/../../../../nios2-elf/lib\libc.a(lib_a-int_errno.o)
 .data          0x08000d78        0x0 c:/altera/13.0/nios2eds/bin/gnu/h-i686-mingw32/bin/../lib/gcc/nios2-elf/4.1.2/../../../../nios2-elf/lib\libc.a(lib_a-makebuf.o)
 .data          0x08000d78      0x408 c:/altera/13.0/nios2eds/bin/gnu/h-i686-mingw32/bin/../lib/gcc/nios2-elf/4.1.2/../../../../nios2-elf/lib\libc.a(lib_a-mallocr.o)
                0x08000d78                __malloc_av_
 .data          0x08001180        0x0 c:/altera/13.0/nios2eds/bin/gnu/h-i686-mingw32/bin/../lib/gcc/nios2-elf/4.1.2/../../../../nios2-elf/lib\libc.a(lib_a-memcmp.o)
 .data          0x08001180        0x0 c:/altera/13.0/nios2eds/bin/gnu/h-i686-mingw32/bin/../lib/gcc/nios2-elf/4.1.2/../../../../nios2-elf/lib\libc.a(lib_a-memcpy.o)
 .data          0x08001180        0x0 c:/altera/13.0/nios2eds/bin/gnu/h-i686-mingw32/bin/../lib/gcc/nios2-elf/4.1.2/../../../../nios2-elf/lib\libc.a(lib_a-memset.o)
 .data          0x08001180        0x0 c:/altera/13.0/nios2eds/bin/gnu/h-i686-mingw32/bin/../lib/gcc/nios2-elf/4.1.2/../../../../nios2-elf/lib\libc.a(lib_a-openr.o)
 .data          0x08001180        0x0 c:/altera/13.0/nios2eds/bin/gnu/h-i686-mingw32/bin/../lib/gcc/nios2-elf/4.1.2/../../../../nios2-elf/lib\libc.a(lib_a-printf.o)
 .data          0x08001180        0x0 c:/altera/13.0/nios2eds/bin/gnu/h-i686-mingw32/bin/../lib/gcc/nios2-elf/4.1.2/../../../../nios2-elf/lib\libc.a(lib_a-putchar.o)
 .data          0x08001180        0x0 c:/altera/13.0/nios2eds/bin/gnu/h-i686-mingw32/bin/../lib/gcc/nios2-elf/4.1.2/../../../../nios2-elf/lib\libc.a(lib_a-puts.o)
 .data          0x08001180        0x0 c:/altera/13.0/nios2eds/bin/gnu/h-i686-mingw32/bin/../lib/gcc/nios2-elf/4.1.2/../../../../nios2-elf/lib\libc.a(lib_a-refill.o)
 .data          0x08001180        0x0 c:/altera/13.0/nios2eds/bin/gnu/h-i686-mingw32/bin/../lib/gcc/nios2-elf/4.1.2/../../../../nios2-elf/lib\libc.a(lib_a-sbrkr.o)
 .data          0x08001180        0x0 c:/altera/13.0/nios2eds/bin/gnu/h-i686-mingw32/bin/../lib/gcc/nios2-elf/4.1.2/../../../../nios2-elf/lib\libc.a(lib_a-stdio.o)
 .data          0x08001180        0x0 c:/altera/13.0/nios2eds/bin/gnu/h-i686-mingw32/bin/../lib/gcc/nios2-elf/4.1.2/../../../../nios2-elf/lib\libc.a(lib_a-strlen.o)
 .data          0x08001180        0x0 c:/altera/13.0/nios2eds/bin/gnu/h-i686-mingw32/bin/../lib/gcc/nios2-elf/4.1.2/../../../../nios2-elf/lib\libc.a(lib_a-vfprintf.o)
 .data          0x08001180        0x0 c:/altera/13.0/nios2eds/bin/gnu/h-i686-mingw32/bin/../lib/gcc/nios2-elf/4.1.2/../../../../nios2-elf/lib\libc.a(lib_a-writer.o)
 .data          0x08001180        0x0 c:/altera/13.0/nios2eds/bin/gnu/h-i686-mingw32/bin/../lib/gcc/nios2-elf/4.1.2/../../../../nios2-elf/lib\libc.a(lib_a-wsetup.o)
 .data          0x08001180        0x0 c:/altera/13.0/nios2eds/bin/gnu/h-i686-mingw32/bin/../lib/gcc/nios2-elf/4.1.2/../../../../nios2-elf/lib\libc.a(lib_a-closer.o)
 .data          0x08001180        0x0 c:/altera/13.0/nios2eds/bin/gnu/h-i686-mingw32/bin/../lib/gcc/nios2-elf/4.1.2/../../../../nios2-elf/lib\libc.a(lib_a-dtoa.o)
 .data          0x08001180        0x0 c:/altera/13.0/nios2eds/bin/gnu/h-i686-mingw32/bin/../lib/gcc/nios2-elf/4.1.2/../../../../nios2-elf/lib\libc.a(lib_a-fflush.o)
 .data          0x08001180        0x0 c:/altera/13.0/nios2eds/bin/gnu/h-i686-mingw32/bin/../lib/gcc/nios2-elf/4.1.2/../../../../nios2-elf/lib\libc.a(lib_a-findfp.o)
 .data          0x08001180        0x0 c:/altera/13.0/nios2eds/bin/gnu/h-i686-mingw32/bin/../lib/gcc/nios2-elf/4.1.2/../../../../nios2-elf/lib\libc.a(lib_a-flags.o)
 .data          0x08001180        0x0 c:/altera/13.0/nios2eds/bin/gnu/h-i686-mingw32/bin/../lib/gcc/nios2-elf/4.1.2/../../../../nios2-elf/lib\libc.a(lib_a-freer.o)
 .data          0x08001180        0x0 c:/altera/13.0/nios2eds/bin/gnu/h-i686-mingw32/bin/../lib/gcc/nios2-elf/4.1.2/../../../../nios2-elf/lib\libc.a(lib_a-fvwrite.o)
 .data          0x08001180        0x0 c:/altera/13.0/nios2eds/bin/gnu/h-i686-mingw32/bin/../lib/gcc/nios2-elf/4.1.2/../../../../nios2-elf/lib\libc.a(lib_a-fwalk.o)
 .data          0x08001180        0x0 c:/altera/13.0/nios2eds/bin/gnu/h-i686-mingw32/bin/../lib/gcc/nios2-elf/4.1.2/../../../../nios2-elf/lib\libc.a(lib_a-isattyr.o)
 .data          0x08001180        0xc c:/altera/13.0/nios2eds/bin/gnu/h-i686-mingw32/bin/../lib/gcc/nios2-elf/4.1.2/../../../../nios2-elf/lib\libc.a(lib_a-locale.o)
                0x08001180                __lc_ctype
 .data          0x0800118c        0x0 c:/altera/13.0/nios2eds/bin/gnu/h-i686-mingw32/bin/../lib/gcc/nios2-elf/4.1.2/../../../../nios2-elf/lib\libc.a(lib_a-lseekr.o)
 .data          0x0800118c        0x0 c:/altera/13.0/nios2eds/bin/gnu/h-i686-mingw32/bin/../lib/gcc/nios2-elf/4.1.2/../../../../nios2-elf/lib\libc.a(lib_a-memchr.o)
 .data          0x0800118c        0x0 c:/altera/13.0/nios2eds/bin/gnu/h-i686-mingw32/bin/../lib/gcc/nios2-elf/4.1.2/../../../../nios2-elf/lib\libc.a(lib_a-memmove.o)
 .data          0x0800118c        0x0 c:/altera/13.0/nios2eds/bin/gnu/h-i686-mingw32/bin/../lib/gcc/nios2-elf/4.1.2/../../../../nios2-elf/lib\libc.a(lib_a-mprec.o)
 .data          0x0800118c        0x0 c:/altera/13.0/nios2eds/bin/gnu/h-i686-mingw32/bin/../lib/gcc/nios2-elf/4.1.2/../../../../nios2-elf/lib\libc.a(lib_a-putc.o)
 .data          0x0800118c        0x0 c:/altera/13.0/nios2eds/bin/gnu/h-i686-mingw32/bin/../lib/gcc/nios2-elf/4.1.2/../../../../nios2-elf/lib\libc.a(lib_a-readr.o)
 .data          0x0800118c        0x0 c:/altera/13.0/nios2eds/bin/gnu/h-i686-mingw32/bin/../lib/gcc/nios2-elf/4.1.2/../../../../nios2-elf/lib\libc.a(lib_a-reallocr.o)
 .data          0x0800118c        0x0 c:/altera/13.0/nios2eds/bin/gnu/h-i686-mingw32/bin/../lib/gcc/nios2-elf/4.1.2/../../../../nios2-elf/lib\libc.a(lib_a-s_isinfd.o)
 .data          0x0800118c        0x0 c:/altera/13.0/nios2eds/bin/gnu/h-i686-mingw32/bin/../lib/gcc/nios2-elf/4.1.2/../../../../nios2-elf/lib\libc.a(lib_a-s_isnand.o)
 .data          0x0800118c        0x0 c:/altera/13.0/nios2eds/bin/gnu/h-i686-mingw32/bin/../lib/gcc/nios2-elf/4.1.2/../../../../nios2-elf/lib\libc.a(lib_a-strcmp.o)
 .data          0x0800118c        0x0 c:/altera/13.0/nios2eds/bin/gnu/h-i686-mingw32/bin/../lib/gcc/nios2-elf/4.1.2/../../../../nios2-elf/lib\libc.a(lib_a-wbuf.o)
 .data          0x0800118c        0x0 c:/altera/13.0/nios2eds/bin/gnu/h-i686-mingw32/bin/../lib/gcc/nios2-elf/4.1.2/../../../../nios2-elf/lib\libc.a(lib_a-callocr.o)
 .data          0x0800118c        0x0 c:/altera/13.0/nios2eds/bin/gnu/h-i686-mingw32/bin/../lib/gcc/nios2-elf/4.1.2/../../../../nios2-elf/lib\libc.a(lib_a-fclose.o)
 .data          0x0800118c        0x0 c:/altera/13.0/nios2eds/bin/gnu/h-i686-mingw32/bin/../lib/gcc/nios2-elf/4.1.2\libgcc.a(_udivdi3.o)
 .data          0x0800118c        0x0 c:/altera/13.0/nios2eds/bin/gnu/h-i686-mingw32/bin/../lib/gcc/nios2-elf/4.1.2\libgcc.a(_umoddi3.o)
 .data          0x0800118c        0x0 c:/altera/13.0/nios2eds/bin/gnu/h-i686-mingw32/bin/../lib/gcc/nios2-elf/4.1.2\libgcc.a(_addsub_df.o)
 .data          0x0800118c        0x0 c:/altera/13.0/nios2eds/bin/gnu/h-i686-mingw32/bin/../lib/gcc/nios2-elf/4.1.2\libgcc.a(_mul_df.o)
 .data          0x0800118c        0x0 c:/altera/13.0/nios2eds/bin/gnu/h-i686-mingw32/bin/../lib/gcc/nios2-elf/4.1.2\libgcc.a(_div_df.o)
 .data          0x0800118c        0x0 c:/altera/13.0/nios2eds/bin/gnu/h-i686-mingw32/bin/../lib/gcc/nios2-elf/4.1.2\libgcc.a(_eq_df.o)
 .data          0x0800118c        0x0 c:/altera/13.0/nios2eds/bin/gnu/h-i686-mingw32/bin/../lib/gcc/nios2-elf/4.1.2\libgcc.a(_ne_df.o)
 .data          0x0800118c        0x0 c:/altera/13.0/nios2eds/bin/gnu/h-i686-mingw32/bin/../lib/gcc/nios2-elf/4.1.2\libgcc.a(_gt_df.o)
 .data          0x0800118c        0x0 c:/altera/13.0/nios2eds/bin/gnu/h-i686-mingw32/bin/../lib/gcc/nios2-elf/4.1.2\libgcc.a(_ge_df.o)
 .data          0x0800118c        0x0 c:/altera/13.0/nios2eds/bin/gnu/h-i686-mingw32/bin/../lib/gcc/nios2-elf/4.1.2\libgcc.a(_lt_df.o)
 .data          0x0800118c        0x0 c:/altera/13.0/nios2eds/bin/gnu/h-i686-mingw32/bin/../lib/gcc/nios2-elf/4.1.2\libgcc.a(_si_to_df.o)
 .data          0x0800118c        0x0 c:/altera/13.0/nios2eds/bin/gnu/h-i686-mingw32/bin/../lib/gcc/nios2-elf/4.1.2\libgcc.a(_df_to_si.o)
 .data          0x0800118c        0x0 c:/altera/13.0/nios2eds/bin/gnu/h-i686-mingw32/bin/../lib/gcc/nios2-elf/4.1.2\libgcc.a(_thenan_df.o)
 .data          0x0800118c        0x0 c:/altera/13.0/nios2eds/bin/gnu/h-i686-mingw32/bin/../lib/gcc/nios2-elf/4.1.2\libgcc.a(_usi_to_df.o)
 .data          0x0800118c        0x0 c:/altera/13.0/nios2eds/bin/gnu/h-i686-mingw32/bin/../lib/gcc/nios2-elf/4.1.2\libgcc.a(lib2-divmod.o)
 .data          0x0800118c        0x0 c:/altera/13.0/nios2eds/bin/gnu/h-i686-mingw32/bin/../lib/gcc/nios2-elf/4.1.2\libgcc.a(_muldi3.o)
 .data          0x0800118c        0x0 c:/altera/13.0/nios2eds/bin/gnu/h-i686-mingw32/bin/../lib/gcc/nios2-elf/4.1.2\libgcc.a(_clz.o)
 .data          0x0800118c        0x0 c:/altera/13.0/nios2eds/bin/gnu/h-i686-mingw32/bin/../lib/gcc/nios2-elf/4.1.2\libgcc.a(_clzsi2.o)
 .data          0x0800118c        0x0 c:/altera/13.0/nios2eds/bin/gnu/h-i686-mingw32/bin/../lib/gcc/nios2-elf/4.1.2\libgcc.a(_pack_df.o)
 .data          0x0800118c        0x0 c:/altera/13.0/nios2eds/bin/gnu/h-i686-mingw32/bin/../lib/gcc/nios2-elf/4.1.2\libgcc.a(_unpack_df.o)
 .data          0x0800118c        0x0 c:/altera/13.0/nios2eds/bin/gnu/h-i686-mingw32/bin/../lib/gcc/nios2-elf/4.1.2\libgcc.a(_fpcmp_parts_df.o)
 .data          0x0800118c        0x0 ../Lab1_bsp/\libhal_bsp.a(alt_close.o)
 .data          0x0800118c      0x1a8 ../Lab1_bsp/\libhal_bsp.a(alt_dev.o)
                0x0800118c                alt_dev_null
                0x080011b4                alt_fd_list
 .data          0x08001334        0x0 ../Lab1_bsp/\libhal_bsp.a(alt_errno.o)
 .data          0x08001334        0x0 ../Lab1_bsp/\libhal_bsp.a(alt_fstat.o)
 .data          0x08001334        0x0 ../Lab1_bsp/\libhal_bsp.a(alt_irq_handler.o)
 .data          0x08001334        0x0 ../Lab1_bsp/\libhal_bsp.a(alt_irq_vars.o)
 .data          0x08001334        0x0 ../Lab1_bsp/\libhal_bsp.a(alt_isatty.o)
 .data          0x08001334        0x0 ../Lab1_bsp/\libhal_bsp.a(alt_lseek.o)
 .data          0x08001334        0x0 ../Lab1_bsp/\libhal_bsp.a(alt_main.o)
 .data          0x08001334        0x0 ../Lab1_bsp/\libhal_bsp.a(alt_malloc_lock.o)
 .data          0x08001334        0x0 ../Lab1_bsp/\libhal_bsp.a(alt_open.o)
 .data          0x08001334        0x0 ../Lab1_bsp/\libhal_bsp.a(alt_read.o)
 .data          0x08001334        0x0 ../Lab1_bsp/\libhal_bsp.a(alt_release_fd.o)
 .data          0x08001334        0x0 ../Lab1_bsp/\libhal_bsp.a(alt_sbrk.o)
 .data          0x08001334        0x0 ../Lab1_bsp/\libhal_bsp.a(alt_write.o)
 .data          0x08001334     0x13f0 ../Lab1_bsp/\libhal_bsp.a(alt_sys_init.o)
 .data          0x08002724        0x0 ../Lab1_bsp/\libhal_bsp.a(altera_avalon_cfi_flash.o)
 .data          0x08002724        0x0 ../Lab1_bsp/\libhal_bsp.a(altera_avalon_cfi_flash_table.o)
 .data          0x08002724        0x0 ../Lab1_bsp/\libhal_bsp.a(altera_avalon_jtag_uart_fd.o)
 .data          0x08002724        0x0 ../Lab1_bsp/\libhal_bsp.a(altera_avalon_jtag_uart_init.o)
 .data          0x08002724        0x0 ../Lab1_bsp/\libhal_bsp.a(altera_avalon_jtag_uart_ioctl.o)
 .data          0x08002724        0x0 ../Lab1_bsp/\libhal_bsp.a(altera_avalon_jtag_uart_read.o)
 .data          0x08002724        0x0 ../Lab1_bsp/\libhal_bsp.a(altera_avalon_jtag_uart_write.o)
 .data          0x08002724        0x0 ../Lab1_bsp/\libhal_bsp.a(altera_avalon_lcd_16207.o)
 .data          0x08002724        0x0 ../Lab1_bsp/\libhal_bsp.a(altera_avalon_lcd_16207_fd.o)
 .data          0x08002724        0x0 ../Lab1_bsp/\libhal_bsp.a(altera_avalon_timer_sc.o)
 .data          0x08002724        0x0 ../Lab1_bsp/\libhal_bsp.a(altera_avalon_uart_fd.o)
 .data          0x08002724        0x0 ../Lab1_bsp/\libhal_bsp.a(altera_avalon_uart_init.o)
 .data          0x08002724        0x0 ../Lab1_bsp/\libhal_bsp.a(altera_avalon_uart_read.o)
 .data          0x08002724        0x0 ../Lab1_bsp/\libhal_bsp.a(altera_avalon_uart_write.o)
 .data          0x08002724        0x0 ../Lab1_bsp/\libhal_bsp.a(altera_up_avalon_ps2.o)
 .data          0x08002724        0x0 ../Lab1_bsp/\libhal_bsp.a(altera_up_avalon_video_character_buffer_with_dma.o)
 .data          0x08002724        0x0 ../Lab1_bsp/\libhal_bsp.a(alt_alarm_start.o)
 .data          0x08002724        0x0 ../Lab1_bsp/\libhal_bsp.a(alt_dcache_flush.o)
 .data          0x08002724        0x0 ../Lab1_bsp/\libhal_bsp.a(alt_dev_llist_insert.o)
 .data          0x08002724        0x0 ../Lab1_bsp/\libhal_bsp.a(alt_do_ctors.o)
 .data          0x08002724        0x0 ../Lab1_bsp/\libhal_bsp.a(alt_do_dtors.o)
 .data          0x08002724        0x0 ../Lab1_bsp/\libhal_bsp.a(alt_find_dev.o)
 .data          0x08002724        0x0 ../Lab1_bsp/\libhal_bsp.a(alt_find_file.o)
 .data          0x08002724        0x0 ../Lab1_bsp/\libhal_bsp.a(alt_flash_dev.o)
 .data          0x08002724        0x0 ../Lab1_bsp/\libhal_bsp.a(alt_get_fd.o)
 .data          0x08002724        0x0 ../Lab1_bsp/\libhal_bsp.a(alt_io_redirect.o)
 .data          0x08002724        0x0 ../Lab1_bsp/\libhal_bsp.a(alt_tick.o)
 .data          0x08002724        0x0 ../Lab1_bsp/\libhal_bsp.a(alt_usleep.o)
 .data          0x08002724        0x0 ../Lab1_bsp/\libhal_bsp.a(altera_nios2_qsys_irq.o)
 .data          0x08002724        0x0 ../Lab1_bsp/\libhal_bsp.a(altera_avalon_cfi_flash_amd.o)
 .data          0x08002724        0x0 ../Lab1_bsp/\libhal_bsp.a(altera_avalon_cfi_flash_intel.o)
 .data          0x08002724        0x0 ../Lab1_bsp/\libhal_bsp.a(alt_busy_sleep.o)
 .data          0x08002724        0x0 c:/altera/13.0/nios2eds/bin/gnu/h-i686-mingw32/bin/../lib/gcc/nios2-elf/4.1.2/../../../../nios2-elf/lib\libc.a(lib_a-atexit.o)
 .data          0x08002724        0x0 c:/altera/13.0/nios2eds/bin/gnu/h-i686-mingw32/bin/../lib/gcc/nios2-elf/4.1.2/../../../../nios2-elf/lib\libc.a(lib_a-ctype_.o)
 .data          0x08002724        0x0 c:/altera/13.0/nios2eds/bin/gnu/h-i686-mingw32/bin/../lib/gcc/nios2-elf/4.1.2/../../../../nios2-elf/lib\libc.a(lib_a-exit.o)
 .data          0x08002724        0x0 c:/altera/13.0/nios2eds/bin/gnu/h-i686-mingw32/bin/../lib/gcc/nios2-elf/4.1.2/../../../../nios2-elf/lib\libc.a(lib_a-__atexit.o)
 .data          0x08002724        0x0 c:/altera/13.0/nios2eds/bin/gnu/h-i686-mingw32/bin/../lib/gcc/nios2-elf/4.1.2/../../../../nios2-elf/lib\libc.a(lib_a-__call_atexit.o)
 .data          0x08002724        0x0 ../Lab1_bsp/\libhal_bsp.a(alt_exit.o)
                0x0800a724                _gp = ABSOLUTE ((. + 0x8000))
                0x0800a724                PROVIDE (gp, _gp)
 *(.rwdata .rwdata.*)
 *(.sdata .sdata.* .gnu.linkonce.s.*)
 .sdata         0x08002724        0xc obj/default/FreeRTOS/heap.o
 .sdata         0x08002730        0x4 obj/default/FreeRTOS/tasks.o
 .sdata         0x08002734        0x8 c:/altera/13.0/nios2eds/bin/gnu/h-i686-mingw32/bin/../lib/gcc/nios2-elf/4.1.2/../../../../nios2-elf/lib\libc.a(lib_a-impure.o)
                0x08002734                _impure_ptr
                0x08002738                _global_impure_ptr
 .sdata         0x0800273c        0x8 c:/altera/13.0/nios2eds/bin/gnu/h-i686-mingw32/bin/../lib/gcc/nios2-elf/4.1.2/../../../../nios2-elf/lib\libc.a(lib_a-mallocr.o)
                0x0800273c                __malloc_trim_threshold
                0x08002740                __malloc_sbrk_base
 .sdata         0x08002744        0x8 c:/altera/13.0/nios2eds/bin/gnu/h-i686-mingw32/bin/../lib/gcc/nios2-elf/4.1.2/../../../../nios2-elf/lib\libc.a(lib_a-locale.o)
                0x08002744                __mb_cur_max
 .sdata         0x0800274c       0x14 ../Lab1_bsp/\libhal_bsp.a(alt_dev.o)
                0x0800274c                alt_fs_list
                0x08002754                alt_dev_list
                0x0800275c                alt_max_fd
 .sdata         0x08002760        0x4 ../Lab1_bsp/\libhal_bsp.a(alt_errno.o)
                0x08002760                alt_errno
 .sdata         0x08002764        0x4 ../Lab1_bsp/\libhal_bsp.a(alt_irq_vars.o)
                0x08002764                alt_priority_mask
 .sdata         0x08002768        0x4 ../Lab1_bsp/\libhal_bsp.a(alt_sbrk.o)
 .sdata         0x0800276c        0x4 ../Lab1_bsp/\libhal_bsp.a(altera_avalon_lcd_16207.o)
 .sdata         0x08002770        0x8 ../Lab1_bsp/\libhal_bsp.a(alt_flash_dev.o)
                0x08002770                alt_flash_dev_list
 .sdata         0x08002778        0x8 ../Lab1_bsp/\libhal_bsp.a(alt_tick.o)
                0x08002778                alt_alarm_list
 .sdata         0x08002780        0x4 c:/altera/13.0/nios2eds/bin/gnu/h-i686-mingw32/bin/../lib/gcc/nios2-elf/4.1.2/../../../../nios2-elf/lib\libc.a(lib_a-ctype_.o)
                0x08002780                __ctype_ptr
 *(.sdata2 .sdata2.* .gnu.linkonce.s2.*)
                0x08002784                . = ALIGN (0x4)
                0x08002784                _edata = ABSOLUTE (.)
                0x08002784                PROVIDE (edata, ABSOLUTE (.))
                0x08002784                PROVIDE (__ram_rwdata_end, ABSOLUTE (.))
                0x08000978                PROVIDE (__flash_rwdata_start, LOADADDR (.rwdata))

.bss            0x08002784    0x7d560
                0x08002784                __bss_start = ABSOLUTE (.)
                0x08002784                PROVIDE (__sbss_start, ABSOLUTE (.))
                0x08002784                PROVIDE (___sbss_start, ABSOLUTE (.))
 *(.dynsbss)
 *(.sbss .sbss.* .gnu.linkonce.sb.*)
 .sbss          0x08002784       0x1c obj/default/FreeRTOS/croutine.o
                0x08002784                pxCurrentCoRoutine
 .sbss          0x080027a0        0xc obj/default/FreeRTOS/heap.o
 .sbss          0x080027ac       0x34 obj/default/FreeRTOS/tasks.o
                0x080027ac                pxCurrentTCB
 .sbss          0x080027e0       0x10 obj/default/FreeRTOS/timers.o
 .sbss          0x080027f0       0x14 obj/default/freertos_semaphore.o
                0x080027f0                number_of_messages_sent
                0x080027f4                number_of_messages_received_task1
                0x080027f8                number_of_messages_received_task2
                0x080027fc                getsem_task1_got_sem
                0x08002800                getsem_task2_got_sem
 .sbss          0x08002804       0x14 obj/default/freertos_semaphore.o
                0x08002804                xHandle
                0x08002808                msgqueue
                0x0800280c                lcd
                0x08002810                shared_lcd_sem
                0x08002814                shared_resource_sem
 .sbss          0x08002818        0x4 c:/altera/13.0/nios2eds/bin/gnu/h-i686-mingw32/bin/../lib/gcc/nios2-elf/4.1.2/../../../../nios2-elf/lib\libc.a(lib_a-int_errno.o)
                0x08002818                errno
 .sbss          0x0800281c        0xc c:/altera/13.0/nios2eds/bin/gnu/h-i686-mingw32/bin/../lib/gcc/nios2-elf/4.1.2/../../../../nios2-elf/lib\libc.a(lib_a-mallocr.o)
                0x0800281c                __malloc_top_pad
                0x08002820                __malloc_max_sbrked_mem
                0x08002824                __malloc_max_total_mem
 .sbss          0x08002828        0xc c:/altera/13.0/nios2eds/bin/gnu/h-i686-mingw32/bin/../lib/gcc/nios2-elf/4.1.2/../../../../nios2-elf/lib\libc.a(lib_a-locale.o)
                0x08002828                __nlocale_changed
                0x0800282c                __mlocale_changed
                0x08002830                _PathLocale
 .sbss          0x08002834        0x4 ../Lab1_bsp/\libhal_bsp.a(alt_irq_vars.o)
                0x08002834                alt_irq_active
 .sbss          0x08002838        0xc ../Lab1_bsp/\libhal_bsp.a(alt_main.o)
                0x08002838                alt_argc
                0x0800283c                alt_argv
                0x08002840                alt_envp
 .sbss          0x08002844        0x8 ../Lab1_bsp/\libhal_bsp.a(alt_tick.o)
                0x08002844                _alt_tick_rate
                0x08002848                _alt_nticks
 *(.sbss2 .sbss2.* .gnu.linkonce.sb2.*)
 *(.scommon)
                0x0800284c                PROVIDE (__sbss_end, ABSOLUTE (.))
                0x0800284c                PROVIDE (___sbss_end, ABSOLUTE (.))
 *(.dynbss)
 *(.bss .bss.* .gnu.linkonce.b.*)
 .bss           0x0800284c        0x0 ../Lab1_bsp//obj/HAL/src/crt0.o
 .bss           0x0800284c       0x64 obj/default/FreeRTOS/croutine.o
 .bss           0x080028b0        0x0 obj/default/FreeRTOS/event_groups.o
 .bss           0x080028b0    0x7d000 obj/default/FreeRTOS/heap.o
 .bss           0x0807f8b0        0x0 obj/default/FreeRTOS/list.o
 .bss           0x0807f8b0        0x0 obj/default/FreeRTOS/port.o
 .bss           0x0807f8b0        0x0 obj/default/FreeRTOS/queue.o
 .bss           0x0807f8b0      0x140 obj/default/FreeRTOS/tasks.o
 .bss           0x0807f9f0       0x28 obj/default/FreeRTOS/timers.o
 .bss           0x0807fa18        0x0 obj/default/freertos_semaphore.o
 .bss           0x0807fa18        0x0 obj/default/FreeRTOS/port_asm.o
 .bss           0x0807fa18        0x0 c:/altera/13.0/nios2eds/bin/gnu/h-i686-mingw32/bin/../lib/gcc/nios2-elf/4.1.2/../../../../nios2-elf/lib\libc.a(lib_a-fopen.o)
 .bss           0x0807fa18        0x0 c:/altera/13.0/nios2eds/bin/gnu/h-i686-mingw32/bin/../lib/gcc/nios2-elf/4.1.2/../../../../nios2-elf/lib\libc.a(lib_a-fprintf.o)
 .bss           0x0807fa18        0x0 c:/altera/13.0/nios2eds/bin/gnu/h-i686-mingw32/bin/../lib/gcc/nios2-elf/4.1.2/../../../../nios2-elf/lib\libc.a(lib_a-fseek.o)
 .bss           0x0807fa18        0x0 c:/altera/13.0/nios2eds/bin/gnu/h-i686-mingw32/bin/../lib/gcc/nios2-elf/4.1.2/../../../../nios2-elf/lib\libc.a(lib_a-fstatr.o)
 .bss           0x0807fa18        0x0 c:/altera/13.0/nios2eds/bin/gnu/h-i686-mingw32/bin/../lib/gcc/nios2-elf/4.1.2/../../../../nios2-elf/lib\libc.a(lib_a-fwrite.o)
 .bss           0x0807fa18        0x0 c:/altera/13.0/nios2eds/bin/gnu/h-i686-mingw32/bin/../lib/gcc/nios2-elf/4.1.2/../../../../nios2-elf/lib\libc.a(lib_a-impure.o)
 .bss           0x0807fa18        0x0 c:/altera/13.0/nios2eds/bin/gnu/h-i686-mingw32/bin/../lib/gcc/nios2-elf/4.1.2/../../../../nios2-elf/lib\libc.a(lib_a-int_errno.o)
 .bss           0x0807fa18        0x0 c:/altera/13.0/nios2eds/bin/gnu/h-i686-mingw32/bin/../lib/gcc/nios2-elf/4.1.2/../../../../nios2-elf/lib\libc.a(lib_a-makebuf.o)
 .bss           0x0807fa18       0x28 c:/altera/13.0/nios2eds/bin/gnu/h-i686-mingw32/bin/../lib/gcc/nios2-elf/4.1.2/../../../../nios2-elf/lib\libc.a(lib_a-mallocr.o)
                0x0807fa18                __malloc_current_mallinfo
 .bss           0x0807fa40        0x0 c:/altera/13.0/nios2eds/bin/gnu/h-i686-mingw32/bin/../lib/gcc/nios2-elf/4.1.2/../../../../nios2-elf/lib\libc.a(lib_a-memcmp.o)
 .bss           0x0807fa40        0x0 c:/altera/13.0/nios2eds/bin/gnu/h-i686-mingw32/bin/../lib/gcc/nios2-elf/4.1.2/../../../../nios2-elf/lib\libc.a(lib_a-memcpy.o)
 .bss           0x0807fa40        0x0 c:/altera/13.0/nios2eds/bin/gnu/h-i686-mingw32/bin/../lib/gcc/nios2-elf/4.1.2/../../../../nios2-elf/lib\libc.a(lib_a-memset.o)
 .bss           0x0807fa40        0x0 c:/altera/13.0/nios2eds/bin/gnu/h-i686-mingw32/bin/../lib/gcc/nios2-elf/4.1.2/../../../../nios2-elf/lib\libc.a(lib_a-openr.o)
 .bss           0x0807fa40        0x0 c:/altera/13.0/nios2eds/bin/gnu/h-i686-mingw32/bin/../lib/gcc/nios2-elf/4.1.2/../../../../nios2-elf/lib\libc.a(lib_a-printf.o)
 .bss           0x0807fa40        0x0 c:/altera/13.0/nios2eds/bin/gnu/h-i686-mingw32/bin/../lib/gcc/nios2-elf/4.1.2/../../../../nios2-elf/lib\libc.a(lib_a-putchar.o)
 .bss           0x0807fa40        0x0 c:/altera/13.0/nios2eds/bin/gnu/h-i686-mingw32/bin/../lib/gcc/nios2-elf/4.1.2/../../../../nios2-elf/lib\libc.a(lib_a-puts.o)
 .bss           0x0807fa40        0x0 c:/altera/13.0/nios2eds/bin/gnu/h-i686-mingw32/bin/../lib/gcc/nios2-elf/4.1.2/../../../../nios2-elf/lib\libc.a(lib_a-refill.o)
 .bss           0x0807fa40        0x0 c:/altera/13.0/nios2eds/bin/gnu/h-i686-mingw32/bin/../lib/gcc/nios2-elf/4.1.2/../../../../nios2-elf/lib\libc.a(lib_a-sbrkr.o)
 .bss           0x0807fa40        0x0 c:/altera/13.0/nios2eds/bin/gnu/h-i686-mingw32/bin/../lib/gcc/nios2-elf/4.1.2/../../../../nios2-elf/lib\libc.a(lib_a-stdio.o)
 .bss           0x0807fa40        0x0 c:/altera/13.0/nios2eds/bin/gnu/h-i686-mingw32/bin/../lib/gcc/nios2-elf/4.1.2/../../../../nios2-elf/lib\libc.a(lib_a-strlen.o)
 .bss           0x0807fa40        0x0 c:/altera/13.0/nios2eds/bin/gnu/h-i686-mingw32/bin/../lib/gcc/nios2-elf/4.1.2/../../../../nios2-elf/lib\libc.a(lib_a-vfprintf.o)
 .bss           0x0807fa40        0x0 c:/altera/13.0/nios2eds/bin/gnu/h-i686-mingw32/bin/../lib/gcc/nios2-elf/4.1.2/../../../../nios2-elf/lib\libc.a(lib_a-writer.o)
 .bss           0x0807fa40        0x0 c:/altera/13.0/nios2eds/bin/gnu/h-i686-mingw32/bin/../lib/gcc/nios2-elf/4.1.2/../../../../nios2-elf/lib\libc.a(lib_a-wsetup.o)
 .bss           0x0807fa40        0x0 c:/altera/13.0/nios2eds/bin/gnu/h-i686-mingw32/bin/../lib/gcc/nios2-elf/4.1.2/../../../../nios2-elf/lib\libc.a(lib_a-closer.o)
 .bss           0x0807fa40        0x0 c:/altera/13.0/nios2eds/bin/gnu/h-i686-mingw32/bin/../lib/gcc/nios2-elf/4.1.2/../../../../nios2-elf/lib\libc.a(lib_a-dtoa.o)
 .bss           0x0807fa40        0x0 c:/altera/13.0/nios2eds/bin/gnu/h-i686-mingw32/bin/../lib/gcc/nios2-elf/4.1.2/../../../../nios2-elf/lib\libc.a(lib_a-fflush.o)
 .bss           0x0807fa40        0x0 c:/altera/13.0/nios2eds/bin/gnu/h-i686-mingw32/bin/../lib/gcc/nios2-elf/4.1.2/../../../../nios2-elf/lib\libc.a(lib_a-findfp.o)
 .bss           0x0807fa40        0x0 c:/altera/13.0/nios2eds/bin/gnu/h-i686-mingw32/bin/../lib/gcc/nios2-elf/4.1.2/../../../../nios2-elf/lib\libc.a(lib_a-flags.o)
 .bss           0x0807fa40        0x0 c:/altera/13.0/nios2eds/bin/gnu/h-i686-mingw32/bin/../lib/gcc/nios2-elf/4.1.2/../../../../nios2-elf/lib\libc.a(lib_a-freer.o)
 .bss           0x0807fa40        0x0 c:/altera/13.0/nios2eds/bin/gnu/h-i686-mingw32/bin/../lib/gcc/nios2-elf/4.1.2/../../../../nios2-elf/lib\libc.a(lib_a-fvwrite.o)
 .bss           0x0807fa40        0x0 c:/altera/13.0/nios2eds/bin/gnu/h-i686-mingw32/bin/../lib/gcc/nios2-elf/4.1.2/../../../../nios2-elf/lib\libc.a(lib_a-fwalk.o)
 .bss           0x0807fa40        0x0 c:/altera/13.0/nios2eds/bin/gnu/h-i686-mingw32/bin/../lib/gcc/nios2-elf/4.1.2/../../../../nios2-elf/lib\libc.a(lib_a-isattyr.o)
 .bss           0x0807fa40        0x0 c:/altera/13.0/nios2eds/bin/gnu/h-i686-mingw32/bin/../lib/gcc/nios2-elf/4.1.2/../../../../nios2-elf/lib\libc.a(lib_a-locale.o)
 .bss           0x0807fa40        0x0 c:/altera/13.0/nios2eds/bin/gnu/h-i686-mingw32/bin/../lib/gcc/nios2-elf/4.1.2/../../../../nios2-elf/lib\libc.a(lib_a-lseekr.o)
 .bss           0x0807fa40        0x0 c:/altera/13.0/nios2eds/bin/gnu/h-i686-mingw32/bin/../lib/gcc/nios2-elf/4.1.2/../../../../nios2-elf/lib\libc.a(lib_a-memchr.o)
 .bss           0x0807fa40        0x0 c:/altera/13.0/nios2eds/bin/gnu/h-i686-mingw32/bin/../lib/gcc/nios2-elf/4.1.2/../../../../nios2-elf/lib\libc.a(lib_a-memmove.o)
 .bss           0x0807fa40        0x0 c:/altera/13.0/nios2eds/bin/gnu/h-i686-mingw32/bin/../lib/gcc/nios2-elf/4.1.2/../../../../nios2-elf/lib\libc.a(lib_a-mprec.o)
 .bss           0x0807fa40        0x0 c:/altera/13.0/nios2eds/bin/gnu/h-i686-mingw32/bin/../lib/gcc/nios2-elf/4.1.2/../../../../nios2-elf/lib\libc.a(lib_a-putc.o)
 .bss           0x0807fa40        0x0 c:/altera/13.0/nios2eds/bin/gnu/h-i686-mingw32/bin/../lib/gcc/nios2-elf/4.1.2/../../../../nios2-elf/lib\libc.a(lib_a-readr.o)
 .bss           0x0807fa40        0x0 c:/altera/13.0/nios2eds/bin/gnu/h-i686-mingw32/bin/../lib/gcc/nios2-elf/4.1.2/../../../../nios2-elf/lib\libc.a(lib_a-reallocr.o)
 .bss           0x0807fa40        0x0 c:/altera/13.0/nios2eds/bin/gnu/h-i686-mingw32/bin/../lib/gcc/nios2-elf/4.1.2/../../../../nios2-elf/lib\libc.a(lib_a-s_isinfd.o)
 .bss           0x0807fa40        0x0 c:/altera/13.0/nios2eds/bin/gnu/h-i686-mingw32/bin/../lib/gcc/nios2-elf/4.1.2/../../../../nios2-elf/lib\libc.a(lib_a-s_isnand.o)
 .bss           0x0807fa40        0x0 c:/altera/13.0/nios2eds/bin/gnu/h-i686-mingw32/bin/../lib/gcc/nios2-elf/4.1.2/../../../../nios2-elf/lib\libc.a(lib_a-strcmp.o)
 .bss           0x0807fa40        0x0 c:/altera/13.0/nios2eds/bin/gnu/h-i686-mingw32/bin/../lib/gcc/nios2-elf/4.1.2/../../../../nios2-elf/lib\libc.a(lib_a-wbuf.o)
 .bss           0x0807fa40        0x0 c:/altera/13.0/nios2eds/bin/gnu/h-i686-mingw32/bin/../lib/gcc/nios2-elf/4.1.2/../../../../nios2-elf/lib\libc.a(lib_a-callocr.o)
 .bss           0x0807fa40        0x0 c:/altera/13.0/nios2eds/bin/gnu/h-i686-mingw32/bin/../lib/gcc/nios2-elf/4.1.2/../../../../nios2-elf/lib\libc.a(lib_a-fclose.o)
 .bss           0x0807fa40        0x0 c:/altera/13.0/nios2eds/bin/gnu/h-i686-mingw32/bin/../lib/gcc/nios2-elf/4.1.2\libgcc.a(_udivdi3.o)
 .bss           0x0807fa40        0x0 c:/altera/13.0/nios2eds/bin/gnu/h-i686-mingw32/bin/../lib/gcc/nios2-elf/4.1.2\libgcc.a(_umoddi3.o)
 .bss           0x0807fa40        0x0 c:/altera/13.0/nios2eds/bin/gnu/h-i686-mingw32/bin/../lib/gcc/nios2-elf/4.1.2\libgcc.a(_addsub_df.o)
 .bss           0x0807fa40        0x0 c:/altera/13.0/nios2eds/bin/gnu/h-i686-mingw32/bin/../lib/gcc/nios2-elf/4.1.2\libgcc.a(_mul_df.o)
 .bss           0x0807fa40        0x0 c:/altera/13.0/nios2eds/bin/gnu/h-i686-mingw32/bin/../lib/gcc/nios2-elf/4.1.2\libgcc.a(_div_df.o)
 .bss           0x0807fa40        0x0 c:/altera/13.0/nios2eds/bin/gnu/h-i686-mingw32/bin/../lib/gcc/nios2-elf/4.1.2\libgcc.a(_eq_df.o)
 .bss           0x0807fa40        0x0 c:/altera/13.0/nios2eds/bin/gnu/h-i686-mingw32/bin/../lib/gcc/nios2-elf/4.1.2\libgcc.a(_ne_df.o)
 .bss           0x0807fa40        0x0 c:/altera/13.0/nios2eds/bin/gnu/h-i686-mingw32/bin/../lib/gcc/nios2-elf/4.1.2\libgcc.a(_gt_df.o)
 .bss           0x0807fa40        0x0 c:/altera/13.0/nios2eds/bin/gnu/h-i686-mingw32/bin/../lib/gcc/nios2-elf/4.1.2\libgcc.a(_ge_df.o)
 .bss           0x0807fa40        0x0 c:/altera/13.0/nios2eds/bin/gnu/h-i686-mingw32/bin/../lib/gcc/nios2-elf/4.1.2\libgcc.a(_lt_df.o)
 .bss           0x0807fa40        0x0 c:/altera/13.0/nios2eds/bin/gnu/h-i686-mingw32/bin/../lib/gcc/nios2-elf/4.1.2\libgcc.a(_si_to_df.o)
 .bss           0x0807fa40        0x0 c:/altera/13.0/nios2eds/bin/gnu/h-i686-mingw32/bin/../lib/gcc/nios2-elf/4.1.2\libgcc.a(_df_to_si.o)
 .bss           0x0807fa40        0x0 c:/altera/13.0/nios2eds/bin/gnu/h-i686-mingw32/bin/../lib/gcc/nios2-elf/4.1.2\libgcc.a(_thenan_df.o)
 .bss           0x0807fa40        0x0 c:/altera/13.0/nios2eds/bin/gnu/h-i686-mingw32/bin/../lib/gcc/nios2-elf/4.1.2\libgcc.a(_usi_to_df.o)
 .bss           0x0807fa40        0x0 c:/altera/13.0/nios2eds/bin/gnu/h-i686-mingw32/bin/../lib/gcc/nios2-elf/4.1.2\libgcc.a(lib2-divmod.o)
 .bss           0x0807fa40        0x0 c:/altera/13.0/nios2eds/bin/gnu/h-i686-mingw32/bin/../lib/gcc/nios2-elf/4.1.2\libgcc.a(_muldi3.o)
 .bss           0x0807fa40        0x0 c:/altera/13.0/nios2eds/bin/gnu/h-i686-mingw32/bin/../lib/gcc/nios2-elf/4.1.2\libgcc.a(_clz.o)
 .bss           0x0807fa40        0x0 c:/altera/13.0/nios2eds/bin/gnu/h-i686-mingw32/bin/../lib/gcc/nios2-elf/4.1.2\libgcc.a(_clzsi2.o)
 .bss           0x0807fa40        0x0 c:/altera/13.0/nios2eds/bin/gnu/h-i686-mingw32/bin/../lib/gcc/nios2-elf/4.1.2\libgcc.a(_pack_df.o)
 .bss           0x0807fa40        0x0 c:/altera/13.0/nios2eds/bin/gnu/h-i686-mingw32/bin/../lib/gcc/nios2-elf/4.1.2\libgcc.a(_unpack_df.o)
 .bss           0x0807fa40        0x0 c:/altera/13.0/nios2eds/bin/gnu/h-i686-mingw32/bin/../lib/gcc/nios2-elf/4.1.2\libgcc.a(_fpcmp_parts_df.o)
 .bss           0x0807fa40        0x0 ../Lab1_bsp/\libhal_bsp.a(alt_close.o)
 .bss           0x0807fa40        0x0 ../Lab1_bsp/\libhal_bsp.a(alt_dev.o)
 .bss           0x0807fa40        0x0 ../Lab1_bsp/\libhal_bsp.a(alt_errno.o)
 .bss           0x0807fa40        0x0 ../Lab1_bsp/\libhal_bsp.a(alt_fstat.o)
 .bss           0x0807fa40        0x0 ../Lab1_bsp/\libhal_bsp.a(alt_irq_handler.o)
 .bss           0x0807fa40        0x0 ../Lab1_bsp/\libhal_bsp.a(alt_irq_vars.o)
 .bss           0x0807fa40        0x0 ../Lab1_bsp/\libhal_bsp.a(alt_isatty.o)
 .bss           0x0807fa40        0x0 ../Lab1_bsp/\libhal_bsp.a(alt_lseek.o)
 .bss           0x0807fa40        0x0 ../Lab1_bsp/\libhal_bsp.a(alt_main.o)
 .bss           0x0807fa40        0x0 ../Lab1_bsp/\libhal_bsp.a(alt_malloc_lock.o)
 .bss           0x0807fa40        0x0 ../Lab1_bsp/\libhal_bsp.a(alt_open.o)
 .bss           0x0807fa40        0x0 ../Lab1_bsp/\libhal_bsp.a(alt_read.o)
 .bss           0x0807fa40        0x0 ../Lab1_bsp/\libhal_bsp.a(alt_release_fd.o)
 .bss           0x0807fa40        0x0 ../Lab1_bsp/\libhal_bsp.a(alt_sbrk.o)
 .bss           0x0807fa40        0x0 ../Lab1_bsp/\libhal_bsp.a(alt_write.o)
 .bss           0x0807fa40        0x0 ../Lab1_bsp/\libhal_bsp.a(alt_sys_init.o)
 .bss           0x0807fa40        0x0 ../Lab1_bsp/\libhal_bsp.a(altera_avalon_cfi_flash.o)
 .bss           0x0807fa40        0x0 ../Lab1_bsp/\libhal_bsp.a(altera_avalon_cfi_flash_table.o)
 .bss           0x0807fa40        0x0 ../Lab1_bsp/\libhal_bsp.a(altera_avalon_jtag_uart_fd.o)
 .bss           0x0807fa40        0x0 ../Lab1_bsp/\libhal_bsp.a(altera_avalon_jtag_uart_init.o)
 .bss           0x0807fa40        0x0 ../Lab1_bsp/\libhal_bsp.a(altera_avalon_jtag_uart_ioctl.o)
 .bss           0x0807fa40        0x0 ../Lab1_bsp/\libhal_bsp.a(altera_avalon_jtag_uart_read.o)
 .bss           0x0807fa40        0x0 ../Lab1_bsp/\libhal_bsp.a(altera_avalon_jtag_uart_write.o)
 .bss           0x0807fa40        0x0 ../Lab1_bsp/\libhal_bsp.a(altera_avalon_lcd_16207.o)
 .bss           0x0807fa40        0x0 ../Lab1_bsp/\libhal_bsp.a(altera_avalon_lcd_16207_fd.o)
 .bss           0x0807fa40        0x0 ../Lab1_bsp/\libhal_bsp.a(altera_avalon_timer_sc.o)
 .bss           0x0807fa40        0x0 ../Lab1_bsp/\libhal_bsp.a(altera_avalon_uart_fd.o)
 .bss           0x0807fa40        0x0 ../Lab1_bsp/\libhal_bsp.a(altera_avalon_uart_init.o)
 .bss           0x0807fa40        0x0 ../Lab1_bsp/\libhal_bsp.a(altera_avalon_uart_read.o)
 .bss           0x0807fa40        0x0 ../Lab1_bsp/\libhal_bsp.a(altera_avalon_uart_write.o)
 .bss           0x0807fa40        0x0 ../Lab1_bsp/\libhal_bsp.a(altera_up_avalon_ps2.o)
 .bss           0x0807fa40        0x0 ../Lab1_bsp/\libhal_bsp.a(altera_up_avalon_video_character_buffer_with_dma.o)
 .bss           0x0807fa40        0x0 ../Lab1_bsp/\libhal_bsp.a(alt_alarm_start.o)
 .bss           0x0807fa40        0x0 ../Lab1_bsp/\libhal_bsp.a(alt_dcache_flush.o)
 .bss           0x0807fa40        0x0 ../Lab1_bsp/\libhal_bsp.a(alt_dev_llist_insert.o)
 .bss           0x0807fa40        0x0 ../Lab1_bsp/\libhal_bsp.a(alt_do_ctors.o)
 .bss           0x0807fa40        0x0 ../Lab1_bsp/\libhal_bsp.a(alt_do_dtors.o)
 .bss           0x0807fa40        0x0 ../Lab1_bsp/\libhal_bsp.a(alt_find_dev.o)
 .bss           0x0807fa40        0x0 ../Lab1_bsp/\libhal_bsp.a(alt_find_file.o)
 .bss           0x0807fa40        0x0 ../Lab1_bsp/\libhal_bsp.a(alt_flash_dev.o)
 .bss           0x0807fa40        0x0 ../Lab1_bsp/\libhal_bsp.a(alt_get_fd.o)
 .bss           0x0807fa40        0x0 ../Lab1_bsp/\libhal_bsp.a(alt_io_redirect.o)
 .bss           0x0807fa40        0x0 ../Lab1_bsp/\libhal_bsp.a(alt_tick.o)
 .bss           0x0807fa40        0x0 ../Lab1_bsp/\libhal_bsp.a(alt_usleep.o)
 .bss           0x0807fa40        0x0 ../Lab1_bsp/\libhal_bsp.a(altera_nios2_qsys_irq.o)
 .bss           0x0807fa40        0x0 ../Lab1_bsp/\libhal_bsp.a(altera_avalon_cfi_flash_amd.o)
 .bss           0x0807fa40        0x0 ../Lab1_bsp/\libhal_bsp.a(altera_avalon_cfi_flash_intel.o)
 .bss           0x0807fa40        0x0 ../Lab1_bsp/\libhal_bsp.a(alt_busy_sleep.o)
 .bss           0x0807fa40        0x0 c:/altera/13.0/nios2eds/bin/gnu/h-i686-mingw32/bin/../lib/gcc/nios2-elf/4.1.2/../../../../nios2-elf/lib\libc.a(lib_a-atexit.o)
 .bss           0x0807fa40        0x0 c:/altera/13.0/nios2eds/bin/gnu/h-i686-mingw32/bin/../lib/gcc/nios2-elf/4.1.2/../../../../nios2-elf/lib\libc.a(lib_a-ctype_.o)
 .bss           0x0807fa40        0x0 c:/altera/13.0/nios2eds/bin/gnu/h-i686-mingw32/bin/../lib/gcc/nios2-elf/4.1.2/../../../../nios2-elf/lib\libc.a(lib_a-exit.o)
 .bss           0x0807fa40        0x0 c:/altera/13.0/nios2eds/bin/gnu/h-i686-mingw32/bin/../lib/gcc/nios2-elf/4.1.2/../../../../nios2-elf/lib\libc.a(lib_a-__atexit.o)
 .bss           0x0807fa40        0x0 c:/altera/13.0/nios2eds/bin/gnu/h-i686-mingw32/bin/../lib/gcc/nios2-elf/4.1.2/../../../../nios2-elf/lib\libc.a(lib_a-__call_atexit.o)
 .bss           0x0807fa40        0x0 ../Lab1_bsp/\libhal_bsp.a(alt_exit.o)
 *(COMMON)
 COMMON         0x0807fa40       0x14 obj/default/freertos_semaphore.o
                0x0807fa40                sem_owner_task_name
 COMMON         0x0807fa54      0x100 ../Lab1_bsp/\libhal_bsp.a(alt_irq_handler.o)
                0x0807fa54                alt_irq
 COMMON         0x0807fb54      0x190 c:/altera/13.0/nios2eds/bin/gnu/h-i686-mingw32/bin/../lib/gcc/nios2-elf/4.1.2/../../../../nios2-elf/lib\libc.a(lib_a-atexit.o)
                0x0807fb54                _atexit0
                0x0807fce4                . = ALIGN (0x4)
                0x0807fce4                __bss_end = ABSOLUTE (.)

.onchip_memory  0x00017150        0x0
                0x00017150                PROVIDE (_alt_partition_onchip_memory_start, ABSOLUTE (.))
 *(.onchip_memory. onchip_memory.*)
                0x00017150                . = ALIGN (0x4)
                0x00017150                PROVIDE (_alt_partition_onchip_memory_end, ABSOLUTE (.))
                0x00017150                PROVIDE (_alt_partition_onchip_memory_load_addr, LOADADDR (.onchip_memory))

.flash_controller
                0x01000020        0x0
                0x01000020                PROVIDE (_alt_partition_flash_controller_start, ABSOLUTE (.))
 *(.flash_controller. flash_controller.*)
                0x01000020                . = ALIGN (0x4)
                0x01000020                PROVIDE (_alt_partition_flash_controller_end, ABSOLUTE (.))
                0x01000020                PROVIDE (_alt_partition_flash_controller_load_addr, LOADADDR (.flash_controller))

.sdram          0x0807fce4        0x0
                0x0807fce4                PROVIDE (_alt_partition_sdram_start, ABSOLUTE (.))
 *(.sdram. sdram.*)
                0x0807fce4                . = ALIGN (0x4)
                0x0807fce4                PROVIDE (_alt_partition_sdram_end, ABSOLUTE (.))
                0x0807fce4                _end = ABSOLUTE (.)
                0x0807fce4                end = ABSOLUTE (.)
                0x0807fce4                __alt_stack_base = ABSOLUTE (.)
                0x0807fce4                PROVIDE (_alt_partition_sdram_load_addr, LOADADDR (.sdram))

.stab
 *(.stab)

.stabstr
 *(.stabstr)

.stab.excl
 *(.stab.excl)

.stab.exclstr
 *(.stab.exclstr)

.stab.index
 *(.stab.index)

.stab.indexstr
 *(.stab.indexstr)

.comment        0x00000000       0x23
 *(.comment)
 .comment       0x00000000       0x23 obj/default/FreeRTOS/croutine.o
                                 0x24 (size before relaxing)
 .comment       0x00000000       0x24 obj/default/FreeRTOS/event_groups.o
 .comment       0x00000000       0x24 obj/default/FreeRTOS/heap.o
 .comment       0x00000000       0x24 obj/default/FreeRTOS/list.o
 .comment       0x00000000       0x24 obj/default/FreeRTOS/port.o
 .comment       0x00000000       0x24 obj/default/FreeRTOS/queue.o
 .comment       0x00000000       0x24 obj/default/FreeRTOS/tasks.o
 .comment       0x00000000       0x24 obj/default/FreeRTOS/timers.o
 .comment       0x00000000       0x24 obj/default/freertos_semaphore.o
 .comment       0x00000000       0x24 c:/altera/13.0/nios2eds/bin/gnu/h-i686-mingw32/bin/../lib/gcc/nios2-elf/4.1.2/../../../../nios2-elf/lib\libc.a(lib_a-fopen.o)
 .comment       0x00000000       0x24 c:/altera/13.0/nios2eds/bin/gnu/h-i686-mingw32/bin/../lib/gcc/nios2-elf/4.1.2/../../../../nios2-elf/lib\libc.a(lib_a-fprintf.o)
 .comment       0x00000000       0x24 c:/altera/13.0/nios2eds/bin/gnu/h-i686-mingw32/bin/../lib/gcc/nios2-elf/4.1.2/../../../../nios2-elf/lib\libc.a(lib_a-fseek.o)
 .comment       0x00000000       0x24 c:/altera/13.0/nios2eds/bin/gnu/h-i686-mingw32/bin/../lib/gcc/nios2-elf/4.1.2/../../../../nios2-elf/lib\libc.a(lib_a-fstatr.o)
 .comment       0x00000000       0x24 c:/altera/13.0/nios2eds/bin/gnu/h-i686-mingw32/bin/../lib/gcc/nios2-elf/4.1.2/../../../../nios2-elf/lib\libc.a(lib_a-fwrite.o)
 .comment       0x00000000       0x24 c:/altera/13.0/nios2eds/bin/gnu/h-i686-mingw32/bin/../lib/gcc/nios2-elf/4.1.2/../../../../nios2-elf/lib\libc.a(lib_a-impure.o)
 .comment       0x00000000       0x24 c:/altera/13.0/nios2eds/bin/gnu/h-i686-mingw32/bin/../lib/gcc/nios2-elf/4.1.2/../../../../nios2-elf/lib\libc.a(lib_a-int_errno.o)
 .comment       0x00000000       0x24 c:/altera/13.0/nios2eds/bin/gnu/h-i686-mingw32/bin/../lib/gcc/nios2-elf/4.1.2/../../../../nios2-elf/lib\libc.a(lib_a-makebuf.o)
 .comment       0x00000000       0x24 c:/altera/13.0/nios2eds/bin/gnu/h-i686-mingw32/bin/../lib/gcc/nios2-elf/4.1.2/../../../../nios2-elf/lib\libc.a(lib_a-mallocr.o)
 .comment       0x00000000       0x24 c:/altera/13.0/nios2eds/bin/gnu/h-i686-mingw32/bin/../lib/gcc/nios2-elf/4.1.2/../../../../nios2-elf/lib\libc.a(lib_a-memcmp.o)
 .comment       0x00000000       0x24 c:/altera/13.0/nios2eds/bin/gnu/h-i686-mingw32/bin/../lib/gcc/nios2-elf/4.1.2/../../../../nios2-elf/lib\libc.a(lib_a-memcpy.o)
 .comment       0x00000000       0x24 c:/altera/13.0/nios2eds/bin/gnu/h-i686-mingw32/bin/../lib/gcc/nios2-elf/4.1.2/../../../../nios2-elf/lib\libc.a(lib_a-memset.o)
 .comment       0x00000000       0x24 c:/altera/13.0/nios2eds/bin/gnu/h-i686-mingw32/bin/../lib/gcc/nios2-elf/4.1.2/../../../../nios2-elf/lib\libc.a(lib_a-openr.o)
 .comment       0x00000000       0x24 c:/altera/13.0/nios2eds/bin/gnu/h-i686-mingw32/bin/../lib/gcc/nios2-elf/4.1.2/../../../../nios2-elf/lib\libc.a(lib_a-printf.o)
 .comment       0x00000000       0x24 c:/altera/13.0/nios2eds/bin/gnu/h-i686-mingw32/bin/../lib/gcc/nios2-elf/4.1.2/../../../../nios2-elf/lib\libc.a(lib_a-putchar.o)
 .comment       0x00000000       0x24 c:/altera/13.0/nios2eds/bin/gnu/h-i686-mingw32/bin/../lib/gcc/nios2-elf/4.1.2/../../../../nios2-elf/lib\libc.a(lib_a-puts.o)
 .comment       0x00000000       0x24 c:/altera/13.0/nios2eds/bin/gnu/h-i686-mingw32/bin/../lib/gcc/nios2-elf/4.1.2/../../../../nios2-elf/lib\libc.a(lib_a-refill.o)
 .comment       0x00000000       0x24 c:/altera/13.0/nios2eds/bin/gnu/h-i686-mingw32/bin/../lib/gcc/nios2-elf/4.1.2/../../../../nios2-elf/lib\libc.a(lib_a-sbrkr.o)
 .comment       0x00000000       0x24 c:/altera/13.0/nios2eds/bin/gnu/h-i686-mingw32/bin/../lib/gcc/nios2-elf/4.1.2/../../../../nios2-elf/lib\libc.a(lib_a-stdio.o)
 .comment       0x00000000       0x24 c:/altera/13.0/nios2eds/bin/gnu/h-i686-mingw32/bin/../lib/gcc/nios2-elf/4.1.2/../../../../nios2-elf/lib\libc.a(lib_a-strlen.o)
 .comment       0x00000000       0x24 c:/altera/13.0/nios2eds/bin/gnu/h-i686-mingw32/bin/../lib/gcc/nios2-elf/4.1.2/../../../../nios2-elf/lib\libc.a(lib_a-vfprintf.o)
 .comment       0x00000000       0x24 c:/altera/13.0/nios2eds/bin/gnu/h-i686-mingw32/bin/../lib/gcc/nios2-elf/4.1.2/../../../../nios2-elf/lib\libc.a(lib_a-writer.o)
 .comment       0x00000000       0x24 c:/altera/13.0/nios2eds/bin/gnu/h-i686-mingw32/bin/../lib/gcc/nios2-elf/4.1.2/../../../../nios2-elf/lib\libc.a(lib_a-wsetup.o)
 .comment       0x00000000       0x24 c:/altera/13.0/nios2eds/bin/gnu/h-i686-mingw32/bin/../lib/gcc/nios2-elf/4.1.2/../../../../nios2-elf/lib\libc.a(lib_a-closer.o)
 .comment       0x00000000       0x24 c:/altera/13.0/nios2eds/bin/gnu/h-i686-mingw32/bin/../lib/gcc/nios2-elf/4.1.2/../../../../nios2-elf/lib\libc.a(lib_a-dtoa.o)
 .comment       0x00000000       0x24 c:/altera/13.0/nios2eds/bin/gnu/h-i686-mingw32/bin/../lib/gcc/nios2-elf/4.1.2/../../../../nios2-elf/lib\libc.a(lib_a-fflush.o)
 .comment       0x00000000       0x24 c:/altera/13.0/nios2eds/bin/gnu/h-i686-mingw32/bin/../lib/gcc/nios2-elf/4.1.2/../../../../nios2-elf/lib\libc.a(lib_a-findfp.o)
 .comment       0x00000000       0x24 c:/altera/13.0/nios2eds/bin/gnu/h-i686-mingw32/bin/../lib/gcc/nios2-elf/4.1.2/../../../../nios2-elf/lib\libc.a(lib_a-flags.o)
 .comment       0x00000000       0x24 c:/altera/13.0/nios2eds/bin/gnu/h-i686-mingw32/bin/../lib/gcc/nios2-elf/4.1.2/../../../../nios2-elf/lib\libc.a(lib_a-freer.o)
 .comment       0x00000000       0x24 c:/altera/13.0/nios2eds/bin/gnu/h-i686-mingw32/bin/../lib/gcc/nios2-elf/4.1.2/../../../../nios2-elf/lib\libc.a(lib_a-fvwrite.o)
 .comment       0x00000000       0x24 c:/altera/13.0/nios2eds/bin/gnu/h-i686-mingw32/bin/../lib/gcc/nios2-elf/4.1.2/../../../../nios2-elf/lib\libc.a(lib_a-fwalk.o)
 .comment       0x00000000       0x24 c:/altera/13.0/nios2eds/bin/gnu/h-i686-mingw32/bin/../lib/gcc/nios2-elf/4.1.2/../../../../nios2-elf/lib\libc.a(lib_a-isattyr.o)
 .comment       0x00000000       0x24 c:/altera/13.0/nios2eds/bin/gnu/h-i686-mingw32/bin/../lib/gcc/nios2-elf/4.1.2/../../../../nios2-elf/lib\libc.a(lib_a-locale.o)
 .comment       0x00000000       0x24 c:/altera/13.0/nios2eds/bin/gnu/h-i686-mingw32/bin/../lib/gcc/nios2-elf/4.1.2/../../../../nios2-elf/lib\libc.a(lib_a-lseekr.o)
 .comment       0x00000000       0x24 c:/altera/13.0/nios2eds/bin/gnu/h-i686-mingw32/bin/../lib/gcc/nios2-elf/4.1.2/../../../../nios2-elf/lib\libc.a(lib_a-memchr.o)
 .comment       0x00000000       0x24 c:/altera/13.0/nios2eds/bin/gnu/h-i686-mingw32/bin/../lib/gcc/nios2-elf/4.1.2/../../../../nios2-elf/lib\libc.a(lib_a-memmove.o)
 .comment       0x00000000       0x24 c:/altera/13.0/nios2eds/bin/gnu/h-i686-mingw32/bin/../lib/gcc/nios2-elf/4.1.2/../../../../nios2-elf/lib\libc.a(lib_a-mprec.o)
 .comment       0x00000000       0x24 c:/altera/13.0/nios2eds/bin/gnu/h-i686-mingw32/bin/../lib/gcc/nios2-elf/4.1.2/../../../../nios2-elf/lib\libc.a(lib_a-putc.o)
 .comment       0x00000000       0x24 c:/altera/13.0/nios2eds/bin/gnu/h-i686-mingw32/bin/../lib/gcc/nios2-elf/4.1.2/../../../../nios2-elf/lib\libc.a(lib_a-readr.o)
 .comment       0x00000000       0x24 c:/altera/13.0/nios2eds/bin/gnu/h-i686-mingw32/bin/../lib/gcc/nios2-elf/4.1.2/../../../../nios2-elf/lib\libc.a(lib_a-reallocr.o)
 .comment       0x00000000       0x24 c:/altera/13.0/nios2eds/bin/gnu/h-i686-mingw32/bin/../lib/gcc/nios2-elf/4.1.2/../../../../nios2-elf/lib\libc.a(lib_a-s_isinfd.o)
 .comment       0x00000000       0x24 c:/altera/13.0/nios2eds/bin/gnu/h-i686-mingw32/bin/../lib/gcc/nios2-elf/4.1.2/../../../../nios2-elf/lib\libc.a(lib_a-s_isnand.o)
 .comment       0x00000000       0x24 c:/altera/13.0/nios2eds/bin/gnu/h-i686-mingw32/bin/../lib/gcc/nios2-elf/4.1.2/../../../../nios2-elf/lib\libc.a(lib_a-strcmp.o)
 .comment       0x00000000       0x24 c:/altera/13.0/nios2eds/bin/gnu/h-i686-mingw32/bin/../lib/gcc/nios2-elf/4.1.2/../../../../nios2-elf/lib\libc.a(lib_a-wbuf.o)
 .comment       0x00000000       0x24 c:/altera/13.0/nios2eds/bin/gnu/h-i686-mingw32/bin/../lib/gcc/nios2-elf/4.1.2/../../../../nios2-elf/lib\libc.a(lib_a-callocr.o)
 .comment       0x00000000       0x24 c:/altera/13.0/nios2eds/bin/gnu/h-i686-mingw32/bin/../lib/gcc/nios2-elf/4.1.2/../../../../nios2-elf/lib\libc.a(lib_a-fclose.o)
 .comment       0x00000000       0x24 c:/altera/13.0/nios2eds/bin/gnu/h-i686-mingw32/bin/../lib/gcc/nios2-elf/4.1.2\libgcc.a(_udivdi3.o)