Archive member included because of file (symbol)

c:/altera/13.0/nios2eds/bin/gnu/h-i686-mingw32/bin/../lib/gcc/nios2-elf/4.1.2\libgcc.a(_gt_df.o)
                              obj/default/freertos_semaphore.o (__gtdf2)
c:/altera/13.0/nios2eds/bin/gnu/h-i686-mingw32/bin/../lib/gcc/nios2-elf/4.1.2\libgcc.a(_lt_df.o)
                              obj/default/freertos_semaphore.o (__ltdf2)
c:/altera/13.0/nios2eds/bin/gnu/h-i686-mingw32/bin/../lib/gcc/nios2-elf/4.1.2\libgcc.a(_unpack_df.o)
                              c:/altera/13.0/nios2eds/bin/gnu/h-i686-mingw32/bin/../lib/gcc/nios2-elf/4.1.2\libgcc.a(_gt_df.o) (__unpack_d)
c:/altera/13.0/nios2eds/bin/gnu/h-i686-mingw32/bin/../lib/gcc/nios2-elf/4.1.2\libgcc.a(_fpcmp_parts_df.o)
                              c:/altera/13.0/nios2eds/bin/gnu/h-i686-mingw32/bin/../lib/gcc/nios2-elf/4.1.2\libgcc.a(_gt_df.o) (__fpcmp_parts_d)
c:/altera/13.0/nios2eds/bin/gnu/h-i686-mingw32/bin/../lib/gcc/nios2-elf/4.1.2/../../../../nios2-elf/lib\libc.a(lib_a-fclose.o)
                              obj/default/freertos_semaphore.o (fclose)
c:/altera/13.0/nios2eds/bin/gnu/h-i686-mingw32/bin/../lib/gcc/nios2-elf/4.1.2/../../../../nios2-elf/lib\libc.a(lib_a-fflush.o)
                              c:/altera/13.0/nios2eds/bin/gnu/h-i686-mingw32/bin/../lib/gcc/nios2-elf/4.1.2/../../../../nios2-elf/lib\libc.a(lib_a-fclose.o) (_fflush_r)
c:/altera/13.0/nios2eds/bin/gnu/h-i686-mingw32/bin/../lib/gcc/nios2-elf/4.1.2/../../../../nios2-elf/lib\libc.a(lib_a-findfp.o)
                              c:/altera/13.0/nios2eds/bin/gnu/h-i686-mingw32/bin/../lib/gcc/nios2-elf/4.1.2/../../../../nios2-elf/lib\libc.a(lib_a-fclose.o) (__sfp_lock_acquire)
c:/altera/13.0/nios2eds/bin/gnu/h-i686-mingw32/bin/../lib/gcc/nios2-elf/4.1.2/../../../../nios2-elf/lib\libc.a(lib_a-fopen.o)
                              obj/default/freertos_semaphore.o (fopen)
c:/altera/13.0/nios2eds/bin/gnu/h-i686-mingw32/bin/../lib/gcc/nios2-elf/4.1.2/../../../../nios2-elf/lib\libc.a(lib_a-fprintf.o)
                              obj/default/freertos_semaphore.o (fprintf)
c:/altera/13.0/nios2eds/bin/gnu/h-i686-mingw32/bin/../lib/gcc/nios2-elf/4.1.2/../../../../nios2-elf/lib\libc.a(lib_a-freer.o)
                              c:/altera/13.0/nios2eds/bin/gnu/h-i686-mingw32/bin/../lib/gcc/nios2-elf/4.1.2/../../../../nios2-elf/lib\libc.a(lib_a-fclose.o) (_free_r)
c:/altera/13.0/nios2eds/bin/gnu/h-i686-mingw32/bin/../lib/gcc/nios2-elf/4.1.2/../../../../nios2-elf/lib\libc.a(lib_a-fseek.o)
                              c:/altera/13.0/nios2eds/bin/gnu/h-i686-mingw32/bin/../lib/gcc/nios2-elf/4.1.2/../../../../nios2-elf/lib\libc.a(lib_a-fopen.o) (_fseek_r)
c:/altera/13.0/nios2eds/bin/gnu/h-i686-mingw32/bin/../lib/gcc/nios2-elf/4.1.2/../../../../nios2-elf/lib\libc.a(lib_a-fstatr.o)
                              c:/altera/13.0/nios2eds/bin/gnu/h-i686-mingw32/bin/../lib/gcc/nios2-elf/4.1.2/../../../../nios2-elf/lib\libc.a(lib_a-fseek.o) (_fstat_r)
c:/altera/13.0/nios2eds/bin/gnu/h-i686-mingw32/bin/../lib/gcc/nios2-elf/4.1.2/../../../../nios2-elf/lib\libc.a(lib_a-fwalk.o)
                              c:/altera/13.0/nios2eds/bin/gnu/h-i686-mingw32/bin/../lib/gcc/nios2-elf/4.1.2/../../../../nios2-elf/lib\libc.a(lib_a-fflush.o) (_fwalk_reent)
c:/altera/13.0/nios2eds/bin/gnu/h-i686-mingw32/bin/../lib/gcc/nios2-elf/4.1.2/../../../../nios2-elf/lib\libc.a(lib_a-fwrite.o)
                              obj/default/freertos_semaphore.o (fwrite)
c:/altera/13.0/nios2eds/bin/gnu/h-i686-mingw32/bin/../lib/gcc/nios2-elf/4.1.2/../../../../nios2-elf/lib\libc.a(lib_a-impure.o)
                              c:/altera/13.0/nios2eds/bin/gnu/h-i686-mingw32/bin/../lib/gcc/nios2-elf/4.1.2/../../../../nios2-elf/lib\libc.a(lib_a-fclose.o) (_impure_ptr)
c:/altera/13.0/nios2eds/bin/gnu/h-i686-mingw32/bin/../lib/gcc/nios2-elf/4.1.2/../../../../nios2-elf/lib\libc.a(lib_a-int_errno.o)
                              c:/altera/13.0/nios2eds/bin/gnu/h-i686-mingw32/bin/../lib/gcc/nios2-elf/4.1.2/../../../../nios2-elf/lib\libc.a(lib_a-fstatr.o) (errno)
c:/altera/13.0/nios2eds/bin/gnu/h-i686-mingw32/bin/../lib/gcc/nios2-elf/4.1.2/../../../../nios2-elf/lib\libc.a(lib_a-makebuf.o)
                              c:/altera/13.0/nios2eds/bin/gnu/h-i686-mingw32/bin/../lib/gcc/nios2-elf/4.1.2/../../../../nios2-elf/lib\libc.a(lib_a-fseek.o) (__smakebuf_r)
c:/altera/13.0/nios2eds/bin/gnu/h-i686-mingw32/bin/../lib/gcc/nios2-elf/4.1.2/../../../../nios2-elf/lib\libc.a(lib_a-mallocr.o)
                              c:/altera/13.0/nios2eds/bin/gnu/h-i686-mingw32/bin/../lib/gcc/nios2-elf/4.1.2/../../../../nios2-elf/lib\libc.a(lib_a-findfp.o) (_malloc_r)
c:/altera/13.0/nios2eds/bin/gnu/h-i686-mingw32/bin/../lib/gcc/nios2-elf/4.1.2/../../../../nios2-elf/lib\libc.a(lib_a-memcmp.o)
                              obj/default/FreeRTOS/tasks.o (memcmp)
c:/altera/13.0/nios2eds/bin/gnu/h-i686-mingw32/bin/../lib/gcc/nios2-elf/4.1.2/../../../../nios2-elf/lib\libc.a(lib_a-memcpy.o)
[...]
Memory Configuration

Name             Origin             Length             Attributes
onchip_memory_BEFORE_EXCEPTION 0x00000000         0x00000020
onchip_memory    0x00000020         0x00031fe0
reset            0x01000000         0x00000020
flash_controller 0x01000020         0x007fffe0
sdram            0x08000000         0x08000000
*default*        0x00000000         0xffffffff

Linker script and memory map

LOAD ../Ass1_bsp//obj/HAL/src/crt0.o
LOAD obj/default/FreeRTOS/croutine.o
LOAD obj/default/FreeRTOS/event_groups.o
LOAD obj/default/FreeRTOS/heap.o
LOAD obj/default/FreeRTOS/list.o
LOAD obj/default/FreeRTOS/port.o
LOAD obj/default/FreeRTOS/queue.o
LOAD obj/default/FreeRTOS/tasks.o
LOAD obj/default/FreeRTOS/timers.o
LOAD obj/default/freertos_semaphore.o
LOAD obj/default/FreeRTOS/port_asm.o
LOAD c:/altera/13.0/nios2eds/bin/gnu/h-i686-mingw32/bin/../lib/gcc/nios2-elf/4.1.2/../../../../nios2-elf/lib\libstdc++.a
LOAD c:/altera/13.0/nios2eds/bin/gnu/h-i686-mingw32/bin/../lib/gcc/nios2-elf/4.1.2/../../../../nios2-elf/lib\libm.a
LOAD c:/altera/13.0/nios2eds/bin/gnu/h-i686-mingw32/bin/../lib/gcc/nios2-elf/4.1.2\libgcc.a
START GROUP
LOAD c:/altera/13.0/nios2eds/bin/gnu/h-i686-mingw32/bin/../lib/gcc/nios2-elf/4.1.2/../../../../nios2-elf/lib\libc.a
LOAD c:/altera/13.0/nios2eds/bin/gnu/h-i686-mingw32/bin/../lib/gcc/nios2-elf/4.1.2\libgcc.a
LOAD ../Ass1_bsp/\libhal_bsp.a
END GROUP
LOAD c:/altera/13.0/nios2eds/bin/gnu/h-i686-mingw32/bin/../lib/gcc/nios2-elf/4.1.2\libgcc.a
                0x00000000                __alt_mem_onchip_memory = 0x0
                0x01000000                __alt_mem_flash_controller = 0x1000000
                0x08000000                __alt_mem_sdram = 0x8000000

.entry          0x01000000        0x0
 *(.entry)
 .entry         0x01000000        0x0 ../Ass1_bsp//obj/HAL/src/crt0.o
                0x01000000                __reset

.exceptions     0x00000020      0x228
                0x00000020                PROVIDE (__ram_exceptions_start, ABSOLUTE (.))
                0x00000020                . = ALIGN (0x20)
 *(.irq)
 *(.exceptions.entry.label)
 *(.exceptions.entry.user)
 *(.exceptions.entry)
 .exceptions.entry
                0x00000020       0x8c obj/default/FreeRTOS/port_asm.o
 *(.exceptions.irqtest.user)
 *(.exceptions.irqtest)
 .exceptions.irqtest
                0x000000ac       0x14 obj/default/FreeRTOS/port_asm.o
 *(.exceptions.irqhandler.user)
 *(.exceptions.irqhandler)
 .exceptions.irqhandler
                0x000000c0        0x4 obj/default/FreeRTOS/port_asm.o
 *(.exceptions.irqreturn.user)
 *(.exceptions.irqreturn)
 .exceptions.irqreturn
                0x000000c4       0x8c obj/default/FreeRTOS/port_asm.o
                0x000000c4                restore_sp_from_pxCurrentTCB
 *(.exceptions.notirq.label)
 *(.exceptions.notirq.user)
 *(.exceptions.notirq)
 *(.exceptions.soft.user)
 *(.exceptions.soft)
 .exceptions.soft
                0x00000150       0x2c obj/default/FreeRTOS/port_asm.o
 *(.exceptions.unknown.user)
 *(.exceptions.unknown)
 *(.exceptions.exit.label)
 *(.exceptions.exit.user)
 *(.exceptions.exit)
 *(.exceptions)
 .exceptions    0x0000017c       0xcc ../Ass1_bsp/\libhal_bsp.a(alt_irq_handler.o)
                0x0000017c                alt_irq_handler
                0x00000248                PROVIDE (__ram_exceptions_end, ABSOLUTE (.))
                0x00000020                PROVIDE (__flash_exceptions_start, LOADADDR (.exceptions))

.text           0x00000248    0x16b64
                0x00000248                PROVIDE (stext, ABSOLUTE (.))
 *(.interp)
 *(.hash)
 *(.dynsym)
 *(.dynstr)
 *(.gnu.version)
 *(.gnu.version_d)
 *(.gnu.version_r)
 *(.rel.init)
 *(.rela.init)
 *(.rel.text .rel.text.* .rel.gnu.linkonce.t.*)
 *(.rela.text .rela.text.* .rela.gnu.linkonce.t.*)
 *(.rel.fini)
 *(.rela.fini)
 *(.rel.rodata .rel.rodata.* .rel.gnu.linkonce.r.*)
 *(.rela.rodata .rela.rodata.* .rela.gnu.linkonce.r.*)
 *(.rel.data .rel.data.* .rel.gnu.linkonce.d.*)
 *(.rela.data .rela.data.* .rela.gnu.linkonce.d.*)
 *(.rel.tdata .rel.tdata.* .rel.gnu.linkonce.td.*)
 *(.rela.tdata .rela.tdata.* .rela.gnu.linkonce.td.*)
 *(.rel.tbss .rel.tbss.* .rel.gnu.linkonce.tb.*)
 *(.rela.tbss .rela.tbss.* .rela.gnu.linkonce.tb.*)
 *(.rel.ctors)
 *(.rela.ctors)
 *(.rel.dtors)
 *(.rela.dtors)
 *(.rel.got)
 *(.rela.got)
 *(.rel.sdata .rel.sdata.* .rel.gnu.linkonce.s.*)
 *(.rela.sdata .rela.sdata.* .rela.gnu.linkonce.s.*)
 *(.rel.sbss .rel.sbss.* .rel.gnu.linkonce.sb.*)
 *(.rela.sbss .rela.sbss.* .rela.gnu.linkonce.sb.*)
 *(.rel.sdata2 .rel.sdata2.* .rel.gnu.linkonce.s2.*)
 *(.rela.sdata2 .rela.sdata2.* .rela.gnu.linkonce.s2.*)
 *(.rel.sbss2 .rel.sbss2.* .rel.gnu.linkonce.sb2.*)
 *(.rela.sbss2 .rela.sbss2.* .rela.gnu.linkonce.sb2.*)
 *(.rel.bss .rel.bss.* .rel.gnu.linkonce.b.*)
 *(.rela.bss .rela.bss.* .rela.gnu.linkonce.b.*)
 *(.rel.plt)
 *(.rela.plt)
 *(.rel.dyn)
 *(.init)
 *(.plt)
 *(.text .stub .text.* .gnu.linkonce.t.*)
 .text          0x00000248       0x48 ../Ass1_bsp//obj/HAL/src/crt0.o
                0x00000248                _start
 .text          0x00000290      0x60c obj/default/FreeRTOS/croutine.o
                0x00000290                xCoRoutineCreate
                0x000003d0                vCoRoutineAddToDelayedList
                0x00000694                vCoRoutineSchedule
                0x0000081c                xCoRoutineRemoveFromEventList
 .text          0x0000089c      0x720 obj/default/FreeRTOS/event_groups.o
                0x0000089c                xEventGroupCreate
                0x000008f0                xEventGroupSync
                0x00000a74                xEventGroupWaitBits
                0x00000c34                xEventGroupClearBits
                0x00000c9c                xEventGroupGetBitsFromISR
                0x00000cd8                xEventGroupSetBits
                0x00000e64                vEventGroupDelete
                0x00000ed4                vEventGroupSetBitsCallback
                0x00000f0c                vEventGroupClearBitsCallback
 .text          0x00000fbc      0x448 obj/default/FreeRTOS/heap.o
                0x00000fbc                pvPortMalloc
                0x00001150                vPortFree
                0x000011d0                xPortGetFreeHeapSize
                0x000011f0                vPortInitialiseBlocks
 .text          0x00001404      0x28c obj/default/FreeRTOS/list.o
                0x00001404                vListInitialise
                0x00001474                vListInitialiseItem
                0x0000149c                vListInsertEnd
                0x00001524                vListInsert
                0x000015f8                uxListRemove
 .text          0x00001690      0x434 obj/default/FreeRTOS/port.o
                0x00001690                vApplicationStackOverflowHook
                0x000016f4                pxPortInitialiseStack
                0x000017dc                xPortStartScheduler
                0x00001814                vPortEndScheduler
                0x000018c8                vPortSysTickHandler
                0x00001914                alt_irq_register
 .text          0x00001ac4     0x1134 obj/default/FreeRTOS/queue.o
                0x00001ac4                xQueueGenericReset
                0x00001bd8                xQueueGenericCreate
                0x00001cb4                xQueueCreateMutex
                0x00001d78                xQueueGiveMutexRecursive
                0x00001e0c                xQueueTakeMutexRecursive
                0x00001eb4                xQueueCreateCountingSemaphore
                0x00001f10                xQueueGenericSend
                0x000020c0                xQueueGenericSendFromISR
                0x000021a8                xQueueGiveFromISR
                0x00002280                xQueueGenericReceive
                0x000024ac                xQueueReceiveFromISR
                0x00002590                xQueuePeekFromISR
                0x00002610                uxQueueMessagesWaiting
                0x00002650                uxQueueSpacesAvailable
                0x000026a4                uxQueueMessagesWaitingFromISR
                0x000026d4                vQueueDelete
                0x00002a80                xQueueIsQueueEmptyFromISR
                0x00002b1c                xQueueIsQueueFullFromISR
                0x00002b64                vQueueWaitForMessageRestricted
 .text          0x00002bf8     0x1c94 obj/default/FreeRTOS/tasks.o
                0x00002bf8                xTaskGenericCreate
                0x00002dc0                vTaskDelete
                0x00002e98                vTaskDelay
                0x00002f10                vTaskStartScheduler
                0x00002fac                vTaskEndScheduler
                0x00002ff0                vTaskSuspendAll
                0x00003018                xTaskResumeAll
                0x00003168                xTaskGetTickCount
                0x00003190                xTaskGetTickCountFromISR
                0x000031bc                uxTaskGetNumberOfTasks
                0x000031dc                xTaskIncrementTick
                0x000033b8                vTaskSwitchContext
                0x000034e8                vTaskPlaceOnEventList
                0x00003548                vTaskPlaceOnUnorderedEventList
                0x000035bc                vTaskPlaceOnEventListRestricted
                0x0000361c                xTaskRemoveFromEventList
                0x00003704                xTaskRemoveFromUnorderedEventList
                0x000037d4                vTaskSetTimeOutState
                0x0000380c                xTaskCheckForTimeOut
                0x000038d0                vTaskMissedYield
                0x00003d50                uxTaskGetStackHighWaterMark
                0x00003e6c                xTaskGetCurrentTaskHandle
                0x00003e94                xTaskGetSchedulerState
                0x00003ee8                vTaskPriorityInherit
                0x00004018                xTaskPriorityDisinherit
                0x00004114                vTaskEnterCritical
                0x00004168                vTaskExitCritical
                0x000041d0                uxTaskResetEventItemValue
                0x00004214                pvTaskIncrementMutexHeldCount
                0x00004250                ulTaskNotifyTake
                0x00004328                xTaskNotifyWait
                0x00004434                xTaskNotify
                0x000045bc                xTaskNotifyFromISR
                0x0000477c                vTaskNotifyGiveFromISR
 .text          0x0000488c      0x8b0 obj/default/FreeRTOS/timers.o
                0x0000488c                xTimerCreateTimerTask
                0x000048fc                xTimerCreate
                0x000049ac                xTimerGenericCommand
                0x00004a74                pcTimerGetTimerName
                0x000050c0                xTimerIsTimerActive
                0x0000510c                pvTimerGetTimerID
 .text          0x0000513c      0x6e0 obj/default/freertos_semaphore.o
                0x0000513c                unstableTimer_isr_function
                0x00005168                stableTimer_isr_function
                0x00005194                SignalSimulator
                0x00005270                TimerControl
                0x00005348                UnderFrequencyMonitor
                0x00005430                ControlCentre
                0x00005524                Shedder
                0x00005568                Connector
                0x000055ac                LEDController
                0x00005620                print_status_task
                0x00005640                getsem_task1
                0x00005660                getsem_task2
                0x00005680                send_task
                0x000056a0                receive_task1
                0x000056b4                receive_task2
                0x000056c8                main
                0x00005744                initOSDataStructs
                0x00005764                initCreateTasks
 .text          0x0000581c        0x0 obj/default/FreeRTOS/port_asm.o
 .text          0x0000581c       0x88 c:/altera/13.0/nios2eds/bin/gnu/h-i686-mingw32/bin/../lib/gcc/nios2-elf/4.1.2\libgcc.a(_gt_df.o)
                0x0000581c                __gtdf2
 .text          0x000058a4       0x88 c:/altera/13.0/nios2eds/bin/gnu/h-i686-mingw32/bin/../lib/gcc/nios2-elf/4.1.2\libgcc.a(_lt_df.o)
                0x000058a4                __ltdf2
 .text          0x0000592c      0x138 c:/altera/13.0/nios2eds/bin/gnu/h-i686-mingw32/bin/../lib/gcc/nios2-elf/4.1.2\libgcc.a(_unpack_df.o)
                0x0000592c                __unpack_d
 .text          0x00005a64       0xc8 c:/altera/13.0/nios2eds/bin/gnu/h-i686-mingw32/bin/../lib/gcc/nios2-elf/4.1.2\libgcc.a(_fpcmp_parts_df.o)
                0x00005a64                __fpcmp_parts_d
 .text          0x00005b2c      0x124 c:/altera/13.0/nios2eds/bin/gnu/h-i686-mingw32/bin/../lib/gcc/nios2-elf/4.1.2/../../../../nios2-elf/lib\libc.a(lib_a-fclose.o)
                0x00005b2c                _fclose_r
                0x00005c3c                fclose
 .text          0x00005c50      0x230 c:/altera/13.0/nios2eds/bin/gnu/h-i686-mingw32/bin/../lib/gcc/nios2-elf/4.1.2/../../../../nios2-elf/lib\libc.a(lib_a-fflush.o)
                0x00005c50                _fflush_r
                0x00005e4c                fflush
 .text          0x00005e80      0x2c0 c:/altera/13.0/nios2eds/bin/gnu/h-i686-mingw32/bin/../lib/gcc/nios2-elf/4.1.2/../../../../nios2-elf/lib\libc.a(lib_a-findfp.o)
                0x00005ed8                __sfp_lock_acquire
                0x00005edc                __sfp_lock_release
                0x00005ee0                __sinit_lock_acquire
                0x00005ee4                __sinit_lock_release
                0x00005ee8                __sinit
                0x00005f9c                __fp_unlock_all
                0x00005fb4                __fp_lock_all
                0x00005fcc                _cleanup_r
                0x00005fd8                _cleanup
                0x00005fe8                __sfmoreglue
                0x00006050                __sfp
 .text          0x00006140      0x110 c:/altera/13.0/nios2eds/bin/gnu/h-i686-mingw32/bin/../lib/gcc/nios2-elf/4.1.2/../../../../nios2-elf/lib\libc.a(lib_a-fopen.o)
                0x00006140                _fopen_r
                0x00006234                fopen
 .text          0x00006250       0x60 c:/altera/13.0/nios2eds/bin/gnu/h-i686-mingw32/bin/../lib/gcc/nios2-elf/4.1.2/../../../../nios2-elf/lib\libc.a(lib_a-fprintf.o)
                0x00006250                fprintf
                0x0000627c                _fprintf_r
 .text          0x000062b0      0x440 c:/altera/13.0/nios2eds/bin/gnu/h-i686-mingw32/bin/../lib/gcc/nios2-elf/4.1.2/../../../../nios2-elf/lib\libc.a(lib_a-freer.o)
                0x000062b0                _malloc_trim_r
                0x000063dc                _free_r
 .text          0x000066f0      0x460 c:/altera/13.0/nios2eds/bin/gnu/h-i686-mingw32/bin/../lib/gcc/nios2-elf/4.1.2/../../../../nios2-elf/lib\libc.a(lib_a-fseek.o)
                0x000066f0                _fseek_r
                0x00006b2c                fseek
 .text          0x00006b50       0x74 c:/altera/13.0/nios2eds/bin/gnu/h-i686-mingw32/bin/../lib/gcc/nios2-elf/4.1.2/../../../../nios2-elf/lib\libc.a(lib_a-fstatr.o)
                0x00006b50                _fstat_r
 .text          0x00006bc4      0x180 c:/altera/13.0/nios2eds/bin/gnu/h-i686-mingw32/bin/../lib/gcc/nios2-elf/4.1.2/../../../../nios2-elf/lib\libc.a(lib_a-fwalk.o)
                0x00006bc4                _fwalk_reent
                0x00006c8c                _fwalk
 .text          0x00006d44       0xdc c:/altera/13.0/nios2eds/bin/gnu/h-i686-mingw32/bin/../lib/gcc/nios2-elf/4.1.2/../../../../nios2-elf/lib\libc.a(lib_a-fwrite.o)
                0x00006d44                _fwrite_r
                0x00006de0                fwrite
 .text          0x00006e20        0x0 c:/altera/13.0/nios2eds/bin/gnu/h-i686-mingw32/bin/../lib/gcc/nios2-elf/4.1.2/../../../../nios2-elf/lib\libc.a(lib_a-impure.o)
 .text          0x00006e20        0x0 c:/altera/13.0/nios2eds/bin/gnu/h-i686-mingw32/bin/../lib/gcc/nios2-elf/4.1.2/../../../../nios2-elf/lib\libc.a(lib_a-int_errno.o)
 .text          0x00006e20      0x194 c:/altera/13.0/nios2eds/bin/gnu/h-i686-mingw32/bin/../lib/gcc/nios2-elf/4.1.2/../../../../nios2-elf/lib\libc.a(lib_a-makebuf.o)
                0x00006e20                __smakebuf_r
 .text          0x00006fb4      0x740 c:/altera/13.0/nios2eds/bin/gnu/h-i686-mingw32/bin/../lib/gcc/nios2-elf/4.1.2/../../../../nios2-elf/lib\libc.a(lib_a-mallocr.o)
                0x00006fb4                _malloc_r
 .text          0x000076f4       0x74 c:/altera/13.0/nios2eds/bin/gnu/h-i686-mingw32/bin/../lib/gcc/nios2-elf/4.1.2/../../../../nios2-elf/lib\libc.a(lib_a-memcmp.o)
                0x000076f4                memcmp
 .text          0x00007768       0xa0 c:/altera/13.0/nios2eds/bin/gnu/h-i686-mingw32/bin/../lib/gcc/nios2-elf/4.1.2/../../../../nios2-elf/lib\libc.a(lib_a-memcpy.o)
                0x00007768                memcpy
 .text          0x00007808       0x98 c:/altera/13.0/nios2eds/bin/gnu/h-i686-mingw32/bin/../lib/gcc/nios2-elf/4.1.2/../../../../nios2-elf/lib\libc.a(lib_a-memset.o)
                0x00007808                memset
 .text          0x000078a0       0x78 c:/altera/13.0/nios2eds/bin/gnu/h-i686-mingw32/bin/../lib/gcc/nios2-elf/4.1.2/../../../../nios2-elf/lib\libc.a(lib_a-openr.o)
                0x000078a0                _open_r
 .text          0x00007918       0x78 c:/altera/13.0/nios2eds/bin/gnu/h-i686-mingw32/bin/../lib/gcc/nios2-elf/4.1.2/../../../../nios2-elf/lib\libc.a(lib_a-printf.o)
                0x00007918                printf
                0x0000795c                _printf_r
 .text          0x00007990       0xb4 c:/altera/13.0/nios2eds/bin/gnu/h-i686-mingw32/bin/../lib/gcc/nios2-elf/4.1.2/../../../../nios2-elf/lib\libc.a(lib_a-puts.o)
                0x00007990                _puts_r
                0x00007a30                puts
 .text          0x00007a44      0x1e0 c:/altera/13.0/nios2eds/bin/gnu/h-i686-mingw32/bin/../lib/gcc/nios2-elf/4.1.2/../../../../nios2-elf/lib\libc.a(lib_a-refill.o)
                0x00007a44                __srefill_r
 .text          0x00007c24       0x70 c:/altera/13.0/nios2eds/bin/gnu/h-i686-mingw32/bin/../lib/gcc/nios2-elf/4.1.2/../../../../nios2-elf/lib\libc.a(lib_a-sbrkr.o)
                0x00007c24                _sbrk_r
 .text          0x00007c94      0x14c c:/altera/13.0/nios2eds/bin/gnu/h-i686-mingw32/bin/../lib/gcc/nios2-elf/4.1.2/../../../../nios2-elf/lib\libc.a(lib_a-stdio.o)
                0x00007c94                __sclose
                0x00007c9c                __sseek
                0x00007d04                __swrite
                0x00007d80                __sread
 .text          0x00007de0       0x74 c:/altera/13.0/nios2eds/bin/gnu/h-i686-mingw32/bin/../lib/gcc/nios2-elf/4.1.2/../../../../nios2-elf/lib\libc.a(lib_a-strlen.o)
                0x00007de0                strlen
 .text          0x00007e54     0x1f28 c:/altera/13.0/nios2eds/bin/gnu/h-i686-mingw32/bin/../lib/gcc/nios2-elf/4.1.2/../../../../nios2-elf/lib\libc.a(lib_a-vfprintf.o)
                0x00007eac                ___vfprintf_internal_r
                0x00009d58                __vfprintf_internal
 .text          0x00009d7c       0x78 c:/altera/13.0/nios2eds/bin/gnu/h-i686-mingw32/bin/../lib/gcc/nios2-elf/4.1.2/../../../../nios2-elf/lib\libc.a(lib_a-writer.o)
                0x00009d7c                _write_r
 .text          0x00009df4      0x13c c:/altera/13.0/nios2eds/bin/gnu/h-i686-mingw32/bin/../lib/gcc/nios2-elf/4.1.2/../../../../nios2-elf/lib\libc.a(lib_a-wsetup.o)
                0x00009df4                __swsetup_r
 .text          0x00009f30       0x70 c:/altera/13.0/nios2eds/bin/gnu/h-i686-mingw32/bin/../lib/gcc/nios2-elf/4.1.2/../../../../nios2-elf/lib\libc.a(lib_a-closer.o)
                0x00009f30                _close_r
 .text          0x00009fa0     0x17cc c:/altera/13.0/nios2eds/bin/gnu/h-i686-mingw32/bin/../lib/gcc/nios2-elf/4.1.2/../../../../nios2-elf/lib\libc.a(lib_a-dtoa.o)
                0x0000a1b8                _dtoa_r
 .text          0x0000b76c       0xa0 c:/altera/13.0/nios2eds/bin/gnu/h-i686-mingw32/bin/../lib/gcc/nios2-elf/4.1.2/../../../../nios2-elf/lib\libc.a(lib_a-flags.o)
                0x0000b76c                __sflags
 .text          0x0000b80c      0x49c c:/altera/13.0/nios2eds/bin/gnu/h-i686-mingw32/bin/../lib/gcc/nios2-elf/4.1.2/../../../../nios2-elf/lib\libc.a(lib_a-fvwrite.o)
                0x0000b80c                __sfvwrite_r
 .text          0x0000bca8       0x70 c:/altera/13.0/nios2eds/bin/gnu/h-i686-mingw32/bin/../lib/gcc/nios2-elf/4.1.2/../../../../nios2-elf/lib\libc.a(lib_a-isattyr.o)
                0x0000bca8                _isatty_r
 .text          0x0000bd18       0xc4 c:/altera/13.0/nios2eds/bin/gnu/h-i686-mingw32/bin/../lib/gcc/nios2-elf/4.1.2/../../../../nios2-elf/lib\libc.a(lib_a-locale.o)
                0x0000bd18                __locale_charset
                0x0000bd20                _localeconv_r
                0x0000bd2c                localeconv
                0x0000bd3c                _setlocale_r
                0x0000bdc0                setlocale
 .text          0x0000bddc       0x78 c:/altera/13.0/nios2eds/bin/gnu/h-i686-mingw32/bin/../lib/gcc/nios2-elf/4.1.2/../../../../nios2-elf/lib\libc.a(lib_a-lseekr.o)
                0x0000bddc                _lseek_r
 .text          0x0000be54       0xe4 c:/altera/13.0/nios2eds/bin/gnu/h-i686-mingw32/bin/../lib/gcc/nios2-elf/4.1.2/../../../../nios2-elf/lib\libc.a(lib_a-memchr.o)
                0x0000be54                memchr
 .text          0x0000bf38       0xe0 c:/altera/13.0/nios2eds/bin/gnu/h-i686-mingw32/bin/../lib/gcc/nios2-elf/4.1.2/../../../../nios2-elf/lib\libc.a(lib_a-memmove.o)
                0x0000bf38                memmove
 .text          0x0000c018      0xff4 c:/altera/13.0/nios2eds/bin/gnu/h-i686-mingw32/bin/../lib/gcc/nios2-elf/4.1.2/../../../../nios2-elf/lib\libc.a(lib_a-mprec.o)
                0x0000c018                _Bfree
                0x0000c040                __hi0bits
                0x0000c0b0                __lo0bits
                0x0000c174                __mcmp
                0x0000c1d4                __ulp
                0x0000c254                __b2d
                0x0000c374                __ratio
                0x0000c424                _mprec_log10
                0x0000c4b8                __copybits
                0x0000c510                __any_on
                0x0000c598                _Balloc
                0x0000c654                __d2b
                0x0000c7d0                __mdiff
                0x0000c95c                __lshift
                0x0000caa8                __multiply
                0x0000cc90                __i2b
                0x0000cccc                __multadd
                0x0000cdcc                __pow5mult
                0x0000ceec                __s2b
 .text          0x0000d00c       0x78 c:/altera/13.0/nios2eds/bin/gnu/h-i686-mingw32/bin/../lib/gcc/nios2-elf/4.1.2/../../../../nios2-elf/lib\libc.a(lib_a-readr.o)
                0x0000d00c                _read_r
 .text          0x0000d084      0x5f4 c:/altera/13.0/nios2eds/bin/gnu/h-i686-mingw32/bin/../lib/gcc/nios2-elf/4.1.2/../../../../nios2-elf/lib\libc.a(lib_a-reallocr.o)
                0x0000d084                _realloc_r
 .text          0x0000d678       0x40 c:/altera/13.0/nios2eds/bin/gnu/h-i686-mingw32/bin/../lib/gcc/nios2-elf/4.1.2/../../../../nios2-elf/lib\libc.a(lib_a-s_isinfd.o)
                0x0000d678                __isinfd
 .text          0x0000d6b8       0x30 c:/altera/13.0/nios2eds/bin/gnu/h-i686-mingw32/bin/../lib/gcc/nios2-elf/4.1.2/../../../../nios2-elf/lib\libc.a(lib_a-s_isnand.o)
                0x0000d6b8                __isnand
 .text          0x0000d6e8       0xbc c:/altera/13.0/nios2eds/bin/gnu/h-i686-mingw32/bin/../lib/gcc/nios2-elf/4.1.2/../../../../nios2-elf/lib\libc.a(lib_a-strcmp.o)
                0x0000d6e8                strcmp
 .text          0x0000d7a4       0xb4 c:/altera/13.0/nios2eds/bin/gnu/h-i686-mingw32/bin/../lib/gcc/nios2-elf/4.1.2/../../../../nios2-elf/lib\libc.a(lib_a-callocr.o)
                0x0000d7a4                _calloc_r
 .text          0x0000d858      0x5dc c:/altera/13.0/nios2eds/bin/gnu/h-i686-mingw32/bin/../lib/gcc/nios2-elf/4.1.2\libgcc.a(_udivdi3.o)
                0x0000d858                __udivdi3
 .text          0x0000de34      0x5b0 c:/altera/13.0/nios2eds/bin/gnu/h-i686-mingw32/bin/../lib/gcc/nios2-elf/4.1.2\libgcc.a(_umoddi3.o)
                0x0000de34                __umoddi3
 .text          0x0000e3e4      0x504 c:/altera/13.0/nios2eds/bin/gnu/h-i686-mingw32/bin/../lib/gcc/nios2-elf/4.1.2\libgcc.a(_addsub_df.o)
                0x0000e7f4                __subdf3
                0x0000e874                __adddf3
 .text          0x0000e8e8      0x3c4 c:/altera/13.0/nios2eds/bin/gnu/h-i686-mingw32/bin/../lib/gcc/nios2-elf/4.1.2\libgcc.a(_mul_df.o)
                0x0000e8e8                __muldf3
 .text          0x0000ecac      0x258 c:/altera/13.0/nios2eds/bin/gnu/h-i686-mingw32/bin/../lib/gcc/nios2-elf/4.1.2\libgcc.a(_div_df.o)
                0x0000ecac                __divdf3
 .text          0x0000ef04       0x88 c:/altera/13.0/nios2eds/bin/gnu/h-i686-mingw32/bin/../lib/gcc/nios2-elf/4.1.2\libgcc.a(_eq_df.o)
                0x0000ef04                __eqdf2
 .text          0x0000ef8c       0x88 c:/altera/13.0/nios2eds/bin/gnu/h-i686-mingw32/bin/../lib/gcc/nios2-elf/4.1.2\libgcc.a(_ne_df.o)
                0x0000ef8c                __nedf2
 .text          0x0000f014       0x88 c:/altera/13.0/nios2eds/bin/gnu/h-i686-mingw32/bin/../lib/gcc/nios2-elf/4.1.2\libgcc.a(_ge_df.o)
                0x0000f014                __gedf2
 .text          0x0000f09c       0xf8 c:/altera/13.0/nios2eds/bin/gnu/h-i686-mingw32/bin/../lib/gcc/nios2-elf/4.1.2\libgcc.a(_si_to_df.o)
                0x0000f09c                __floatsidf
 .text          0x0000f194       0xd8 c:/altera/13.0/nios2eds/bin/gnu/h-i686-mingw32/bin/../lib/gcc/nios2-elf/4.1.2\libgcc.a(_df_to_si.o)
                0x0000f194                __fixdfsi
 .text          0x0000f26c        0x0 c:/altera/13.0/nios2eds/bin/gnu/h-i686-mingw32/bin/../lib/gcc/nios2-elf/4.1.2\libgcc.a(_thenan_df.o)
 .text          0x0000f26c      0x194 c:/altera/13.0/nios2eds/bin/gnu/h-i686-mingw32/bin/../lib/gcc/nios2-elf/4.1.2\libgcc.a(_usi_to_df.o)
                0x0000f26c                __floatunsidf
 .text          0x0000f400      0x14c c:/altera/13.0/nios2eds/bin/gnu/h-i686-mingw32/bin/../lib/gcc/nios2-elf/4.1.2\libgcc.a(lib2-divmod.o)
                0x0000f47c                __divsi3
                0x0000f4dc                __modsi3
                0x0000f53c                __udivsi3
                0x0000f544                __umodsi3
 .text          0x0000f54c       0x98 c:/altera/13.0/nios2eds/bin/gnu/h-i686-mingw32/bin/../lib/gcc/nios2-elf/4.1.2\libgcc.a(_muldi3.o)
                0x0000f54c                __muldi3
 .text          0x0000f5e4        0x0 c:/altera/13.0/nios2eds/bin/gnu/h-i686-mingw32/bin/../lib/gcc/nios2-elf/4.1.2\libgcc.a(_clz.o)
 .text          0x0000f5e4       0x80 c:/altera/13.0/nios2eds/bin/gnu/h-i686-mingw32/bin/../lib/gcc/nios2-elf/4.1.2\libgcc.a(_clzsi2.o)
                0x0000f5e4                __clzsi2
 .text          0x0000f664      0x314 c:/altera/13.0/nios2eds/bin/gnu/h-i686-mingw32/bin/../lib/gcc/nios2-elf/4.1.2\libgcc.a(_pack_df.o)
                0x0000f664                __pack_d
 .text          0x0000f978      0x154 ../Ass1_bsp/\libhal_bsp.a(alt_alarm_start.o)
                0x0000f978                alt_alarm_start
 .text          0x0000facc      0x15c ../Ass1_bsp/\libhal_bsp.a(alt_close.o)
                0x0000facc                close
 .text          0x0000fc28       0x2c ../Ass1_bsp/\libhal_bsp.a(alt_dev.o)
 .text          0x0000fc54        0x0 ../Ass1_bsp/\libhal_bsp.a(alt_errno.o)
 .text          0x0000fc54      0x134 ../Ass1_bsp/\libhal_bsp.a(alt_fstat.o)
                0x0000fc54                fstat
 .text          0x0000fd88        0x0 ../Ass1_bsp/\libhal_bsp.a(alt_irq_handler.o)
 .text          0x0000fd88        0x0 ../Ass1_bsp/\libhal_bsp.a(alt_irq_vars.o)
 .text          0x0000fd88      0x120 ../Ass1_bsp/\libhal_bsp.a(alt_isatty.o)
                0x0000fd88                isatty
 .text          0x0000fea8      0x150 ../Ass1_bsp/\libhal_bsp.a(alt_lseek.o)
                0x0000fea8                lseek
 .text          0x0000fff8       0x6c ../Ass1_bsp/\libhal_bsp.a(alt_main.o)
                0x0000fff8                alt_main
 .text          0x00010064       0x40 ../Ass1_bsp/\libhal_bsp.a(alt_malloc_lock.o)
                0x00010064                __malloc_lock
                0x00010084                __malloc_unlock
 .text          0x000100a4      0x2c4 ../Ass1_bsp/\libhal_bsp.a(alt_open.o)
                0x00010180                open
 .text          0x00010368      0x180 ../Ass1_bsp/\libhal_bsp.a(alt_read.o)
                0x00010368                read
 .text          0x000104e8       0x60 ../Ass1_bsp/\libhal_bsp.a(alt_release_fd.o)
                0x000104e8                alt_release_fd
 .text          0x00010548       0xbc ../Ass1_bsp/\libhal_bsp.a(alt_sbrk.o)
                0x00010548                sbrk
 .text          0x00010604      0x1a4 ../Ass1_bsp/\libhal_bsp.a(alt_tick.o)
                0x00010604                alt_alarm_stop
                0x0001069c                alt_tick
 .text          0x000107a8      0x180 ../Ass1_bsp/\libhal_bsp.a(alt_write.o)
                0x000107a8                write
 .text          0x00010928      0x3d8 ../Ass1_bsp/\libhal_bsp.a(alt_sys_init.o)
                0x00010928                alt_irq_init
                0x0001095c                alt_sys_init
 .text          0x00010d00      0x8d8 ../Ass1_bsp/\libhal_bsp.a(altera_avalon_cfi_flash.o)
                0x00010d00                alt_flash_cfi_init
                0x00010dd4                alt_flash_cfi_write
                0x00011094                alt_flash_cfi_get_info
                0x00011124                alt_flash_cfi_read
                0x0001118c                alt_write_value_to_flash
                0x000112f0                alt_flash_program_block
 .text          0x000115d8     0x14a8 ../Ass1_bsp/\libhal_bsp.a(altera_avalon_cfi_flash_table.o)
                0x000115d8                alt_read_query_entry_8bit
                0x00011618                alt_read_query_entry_16bit
                0x0001165c                alt_read_query_entry_32bit
                0x000116a4                alt_write_flash_command_8bit_device_8bit_mode
                0x000116e0                alt_write_flash_command_16bit_device_8bit_mode
                0x0001175c                alt_write_flash_command_32bit_device_8bit_mode
                0x000117a4                alt_write_flash_command_16bit_device_16bit_mode
                0x000117e8                alt_write_flash_command_32bit_device_16bit_mode
                0x00011830                alt_write_flash_command_32bit_device_32bit_mode
                0x00011878                alt_write_native_8bit
                0x000118ac                alt_write_native_16bit
                0x000118e0                alt_write_native_32bit
                0x00011910                alt_set_flash_width_func
                0x00011af0                alt_set_flash_algorithm_func
                0x00011c18                alt_read_cfi_table
                0x000121f8                alt_read_cfi_width
                0x000129a4                alt_check_primary_table
 .text          0x00012a80      0x148 ../Ass1_bsp/\libhal_bsp.a(altera_avalon_jtag_uart_fd.o)
                0x00012a80                altera_avalon_jtag_uart_read_fd
                0x00012ad8                altera_avalon_jtag_uart_write_fd
                0x00012b30                altera_avalon_jtag_uart_close_fd
                0x00012b78                altera_avalon_jtag_uart_ioctl_fd
 .text          0x00012bc8      0x408 ../Ass1_bsp/\libhal_bsp.a(altera_avalon_jtag_uart_init.o)
                0x00012bc8                altera_avalon_jtag_uart_init
                0x00012f5c                altera_avalon_jtag_uart_close
 .text          0x00012fd0       0xf4 ../Ass1_bsp/\libhal_bsp.a(altera_avalon_jtag_uart_ioctl.o)
                0x00012fd0                altera_avalon_jtag_uart_ioctl
 .text          0x000130c4      0x224 ../Ass1_bsp/\libhal_bsp.a(altera_avalon_jtag_uart_read.o)
                0x000130c4                altera_avalon_jtag_uart_read
 .text          0x000132e8      0x240 ../Ass1_bsp/\libhal_bsp.a(altera_avalon_jtag_uart_write.o)
                0x000132e8                altera_avalon_jtag_uart_write
 .text          0x00013528      0xee0 ../Ass1_bsp/\libhal_bsp.a(altera_avalon_lcd_16207.o)
                0x00013cfc                altera_avalon_lcd_16207_write
                0x000142cc                altera_avalon_lcd_16207_init
 .text          0x00014408       0x58 ../Ass1_bsp/\libhal_bsp.a(altera_avalon_lcd_16207_fd.o)
                0x00014408                altera_avalon_lcd_16207_write_fd
 .text          0x00014460       0xfc ../Ass1_bsp/\libhal_bsp.a(altera_avalon_timer_sc.o)
                0x000144d4                alt_avalon_timer_sc_init
 .text          0x0001455c       0xf8 ../Ass1_bsp/\libhal_bsp.a(altera_avalon_uart_fd.o)
                0x0001455c                altera_avalon_uart_read_fd
                0x000145b4                altera_avalon_uart_write_fd
                0x0001460c                altera_avalon_uart_close_fd
 .text          0x00014654      0x3fc ../Ass1_bsp/\libhal_bsp.a(altera_avalon_uart_init.o)
                0x00014654                altera_avalon_uart_init
                0x000149f0                altera_avalon_uart_close
 .text          0x00014a50      0x290 ../Ass1_bsp/\libhal_bsp.a(altera_avalon_uart_read.o)
                0x00014a50                altera_avalon_uart_read
 .text          0x00014ce0      0x228 ../Ass1_bsp/\libhal_bsp.a(altera_avalon_uart_write.o)
                0x00014ce0                altera_avalon_uart_write
 .text          0x00014f08      0x700 ../Ass1_bsp/\libhal_bsp.a(altera_up_avalon_ps2.o)
                0x00014f08                read_RI_bit
                0x00014f3c                read_RE_bit
                0x00014f6c                read_CE_bit
                0x00014fa0                read_num_bytes_available
                0x00014fd4                read_data_valid
                0x00015008                read_data_byte
                0x00015034                alt_up_ps2_init
                0x00015100                alt_up_ps2_enable_read_interrupt
                0x00015154                alt_up_ps2_disable_read_interrupt
                0x000151ac                alt_up_ps2_write_data_byte
                0x00015224                alt_up_ps2_wait_for_ack
                0x00015294                alt_up_ps2_write_data_byte_with_ack
                0x00015300                alt_up_ps2_read_data_byte_timeout
                0x000153b0                alt_up_ps2_read_data_byte
                0x0001542c                alt_up_ps2_clear_fifo
                0x00015484                alt_up_ps2_read_fd
                0x00015520                alt_up_ps2_write_fd
                0x000155c8                alt_up_ps2_open_dev
 .text          0x00015608      0x304 ../Ass1_bsp/\libhal_bsp.a(altera_up_avalon_video_character_buffer_with_dma.o)
                0x00015608                alt_up_char_buffer_init
                0x0001568c                alt_up_char_buffer_open_dev
                0x000156cc                alt_up_char_buffer_draw
                0x0001579c                alt_up_char_buffer_string
                0x000158b0                alt_up_char_buffer_clear
 .text          0x0001590c       0x78 ../Ass1_bsp/\libhal_bsp.a(alt_dcache_flush.o)
                0x0001590c                alt_dcache_flush
 .text          0x00015984      0x114 ../Ass1_bsp/\libhal_bsp.a(alt_dev_llist_insert.o)
                0x00015984                alt_dev_llist_insert
 .text          0x00015a98       0x64 ../Ass1_bsp/\libhal_bsp.a(alt_do_ctors.o)
                0x00015a98                _do_ctors
 .text          0x00015afc       0x64 ../Ass1_bsp/\libhal_bsp.a(alt_do_dtors.o)
                0x00015afc                _do_dtors
 .text          0x00015b60       0x94 ../Ass1_bsp/\libhal_bsp.a(alt_find_dev.o)
                0x00015b60                alt_find_dev
 .text          0x00015bf4      0x120 ../Ass1_bsp/\libhal_bsp.a(alt_find_file.o)
                0x00015bf4                alt_find_file
 .text          0x00015d14       0xd0 ../Ass1_bsp/\libhal_bsp.a(alt_flash_dev.o)
                0x00015d14                alt_flash_open_dev
                0x00015d90                alt_flash_close_dev
 .text          0x00015de4       0xb8 ../Ass1_bsp/\libhal_bsp.a(alt_get_fd.o)
                0x00015de4                alt_get_fd
 .text          0x00015e9c      0x13c ../Ass1_bsp/\libhal_bsp.a(alt_io_redirect.o)
                0x00015f60                alt_io_redirect
 .text          0x00015fd8       0x30 ../Ass1_bsp/\libhal_bsp.a(alt_usleep.o)
                0x00015fd8                usleep
 .text          0x00016008       0x20 ../Ass1_bsp/\libhal_bsp.a(altera_nios2_qsys_irq.o)
                0x00016008                altera_nios2_qsys_irq_init
 .text          0x00016028      0x460 ../Ass1_bsp/\libhal_bsp.a(altera_avalon_cfi_flash_amd.o)
                0x00016028                alt_program_amd
                0x00016090                alt_erase_block_amd
 .text          0x00016488      0x460 ../Ass1_bsp/\libhal_bsp.a(altera_avalon_cfi_flash_intel.o)
                0x00016488                alt_program_intel
                0x0001650c                alt_erase_block_intel
 .text          0x000168e8      0x12c ../Ass1_bsp/\libhal_bsp.a(alt_busy_sleep.o)
                0x000168e8                alt_busy_sleep
 .text          0x00016a14       0x14 c:/altera/13.0/nios2eds/bin/gnu/h-i686-mingw32/bin/../lib/gcc/nios2-elf/4.1.2/../../../../nios2-elf/lib\libc.a(lib_a-atexit.o)
                0x00016a14                atexit
 .text          0x00016a28        0x0 c:/altera/13.0/nios2eds/bin/gnu/h-i686-mingw32/bin/../lib/gcc/nios2-elf/4.1.2/../../../../nios2-elf/lib\libc.a(lib_a-ctype_.o)
 .text          0x00016a28       0x38 c:/altera/13.0/nios2eds/bin/gnu/h-i686-mingw32/bin/../lib/gcc/nios2-elf/4.1.2/../../../../nios2-elf/lib\libc.a(lib_a-exit.o)
                0x00016a28                exit
 .text          0x00016a60      0x134 c:/altera/13.0/nios2eds/bin/gnu/h-i686-mingw32/bin/../lib/gcc/nios2-elf/4.1.2/../../../../nios2-elf/lib\libc.a(lib_a-__atexit.o)
                0x00016a60                __register_exitproc
 .text          0x00016b94      0x1b4 c:/altera/13.0/nios2eds/bin/gnu/h-i686-mingw32/bin/../lib/gcc/nios2-elf/4.1.2/../../../../nios2-elf/lib\libc.a(lib_a-__call_atexit.o)
                0x00016b98                __call_exitprocs
 .text          0x00016d48       0x60 ../Ass1_bsp/\libhal_bsp.a(alt_exit.o)
                0x00016d88                _exit
 *(.gnu.warning.*)
 *(.fini)
                0x00016da8                PROVIDE (__etext, ABSOLUTE (.))
                0x00016da8                PROVIDE (_etext, ABSOLUTE (.))
                0x00016da8                PROVIDE (etext, ABSOLUTE (.))
 *(.eh_frame_hdr)
                0x00016da8                . = ALIGN (0x4)
                0x00016da8                PROVIDE (__preinit_array_start, ABSOLUTE (.))
 *(.preinit_array)
                0x00016da8                PROVIDE (__preinit_array_end, ABSOLUTE (.))
                0x00016da8                PROVIDE (__init_array_start, ABSOLUTE (.))
 *(.init_array)
                0x00016da8                PROVIDE (__init_array_end, ABSOLUTE (.))
                0x00016da8                PROVIDE (__fini_array_start, ABSOLUTE (.))
 *(.fini_array)
                0x00016da8                PROVIDE (__fini_array_end, ABSOLUTE (.))
 *(.eh_frame)
 *(.gcc_except_table)
 *(.dynamic)
                0x00016da8                PROVIDE (__CTOR_LIST__, ABSOLUTE (.))
 *(.ctors)
 *(SORT(.ctors.*))
 .ctors.65535   0x00016da8        0x4 c:/altera/13.0/nios2eds/bin/gnu/h-i686-mingw32/bin/../lib/gcc/nios2-elf/4.1.2/../../../../nios2-elf/lib\libc.a(lib_a-__call_atexit.o)
                0x00016dac                PROVIDE (__CTOR_END__, ABSOLUTE (.))
                0x00016dac                PROVIDE (__DTOR_LIST__, ABSOLUTE (.))
 *(.dtors)
 *(SORT(.dtors.*))
                0x00016dac                PROVIDE (__DTOR_END__, ABSOLUTE (.))
 *(.jcr)
                0x00016dac                . = ALIGN (0x4)

.rodata         0x08000000      0x774
                0x08000000                PROVIDE (__ram_rodata_start, ABSOLUTE (.))
                0x08000000                . = ALIGN (0x4)
 *(.rodata .rodata.* .gnu.linkonce.r.*)
 .rodata        0x08000000       0x34 obj/default/FreeRTOS/port.o
 .rodata        0x08000034       0x1c obj/default/FreeRTOS/tasks.o
 .rodata        0x08000050        0x8 obj/default/FreeRTOS/timers.o
 .rodata        0x08000058       0xa0 obj/default/freertos_semaphore.o
 .rodata.str1.4
                0x080000f8        0x2 c:/altera/13.0/nios2eds/bin/gnu/h-i686-mingw32/bin/../lib/gcc/nios2-elf/4.1.2/../../../../nios2-elf/lib\libc.a(lib_a-impure.o)
                                  0x4 (size before relaxing)
 *fill*         0x080000fa        0x2 00
 .rodata.str1.4
                0x080000fc        0x2 c:/altera/13.0/nios2eds/bin/gnu/h-i686-mingw32/bin/../lib/gcc/nios2-elf/4.1.2/../../../../nios2-elf/lib\libc.a(lib_a-puts.o)
                                  0x4 (size before relaxing)
 *fill*         0x080000fe        0x2 00
 .rodata.str1.4
                0x08000100       0x5e c:/altera/13.0/nios2eds/bin/gnu/h-i686-mingw32/bin/../lib/gcc/nios2-elf/4.1.2/../../../../nios2-elf/lib\libc.a(lib_a-vfprintf.o)
                                 0x60 (size before relaxing)
 *fill*         0x0800015e        0x2 00
 .rodata        0x08000160       0x20 c:/altera/13.0/nios2eds/bin/gnu/h-i686-mingw32/bin/../lib/gcc/nios2-elf/4.1.2/../../../../nios2-elf/lib\libc.a(lib_a-vfprintf.o)
 .rodata.str1.4
                0x08000180       0x10 c:/altera/13.0/nios2eds/bin/gnu/h-i686-mingw32/bin/../lib/gcc/nios2-elf/4.1.2/../../../../nios2-elf/lib\libc.a(lib_a-dtoa.o)
                                 0x14 (size before relaxing)
 .rodata.str1.4
                0x08000190       0x10 c:/altera/13.0/nios2eds/bin/gnu/h-i686-mingw32/bin/../lib/gcc/nios2-elf/4.1.2/../../../../nios2-elf/lib\libc.a(lib_a-locale.o)
                                 0x18 (size before relaxing)
 .rodata        0x080001a0       0x30 c:/altera/13.0/nios2eds/bin/gnu/h-i686-mingw32/bin/../lib/gcc/nios2-elf/4.1.2/../../../../nios2-elf/lib\libc.a(lib_a-locale.o)
 .rodata        0x080001d0      0x124 c:/altera/13.0/nios2eds/bin/gnu/h-i686-mingw32/bin/../lib/gcc/nios2-elf/4.1.2/../../../../nios2-elf/lib\libc.a(lib_a-mprec.o)
                0x080001d0                __mprec_tens
                0x08000298                __mprec_bigtens
                0x080002c0                __mprec_tinytens
 .rodata        0x080002f4       0x14 c:/altera/13.0/nios2eds/bin/gnu/h-i686-mingw32/bin/../lib/gcc/nios2-elf/4.1.2\libgcc.a(_thenan_df.o)
                0x080002f4                __thenan_df
 .rodata        0x08000308      0x100 c:/altera/13.0/nios2eds/bin/gnu/h-i686-mingw32/bin/../lib/gcc/nios2-elf/4.1.2\libgcc.a(_clz.o)
                0x08000308                __clz_tab
 .rodata        0x08000408        0xc ../Ass1_bsp/\libhal_bsp.a(alt_dev.o)
 .rodata        0x08000414       0x10 ../Ass1_bsp/\libhal_bsp.a(alt_main.o)
 .rodata        0x08000424       0xb0 ../Ass1_bsp/\libhal_bsp.a(alt_sys_init.o)
 .rodata        0x080004d4       0x1c ../Ass1_bsp/\libhal_bsp.a(altera_up_avalon_video_character_buffer_with_dma.o)
 .rodata        0x080004f0      0x284 c:/altera/13.0/nios2eds/bin/gnu/h-i686-mingw32/bin/../lib/gcc/nios2-elf/4.1.2/../../../../nios2-elf/lib\libc.a(lib_a-ctype_.o)
                0x080004f0                _ctype_
 *(.rodata1)
                0x08000774                . = ALIGN (0x4)
                0x08000774                PROVIDE (__ram_rodata_end, ABSOLUTE (.))
                0x08000000                PROVIDE (__flash_rodata_start, LOADADDR (.rodata))

.rwdata         0x08000774     0x1e10
                0x08000774                PROVIDE (__ram_rwdata_start, ABSOLUTE (.))
                0x08000774                . = ALIGN (0x4)
 *(.got.plt)
 *(.got)
 *(.data1)
 *(.data .data.* .gnu.linkonce.d.*)
 .data          0x08000774        0x0 ../Ass1_bsp//obj/HAL/src/crt0.o
 .data          0x08000774        0x0 obj/default/FreeRTOS/croutine.o
 .data          0x08000774        0x0 obj/default/FreeRTOS/event_groups.o
 .data          0x08000774        0x0 obj/default/FreeRTOS/heap.o
 .data          0x08000774        0x0 obj/default/FreeRTOS/list.o
 .data          0x08000774        0x0 obj/default/FreeRTOS/port.o
 .data          0x08000774        0x0 obj/default/FreeRTOS/queue.o
 .data          0x08000774        0x0 obj/default/FreeRTOS/tasks.o
 .data          0x08000774        0x0 obj/default/FreeRTOS/timers.o
 .data          0x08000774        0x0 obj/default/freertos_semaphore.o
 .data          0x08000774        0x0 obj/default/FreeRTOS/port_asm.o
 .data          0x08000774        0x0 c:/altera/13.0/nios2eds/bin/gnu/h-i686-mingw32/bin/../lib/gcc/nios2-elf/4.1.2\libgcc.a(_gt_df.o)
 .data          0x08000774        0x0 c:/altera/13.0/nios2eds/bin/gnu/h-i686-mingw32/bin/../lib/gcc/nios2-elf/4.1.2\libgcc.a(_lt_df.o)
 .data          0x08000774        0x0 c:/altera/13.0/nios2eds/bin/gnu/h-i686-mingw32/bin/../lib/gcc/nios2-elf/4.1.2\libgcc.a(_unpack_df.o)
 .data          0x08000774        0x0 c:/altera/13.0/nios2eds/bin/gnu/h-i686-mingw32/bin/../lib/gcc/nios2-elf/4.1.2\libgcc.a(_fpcmp_parts_df.o)
 .data          0x08000774        0x0 c:/altera/13.0/nios2eds/bin/gnu/h-i686-mingw32/bin/../lib/gcc/nios2-elf/4.1.2/../../../../nios2-elf/lib\libc.a(lib_a-fclose.o)
 .data          0x08000774        0x0 c:/altera/13.0/nios2eds/bin/gnu/h-i686-mingw32/bin/../lib/gcc/nios2-elf/4.1.2/../../../../nios2-elf/lib\libc.a(lib_a-fflush.o)
 .data          0x08000774        0x0 c:/altera/13.0/nios2eds/bin/gnu/h-i686-mingw32/bin/../lib/gcc/nios2-elf/4.1.2/../../../../nios2-elf/lib\libc.a(lib_a-findfp.o)
 .data          0x08000774        0x0 c:/altera/13.0/nios2eds/bin/gnu/h-i686-mingw32/bin/../lib/gcc/nios2-elf/4.1.2/../../../../nios2-elf/lib\libc.a(lib_a-fopen.o)
 .data          0x08000774        0x0 c:/altera/13.0/nios2eds/bin/gnu/h-i686-mingw32/bin/../lib/gcc/nios2-elf/4.1.2/../../../../nios2-elf/lib\libc.a(lib_a-fprintf.o)
 .data          0x08000774        0x0 c:/altera/13.0/nios2eds/bin/gnu/h-i686-mingw32/bin/../lib/gcc/nios2-elf/4.1.2/../../../../nios2-elf/lib\libc.a(lib_a-freer.o)
 .data          0x08000774        0x0 c:/altera/13.0/nios2eds/bin/gnu/h-i686-mingw32/bin/../lib/gcc/nios2-elf/4.1.2/../../../../nios2-elf/lib\libc.a(lib_a-fseek.o)
 .data          0x08000774        0x0 c:/altera/13.0/nios2eds/bin/gnu/h-i686-mingw32/bin/../lib/gcc/nios2-elf/4.1.2/../../../../nios2-elf/lib\libc.a(lib_a-fstatr.o)
 .data          0x08000774        0x0 c:/altera/13.0/nios2eds/bin/gnu/h-i686-mingw32/bin/../lib/gcc/nios2-elf/4.1.2/../../../../nios2-elf/lib\libc.a(lib_a-fwalk.o)
 .data          0x08000774        0x0 c:/altera/13.0/nios2eds/bin/gnu/h-i686-mingw32/bin/../lib/gcc/nios2-elf/4.1.2/../../../../nios2-elf/lib\libc.a(lib_a-fwrite.o)
 .data          0x08000774      0x400 c:/altera/13.0/nios2eds/bin/gnu/h-i686-mingw32/bin/../lib/gcc/nios2-elf/4.1.2/../../../../nios2-elf/lib\libc.a(lib_a-impure.o)
 .data          0x08000b74        0x0 c:/altera/13.0/nios2eds/bin/gnu/h-i686-mingw32/bin/../lib/gcc/nios2-elf/4.1.2/../../../../nios2-elf/lib\libc.a(lib_a-int_errno.o)
 .data          0x08000b74        0x0 c:/altera/13.0/nios2eds/bin/gnu/h-i686-mingw32/bin/../lib/gcc/nios2-elf/4.1.2/../../../../nios2-elf/lib\libc.a(lib_a-makebuf.o)
 .data          0x08000b74      0x408 c:/altera/13.0/nios2eds/bin/gnu/h-i686-mingw32/bin/../lib/gcc/nios2-elf/4.1.2/../../../../nios2-elf/lib\libc.a(lib_a-mallocr.o)
                0x08000b74                __malloc_av_
 .data          0x08000f7c        0x0 c:/altera/13.0/nios2eds/bin/gnu/h-i686-mingw32/bin/../lib/gcc/nios2-elf/4.1.2/../../../../nios2-elf/lib\libc.a(lib_a-memcmp.o)
 .data          0x08000f7c        0x0 c:/altera/13.0/nios2eds/bin/gnu/h-i686-mingw32/bin/../lib/gcc/nios2-elf/4.1.2/../../../../nios2-elf/lib\libc.a(lib_a-memcpy.o)
 .data          0x08000f7c        0x0 c:/altera/13.0/nios2eds/bin/gnu/h-i686-mingw32/bin/../lib/gcc/nios2-elf/4.1.2/../../../../nios2-elf/lib\libc.a(lib_a-memset.o)
 .data          0x08000f7c        0x0 c:/altera/13.0/nios2eds/bin/gnu/h-i686-mingw32/bin/../lib/gcc/nios2-elf/4.1.2/../../../../nios2-elf/lib\libc.a(lib_a-openr.o)
 .data          0x08000f7c        0x0 c:/altera/13.0/nios2eds/bin/gnu/h-i686-mingw32/bin/../lib/gcc/nios2-elf/4.1.2/../../../../nios2-elf/lib\libc.a(lib_a-printf.o)
 .data          0x08000f7c        0x0 c:/altera/13.0/nios2eds/bin/gnu/h-i686-mingw32/bin/../lib/gcc/nios2-elf/4.1.2/../../../../nios2-elf/lib\libc.a(lib_a-puts.o)
 .data          0x08000f7c        0x0 c:/altera/13.0/nios2eds/bin/gnu/h-i686-mingw32/bin/../lib/gcc/nios2-elf/4.1.2/../../../../nios2-elf/lib\libc.a(lib_a-refill.o)
 .data          0x08000f7c        0x0 c:/altera/13.0/nios2eds/bin/gnu/h-i686-mingw32/bin/../lib/gcc/nios2-elf/4.1.2/../../../../nios2-elf/lib\libc.a(lib_a-sbrkr.o)
 .data          0x08000f7c        0x0 c:/altera/13.0/nios2eds/bin/gnu/h-i686-mingw32/bin/../lib/gcc/nios2-elf/4.1.2/../../../../nios2-elf/lib\libc.a(lib_a-stdio.o)
 .data          0x08000f7c        0x0 c:/altera/13.0/nios2eds/bin/gnu/h-i686-mingw32/bin/../lib/gcc/nios2-elf/4.1.2/../../../../nios2-elf/lib\libc.a(lib_a-strlen.o)
 .data          0x08000f7c        0x0 c:/altera/13.0/nios2eds/bin/gnu/h-i686-mingw32/bin/../lib/gcc/nios2-elf/4.1.2/../../../../nios2-elf/lib\libc.a(lib_a-vfprintf.o)
 .data          0x08000f7c        0x0 c:/altera/13.0/nios2eds/bin/gnu/h-i686-mingw32/bin/../lib/gcc/nios2-elf/4.1.2/../../../../nios2-elf/lib\libc.a(lib_a-writer.o)
 .data          0x08000f7c        0x0 c:/altera/13.0/nios2eds/bin/gnu/h-i686-mingw32/bin/../lib/gcc/nios2-elf/4.1.2/../../../../nios2-elf/lib\libc.a(lib_a-wsetup.o)
 .data          0x08000f7c        0x0 c:/altera/13.0/nios2eds/bin/gnu/h-i686-mingw32/bin/../lib/gcc/nios2-elf/4.1.2/../../../../nios2-elf/lib\libc.a(lib_a-closer.o)
 .data          0x08000f7c        0x0 c:/altera/13.0/nios2eds/bin/gnu/h-i686-mingw32/bin/../lib/gcc/nios2-elf/4.1.2/../../../../nios2-elf/lib\libc.a(lib_a-dtoa.o)
 .data          0x08000f7c        0x0 c:/altera/13.0/nios2eds/bin/gnu/h-i686-mingw32/bin/../lib/gcc/nios2-elf/4.1.2/../../../../nios2-elf/lib\libc.a(lib_a-flags.o)
 .data          0x08000f7c        0x0 c:/altera/13.0/nios2eds/bin/gnu/h-i686-mingw32/bin/../lib/gcc/nios2-elf/4.1.2/../../../../nios2-elf/lib\libc.a(lib_a-fvwrite.o)
 .data          0x08000f7c        0x0 c:/altera/13.0/nios2eds/bin/gnu/h-i686-mingw32/bin/../lib/gcc/nios2-elf/4.1.2/../../../../nios2-elf/lib\libc.a(lib_a-isattyr.o)
 .data          0x08000f7c        0xc c:/altera/13.0/nios2eds/bin/gnu/h-i686-mingw32/bin/../lib/gcc/nios2-elf/4.1.2/../../../../nios2-elf/lib\libc.a(lib_a-locale.o)
                0x08000f7c                __lc_ctype
 .data          0x08000f88        0x0 c:/altera/13.0/nios2eds/bin/gnu/h-i686-mingw32/bin/../lib/gcc/nios2-elf/4.1.2/../../../../nios2-elf/lib\libc.a(lib_a-lseekr.o)
 .data          0x08000f88        0x0 c:/altera/13.0/nios2eds/bin/gnu/h-i686-mingw32/bin/../lib/gcc/nios2-elf/4.1.2/../../../../nios2-elf/lib\libc.a(lib_a-memchr.o)
 .data          0x08000f88        0x0 c:/altera/13.0/nios2eds/bin/gnu/h-i686-mingw32/bin/../lib/gcc/nios2-elf/4.1.2/../../../../nios2-elf/lib\libc.a(lib_a-memmove.o)
 .data          0x08000f88        0x0 c:/altera/13.0/nios2eds/bin/gnu/h-i686-mingw32/bin/../lib/gcc/nios2-elf/4.1.2/../../../../nios2-elf/lib\libc.a(lib_a-mprec.o)
 .data          0x08000f88        0x0 c:/altera/13.0/nios2eds/bin/gnu/h-i686-mingw32/bin/../lib/gcc/nios2-elf/4.1.2/../../../../nios2-elf/lib\libc.a(lib_a-readr.o)
 .data          0x08000f88        0x0 c:/altera/13.0/nios2eds/bin/gnu/h-i686-mingw32/bin/../lib/gcc/nios2-elf/4.1.2/../../../../nios2-elf/lib\libc.a(lib_a-reallocr.o)
 .data          0x08000f88        0x0 c:/altera/13.0/nios2eds/bin/gnu/h-i686-mingw32/bin/../lib/gcc/nios2-elf/4.1.2/../../../../nios2-elf/lib\libc.a(lib_a-s_isinfd.o)
 .data          0x08000f88        0x0 c:/altera/13.0/nios2eds/bin/gnu/h-i686-mingw32/bin/../lib/gcc/nios2-elf/4.1.2/../../../../nios2-elf/lib\libc.a(lib_a-s_isnand.o)
 .data          0x08000f88        0x0 c:/altera/13.0/nios2eds/bin/gnu/h-i686-mingw32/bin/../lib/gcc/nios2-elf/4.1.2/../../../../nios2-elf/lib\libc.a(lib_a-strcmp.o)
 .data          0x08000f88        0x0 c:/altera/13.0/nios2eds/bin/gnu/h-i686-mingw32/bin/../lib/gcc/nios2-elf/4.1.2/../../../../nios2-elf/lib\libc.a(lib_a-callocr.o)
 .data          0x08000f88        0x0 c:/altera/13.0/nios2eds/bin/gnu/h-i686-mingw32/bin/../lib/gcc/nios2-elf/4.1.2\libgcc.a(_udivdi3.o)
 .data          0x08000f88        0x0 c:/altera/13.0/nios2eds/bin/gnu/h-i686-mingw32/bin/../lib/gcc/nios2-elf/4.1.2\libgcc.a(_umoddi3.o)
 .data          0x08000f88        0x0 c:/altera/13.0/nios2eds/bin/gnu/h-i686-mingw32/bin/../lib/gcc/nios2-elf/4.1.2\libgcc.a(_addsub_df.o)
 .data          0x08000f88        0x0 c:/altera/13.0/nios2eds/bin/gnu/h-i686-mingw32/bin/../lib/gcc/nios2-elf/4.1.2\libgcc.a(_mul_df.o)
 .data          0x08000f88        0x0 c:/altera/13.0/nios2eds/bin/gnu/h-i686-mingw32/bin/../lib/gcc/nios2-elf/4.1.2\libgcc.a(_div_df.o)
 .data          0x08000f88        0x0 c:/altera/13.0/nios2eds/bin/gnu/h-i686-mingw32/bin/../lib/gcc/nios2-elf/4.1.2\libgcc.a(_eq_df.o)
 .data          0x08000f88        0x0 c:/altera/13.0/nios2eds/bin/gnu/h-i686-mingw32/bin/../lib/gcc/nios2-elf/4.1.2\libgcc.a(_ne_df.o)
 .data          0x08000f88        0x0 c:/altera/13.0/nios2eds/bin/gnu/h-i686-mingw32/bin/../lib/gcc/nios2-elf/4.1.2\libgcc.a(_ge_df.o)
 .data          0x08000f88        0x0 c:/altera/13.0/nios2eds/bin/gnu/h-i686-mingw32/bin/../lib/gcc/nios2-elf/4.1.2\libgcc.a(_si_to_df.o)
 .data          0x08000f88        0x0 c:/altera/13.0/nios2eds/bin/gnu/h-i686-mingw32/bin/../lib/gcc/nios2-elf/4.1.2\libgcc.a(_df_to_si.o)
 .data          0x08000f88        0x0 c:/altera/13.0/nios2eds/bin/gnu/h-i686-mingw32/bin/../lib/gcc/nios2-elf/4.1.2\libgcc.a(_thenan_df.o)
 .data          0x08000f88        0x0 c:/altera/13.0/nios2eds/bin/gnu/h-i686-mingw32/bin/../lib/gcc/nios2-elf/4.1.2\libgcc.a(_usi_to_df.o)
 .data          0x08000f88        0x0 c:/altera/13.0/nios2eds/bin/gnu/h-i686-mingw32/bin/../lib/gcc/nios2-elf/4.1.2\libgcc.a(lib2-divmod.o)
 .data          0x08000f88        0x0 c:/altera/13.0/nios2eds/bin/gnu/h-i686-mingw32/bin/../lib/gcc/nios2-elf/4.1.2\libgcc.a(_muldi3.o)
 .data          0x08000f88        0x0 c:/altera/13.0/nios2eds/bin/gnu/h-i686-mingw32/bin/../lib/gcc/nios2-elf/4.1.2\libgcc.a(_clz.o)
 .data          0x08000f88        0x0 c:/altera/13.0/nios2eds/bin/gnu/h-i686-mingw32/bin/../lib/gcc/nios2-elf/4.1.2\libgcc.a(_clzsi2.o)
 .data          0x08000f88        0x0 c:/altera/13.0/nios2eds/bin/gnu/h-i686-mingw32/bin/../lib/gcc/nios2-elf/4.1.2\libgcc.a(_pack_df.o)
 .data          0x08000f88        0x0 ../Ass1_bsp/\libhal_bsp.a(alt_alarm_start.o)
 .data          0x08000f88        0x0 ../Ass1_bsp/\libhal_bsp.a(alt_close.o)
 .data          0x08000f88      0x1a8 ../Ass1_bsp/\libhal_bsp.a(alt_dev.o)
                0x08000f88                alt_dev_null
                0x08000fb0                alt_fd_list
 .data          0x08001130        0x0 ../Ass1_bsp/\libhal_bsp.a(alt_errno.o)
 .data          0x08001130        0x0 ../Ass1_bsp/\libhal_bsp.a(alt_fstat.o)
 .data          0x08001130        0x0 ../Ass1_bsp/\libhal_bsp.a(alt_irq_handler.o)
 .data          0x08001130        0x0 ../Ass1_bsp/\libhal_bsp.a(alt_irq_vars.o)
 .data          0x08001130        0x0 ../Ass1_bsp/\libhal_bsp.a(alt_isatty.o)
 .data          0x08001130        0x0 ../Ass1_bsp/\libhal_bsp.a(alt_lseek.o)
 .data          0x08001130        0x0 ../Ass1_bsp/\libhal_bsp.a(alt_main.o)
 .data          0x08001130        0x0 ../Ass1_bsp/\libhal_bsp.a(alt_malloc_lock.o)
 .data          0x08001130        0x0 ../Ass1_bsp/\libhal_bsp.a(alt_open.o)
 .data          0x08001130        0x0 ../Ass1_bsp/\libhal_bsp.a(alt_read.o)
 .data          0x08001130        0x0 ../Ass1_bsp/\libhal_bsp.a(alt_release_fd.o)
 .data          0x08001130        0x0 ../Ass1_bsp/\libhal_bsp.a(alt_sbrk.o)
 .data          0x08001130        0x0 ../Ass1_bsp/\libhal_bsp.a(alt_tick.o)
 .data          0x08001130        0x0 ../Ass1_bsp/\libhal_bsp.a(alt_write.o)
 .data          0x08001130     0x13f0 ../Ass1_bsp/\libhal_bsp.a(alt_sys_init.o)
 .data          0x08002520        0x0 ../Ass1_bsp/\libhal_bsp.a(altera_avalon_cfi_flash.o)
 .data          0x08002520        0x0 ../Ass1_bsp/\libhal_bsp.a(altera_avalon_cfi_flash_table.o)
 .data          0x08002520        0x0 ../Ass1_bsp/\libhal_bsp.a(altera_avalon_jtag_uart_fd.o)
 .data          0x08002520        0x0 ../Ass1_bsp/\libhal_bsp.a(altera_avalon_jtag_uart_init.o)
 .data          0x08002520        0x0 ../Ass1_bsp/\libhal_bsp.a(altera_avalon_jtag_uart_ioctl.o)
 .data          0x08002520        0x0 ../Ass1_bsp/\libhal_bsp.a(altera_avalon_jtag_uart_read.o)
 .data          0x08002520        0x0 ../Ass1_bsp/\libhal_bsp.a(altera_avalon_jtag_uart_write.o)
 .data          0x08002520        0x0 ../Ass1_bsp/\libhal_bsp.a(altera_avalon_lcd_16207.o)
 .data          0x08002520        0x0 ../Ass1_bsp/\libhal_bsp.a(altera_avalon_lcd_16207_fd.o)
 .data          0x08002520        0x0 ../Ass1_bsp/\libhal_bsp.a(altera_avalon_timer_sc.o)
 .data          0x08002520        0x0 ../Ass1_bsp/\libhal_bsp.a(altera_avalon_uart_fd.o)
 .data          0x08002520        0x0 ../Ass1_bsp/\libhal_bsp.a(altera_avalon_uart_init.o)
 .data          0x08002520        0x0 ../Ass1_bsp/\libhal_bsp.a(altera_avalon_uart_read.o)
 .data          0x08002520        0x0 ../Ass1_bsp/\libhal_bsp.a(altera_avalon_uart_write.o)
 .data          0x08002520        0x0 ../Ass1_bsp/\libhal_bsp.a(altera_up_avalon_ps2.o)
 .data          0x08002520        0x0 ../Ass1_bsp/\libhal_bsp.a(altera_up_avalon_video_character_buffer_with_dma.o)
 .data          0x08002520        0x0 ../Ass1_bsp/\libhal_bsp.a(alt_dcache_flush.o)
 .data          0x08002520        0x0 ../Ass1_bsp/\libhal_bsp.a(alt_dev_llist_insert.o)
 .data          0x08002520        0x0 ../Ass1_bsp/\libhal_bsp.a(alt_do_ctors.o)
 .data          0x08002520        0x0 ../Ass1_bsp/\libhal_bsp.a(alt_do_dtors.o)
 .data          0x08002520        0x0 ../Ass1_bsp/\libhal_bsp.a(alt_find_dev.o)
 .data          0x08002520        0x0 ../Ass1_bsp/\libhal_bsp.a(alt_find_file.o)
 .data          0x08002520        0x0 ../Ass1_bsp/\libhal_bsp.a(alt_flash_dev.o)
 .data          0x08002520        0x0 ../Ass1_bsp/\libhal_bsp.a(alt_get_fd.o)
 .data          0x08002520        0x0 ../Ass1_bsp/\libhal_bsp.a(alt_io_redirect.o)
 .data          0x08002520        0x0 ../Ass1_bsp/\libhal_bsp.a(alt_usleep.o)
 .data          0x08002520        0x0 ../Ass1_bsp/\libhal_bsp.a(altera_nios2_qsys_irq.o)
 .data          0x08002520        0x0 ../Ass1_bsp/\libhal_bsp.a(altera_avalon_cfi_flash_amd.o)
 .data          0x08002520        0x0 ../Ass1_bsp/\libhal_bsp.a(altera_avalon_cfi_flash_intel.o)
 .data          0x08002520        0x0 ../Ass1_bsp/\libhal_bsp.a(alt_busy_sleep.o)
 .data          0x08002520        0x0 c:/altera/13.0/nios2eds/bin/gnu/h-i686-mingw32/bin/../lib/gcc/nios2-elf/4.1.2/../../../../nios2-elf/lib\libc.a(lib_a-atexit.o)
 .data          0x08002520        0x0 c:/altera/13.0/nios2eds/bin/gnu/h-i686-mingw32/bin/../lib/gcc/nios2-elf/4.1.2/../../../../nios2-elf/lib\libc.a(lib_a-ctype_.o)
 .data          0x08002520        0x0 c:/altera/13.0/nios2eds/bin/gnu/h-i686-mingw32/bin/../lib/gcc/nios2-elf/4.1.2/../../../../nios2-elf/lib\libc.a(lib_a-exit.o)
 .data          0x08002520        0x0 c:/altera/13.0/nios2eds/bin/gnu/h-i686-mingw32/bin/../lib/gcc/nios2-elf/4.1.2/../../../../nios2-elf/lib\libc.a(lib_a-__atexit.o)
 .data          0x08002520        0x0 c:/altera/13.0/nios2eds/bin/gnu/h-i686-mingw32/bin/../lib/gcc/nios2-elf/4.1.2/../../../../nios2-elf/lib\libc.a(lib_a-__call_atexit.o)
 .data          0x08002520        0x0 ../Ass1_bsp/\libhal_bsp.a(alt_exit.o)
                0x0800a520                _gp = ABSOLUTE ((. + 0x8000))
                0x0800a520                PROVIDE (gp, _gp)
 *(.rwdata .rwdata.*)
 *(.sdata .sdata.* .gnu.linkonce.s.*)
 .sdata         0x08002520        0xc obj/default/FreeRTOS/heap.o
 .sdata         0x0800252c        0x4 obj/default/FreeRTOS/tasks.o
 .sdata         0x08002530        0x4 obj/default/freertos_semaphore.o
                0x08002530                numberOfLoadConnected
 .sdata         0x08002534        0x8 c:/altera/13.0/nios2eds/bin/gnu/h-i686-mingw32/bin/../lib/gcc/nios2-elf/4.1.2/../../../../nios2-elf/lib\libc.a(lib_a-impure.o)
                0x08002534                _impure_ptr
                0x08002538                _global_impure_ptr
 .sdata         0x0800253c        0x8 c:/altera/13.0/nios2eds/bin/gnu/h-i686-mingw32/bin/../lib/gcc/nios2-elf/4.1.2/../../../../nios2-elf/lib\libc.a(lib_a-mallocr.o)
                0x0800253c                __malloc_trim_threshold
                0x08002540                __malloc_sbrk_base
 .sdata         0x08002544        0x8 c:/altera/13.0/nios2eds/bin/gnu/h-i686-mingw32/bin/../lib/gcc/nios2-elf/4.1.2/../../../../nios2-elf/lib\libc.a(lib_a-locale.o)
                0x08002544                __mb_cur_max
 .sdata         0x0800254c       0x14 ../Ass1_bsp/\libhal_bsp.a(alt_dev.o)
                0x0800254c                alt_fs_list
                0x08002554                alt_dev_list
                0x0800255c                alt_max_fd
 .sdata         0x08002560        0x4 ../Ass1_bsp/\libhal_bsp.a(alt_errno.o)
                0x08002560                alt_errno
 .sdata         0x08002564        0x4 ../Ass1_bsp/\libhal_bsp.a(alt_irq_vars.o)
                0x08002564                alt_priority_mask
 .sdata         0x08002568        0x4 ../Ass1_bsp/\libhal_bsp.a(alt_sbrk.o)
 .sdata         0x0800256c        0x8 ../Ass1_bsp/\libhal_bsp.a(alt_tick.o)
                0x0800256c                alt_alarm_list
 .sdata         0x08002574        0x4 ../Ass1_bsp/\libhal_bsp.a(altera_avalon_lcd_16207.o)
 .sdata         0x08002578        0x8 ../Ass1_bsp/\libhal_bsp.a(alt_flash_dev.o)
                0x08002578                alt_flash_dev_list
 .sdata         0x08002580        0x4 c:/altera/13.0/nios2eds/bin/gnu/h-i686-mingw32/bin/../lib/gcc/nios2-elf/4.1.2/../../../../nios2-elf/lib\libc.a(lib_a-ctype_.o)
                0x08002580                __ctype_ptr
 *(.sdata2 .sdata2.* .gnu.linkonce.s2.*)
                0x08002584                . = ALIGN (0x4)
                0x08002584                _edata = ABSOLUTE (.)
                0x08002584                PROVIDE (edata, ABSOLUTE (.))
                0x08002584                PROVIDE (__ram_rwdata_end, ABSOLUTE (.))
                0x08000774                PROVIDE (__flash_rwdata_start, LOADADDR (.rwdata))

.bss            0x08002584    0x7d5b4
                0x08002584                __bss_start = ABSOLUTE (.)
                0x08002584                PROVIDE (__sbss_start, ABSOLUTE (.))
                0x08002584                PROVIDE (___sbss_start, ABSOLUTE (.))
 *(.dynsbss)
 *(.sbss .sbss.* .gnu.linkonce.sb.*)
 .sbss          0x08002584       0x1c obj/default/FreeRTOS/croutine.o
                0x08002584                pxCurrentCoRoutine
 .sbss          0x080025a0        0xc obj/default/FreeRTOS/heap.o
 .sbss          0x080025ac       0x34 obj/default/FreeRTOS/tasks.o
                0x080025ac                pxCurrentTCB
 .sbss          0x080025e0       0x10 obj/default/FreeRTOS/timers.o
 .sbss          0x080025f0       0x34 obj/default/freertos_semaphore.o
                0x080025f0                number_of_messages_sent
                0x080025f4                number_of_messages_received_task1
                0x080025f8                number_of_messages_received_task2
                0x080025fc                getsem_task1_got_sem
                0x08002600                getsem_task2_got_sem
                0x08002604                currentFrequency
                0x0800260c                unstableFlag
                0x08002610                isMonitoring
                0x08002614                unstableTimerFlag
                0x08002618                stableTimerFlag
                0x0800261c                stable_timer_running
                0x08002620                unstable_timer_running
 .sbss          0x08002624       0x18 obj/default/freertos_semaphore.o
                0x08002624                xHandle
                0x08002628                msgqueue
                0x0800262c                lcd
                0x08002630                shedSemaphore
                0x08002634                connectSemaphore
                0x08002638                shared_resource_sem
 .sbss          0x0800263c        0x4 c:/altera/13.0/nios2eds/bin/gnu/h-i686-mingw32/bin/../lib/gcc/nios2-elf/4.1.2/../../../../nios2-elf/lib\libc.a(lib_a-int_errno.o)
                0x0800263c                errno
 .sbss          0x08002640        0xc c:/altera/13.0/nios2eds/bin/gnu/h-i686-mingw32/bin/../lib/gcc/nios2-elf/4.1.2/../../../../nios2-elf/lib\libc.a(lib_a-mallocr.o)
                0x08002640                __malloc_top_pad
                0x08002644                __malloc_max_sbrked_mem
                0x08002648                __malloc_max_total_mem
 .sbss          0x0800264c        0xc c:/altera/13.0/nios2eds/bin/gnu/h-i686-mingw32/bin/../lib/gcc/nios2-elf/4.1.2/../../../../nios2-elf/lib\libc.a(lib_a-locale.o)
                0x0800264c                __nlocale_changed
                0x08002650                __mlocale_changed
                0x08002654                _PathLocale
 .sbss          0x08002658        0x4 ../Ass1_bsp/\libhal_bsp.a(alt_irq_vars.o)
                0x08002658                alt_irq_active
 .sbss          0x0800265c        0xc ../Ass1_bsp/\libhal_bsp.a(alt_main.o)
                0x0800265c                alt_argc
                0x08002660                alt_argv
                0x08002664                alt_envp
 .sbss          0x08002668        0x8 ../Ass1_bsp/\libhal_bsp.a(alt_tick.o)
                0x08002668                _alt_tick_rate
                0x0800266c                _alt_nticks
 *(.sbss2 .sbss2.* .gnu.linkonce.sb2.*)
 *(.scommon)
                0x08002670                PROVIDE (__sbss_end, ABSOLUTE (.))
                0x08002670                PROVIDE (___sbss_end, ABSOLUTE (.))
 *(.dynbss)
 *(.bss .bss.* .gnu.linkonce.b.*)
 .bss           0x08002670        0x0 ../Ass1_bsp//obj/HAL/src/crt0.o
 .bss           0x08002670       0x64 obj/default/FreeRTOS/croutine.o
 .bss           0x080026d4        0x0 obj/default/FreeRTOS/event_groups.o
 .bss           0x080026d4    0x7d000 obj/default/FreeRTOS/heap.o
 .bss           0x0807f6d4        0x0 obj/default/FreeRTOS/list.o
 .bss           0x0807f6d4        0x0 obj/default/FreeRTOS/port.o
 .bss           0x0807f6d4        0x0 obj/default/FreeRTOS/queue.o
 .bss           0x0807f6d4      0x140 obj/default/FreeRTOS/tasks.o
 .bss           0x0807f814       0x28 obj/default/FreeRTOS/timers.o
 .bss           0x0807f83c        0x0 obj/default/freertos_semaphore.o
 .bss           0x0807f83c        0x0 obj/default/FreeRTOS/port_asm.o
 .bss           0x0807f83c        0x0 c:/altera/13.0/nios2eds/bin/gnu/h-i686-mingw32/bin/../lib/gcc/nios2-elf/4.1.2\libgcc.a(_gt_df.o)
 .bss           0x0807f83c        0x0 c:/altera/13.0/nios2eds/bin/gnu/h-i686-mingw32/bin/../lib/gcc/nios2-elf/4.1.2\libgcc.a(_lt_df.o)
 .bss           0x0807f83c        0x0 c:/altera/13.0/nios2eds/bin/gnu/h-i686-mingw32/bin/../lib/gcc/nios2-elf/4.1.2\libgcc.a(_unpack_df.o)
 .bss           0x0807f83c        0x0 c:/altera/13.0/nios2eds/bin/gnu/h-i686-mingw32/bin/../lib/gcc/nios2-elf/4.1.2\libgcc.a(_fpcmp_parts_df.o)
 .bss           0x0807f83c        0x0 c:/altera/13.0/nios2eds/bin/gnu/h-i686-mingw32/bin/../lib/gcc/nios2-elf/4.1.2/../../../../nios2-elf/lib\libc.a(lib_a-fclose.o)
 .bss           0x0807f83c        0x0 c:/altera/13.0/nios2eds/bin/gnu/h-i686-mingw32/bin/../lib/gcc/nios2-elf/4.1.2/../../../../nios2-elf/lib\libc.a(lib_a-fflush.o)
 .bss           0x0807f83c        0x0 c:/altera/13.0/nios2eds/bin/gnu/h-i686-mingw32/bin/../lib/gcc/nios2-elf/4.1.2/../../../../nios2-elf/lib\libc.a(lib_a-findfp.o)
 .bss           0x0807f83c        0x0 c:/altera/13.0/nios2eds/bin/gnu/h-i686-mingw32/bin/../lib/gcc/nios2-elf/4.1.2/../../../../nios2-elf/lib\libc.a(lib_a-fopen.o)
 .bss           0x0807f83c        0x0 c:/altera/13.0/nios2eds/bin/gnu/h-i686-mingw32/bin/../lib/gcc/nios2-elf/4.1.2/../../../../nios2-elf/lib\libc.a(lib_a-fprintf.o)
 .bss           0x0807f83c        0x0 c:/altera/13.0/nios2eds/bin/gnu/h-i686-mingw32/bin/../lib/gcc/nios2-elf/4.1.2/../../../../nios2-elf/lib\libc.a(lib_a-freer.o)
 .bss           0x0807f83c        0x0 c:/altera/13.0/nios2eds/bin/gnu/h-i686-mingw32/bin/../lib/gcc/nios2-elf/4.1.2/../../../../nios2-elf/lib\libc.a(lib_a-fseek.o)
 .bss           0x0807f83c        0x0 c:/altera/13.0/nios2eds/bin/gnu/h-i686-mingw32/bin/../lib/gcc/nios2-elf/4.1.2/../../../../nios2-elf/lib\libc.a(lib_a-fstatr.o)
 .bss           0x0807f83c        0x0 c:/altera/13.0/nios2eds/bin/gnu/h-i686-mingw32/bin/../lib/gcc/nios2-elf/4.1.2/../../../../nios2-elf/lib\libc.a(lib_a-fwalk.o)
 .bss           0x0807f83c        0x0 c:/altera/13.0/nios2eds/bin/gnu/h-i686-mingw32/bin/../lib/gcc/nios2-elf/4.1.2/../../../../nios2-elf/lib\libc.a(lib_a-fwrite.o)
 .bss           0x0807f83c        0x0 c:/altera/13.0/nios2eds/bin/gnu/h-i686-mingw32/bin/../lib/gcc/nios2-elf/4.1.2/../../../../nios2-elf/lib\libc.a(lib_a-impure.o)
 .bss           0x0807f83c        0x0 c:/altera/13.0/nios2eds/bin/gnu/h-i686-mingw32/bin/../lib/gcc/nios2-elf/4.1.2/../../../../nios2-elf/lib\libc.a(lib_a-int_errno.o)
 .bss           0x0807f83c        0x0 c:/altera/13.0/nios2eds/bin/gnu/h-i686-mingw32/bin/../lib/gcc/nios2-elf/4.1.2/../../../../nios2-elf/lib\libc.a(lib_a-makebuf.o)
 .bss           0x0807f83c       0x28 c:/altera/13.0/nios2eds/bin/gnu/h-i686-mingw32/bin/../lib/gcc/nios2-elf/4.1.2/../../../../nios2-elf/lib\libc.a(lib_a-mallocr.o)
                0x0807f83c                __malloc_current_mallinfo
 .bss           0x0807f864        0x0 c:/altera/13.0/nios2eds/bin/gnu/h-i686-mingw32/bin/../lib/gcc/nios2-elf/4.1.2/../../../../nios2-elf/lib\libc.a(lib_a-memcmp.o)
 .bss           0x0807f864        0x0 c:/altera/13.0/nios2eds/bin/gnu/h-i686-mingw32/bin/../lib/gcc/nios2-elf/4.1.2/../../../../nios2-elf/lib\libc.a(lib_a-memcpy.o)
 .bss           0x0807f864        0x0 c:/altera/13.0/nios2eds/bin/gnu/h-i686-mingw32/bin/../lib/gcc/nios2-elf/4.1.2/../../../../nios2-elf/lib\libc.a(lib_a-memset.o)
 .bss           0x0807f864        0x0 c:/altera/13.0/nios2eds/bin/gnu/h-i686-mingw32/bin/../lib/gcc/nios2-elf/4.1.2/../../../../nios2-elf/lib\libc.a(lib_a-openr.o)
 .bss           0x0807f864        0x0 c:/altera/13.0/nios2eds/bin/gnu/h-i686-mingw32/bin/../lib/gcc/nios2-elf/4.1.2/../../../../nios2-elf/lib\libc.a(lib_a-printf.o)
 .bss           0x0807f864        0x0 c:/altera/13.0/nios2eds/bin/gnu/h-i686-mingw32/bin/../lib/gcc/nios2-elf/4.1.2/../../../../nios2-elf/lib\libc.a(lib_a-puts.o)
 .bss           0x0807f864        0x0 c:/altera/13.0/nios2eds/bin/gnu/h-i686-mingw32/bin/../lib/gcc/nios2-elf/4.1.2/../../../../nios2-elf/lib\libc.a(lib_a-refill.o)
 .bss           0x0807f864        0x0 c:/altera/13.0/nios2eds/bin/gnu/h-i686-mingw32/bin/../lib/gcc/nios2-elf/4.1.2/../../../../nios2-elf/lib\libc.a(lib_a-sbrkr.o)
 .bss           0x0807f864        0x0 c:/altera/13.0/nios2eds/bin/gnu/h-i686-mingw32/bin/../lib/gcc/nios2-elf/4.1.2/../../../../nios2-elf/lib\libc.a(lib_a-stdio.o)
 .bss           0x0807f864        0x0 c:/altera/13.0/nios2eds/bin/gnu/h-i686-mingw32/bin/../lib/gcc/nios2-elf/4.1.2/../../../../nios2-elf/lib\libc.a(lib_a-strlen.o)
 .bss           0x0807f864        0x0 c:/altera/13.0/nios2eds/bin/gnu/h-i686-mingw32/bin/../lib/gcc/nios2-elf/4.1.2/../../../../nios2-elf/lib\libc.a(lib_a-vfprintf.o)
 .bss           0x0807f864        0x0 c:/altera/13.0/nios2eds/bin/gnu/h-i686-mingw32/bin/../lib/gcc/nios2-elf/4.1.2/../../../../nios2-elf/lib\libc.a(lib_a-writer.o)
 .bss           0x0807f864        0x0 c:/altera/13.0/nios2eds/bin/gnu/h-i686-mingw32/bin/../lib/gcc/nios2-elf/4.1.2/../../../../nios2-elf/lib\libc.a(lib_a-wsetup.o)
 .bss           0x0807f864        0x0 c:/altera/13.0/nios2eds/bin/gnu/h-i686-mingw32/bin/../lib/gcc/nios2-elf/4.1.2/../../../../nios2-elf/lib\libc.a(lib_a-closer.o)
 .bss           0x0807f864        0x0 c:/altera/13.0/nios2eds/bin/gnu/h-i686-mingw32/bin/../lib/gcc/nios2-elf/4.1.2/../../../../nios2-elf/lib\libc.a(lib_a-dtoa.o)
 .bss           0x0807f864        0x0 c:/altera/13.0/nios2eds/bin/gnu/h-i686-mingw32/bin/../lib/gcc/nios2-elf/4.1.2/../../../../nios2-elf/lib\libc.a(lib_a-flags.o)
 .bss           0x0807f864        0x0 c:/altera/13.0/nios2eds/bin/gnu/h-i686-mingw32/bin/../lib/gcc/nios2-elf/4.1.2/../../../../nios2-elf/lib\libc.a(lib_a-fvwrite.o)
 .bss           0x0807f864        0x0 c:/altera/13.0/nios2eds/bin/gnu/h-i686-mingw32/bin/../lib/gcc/nios2-elf/4.1.2/../../../../nios2-elf/lib\libc.a(lib_a-isattyr.o)
 .bss           0x0807f864        0x0 c:/altera/13.0/nios2eds/bin/gnu/h-i686-mingw32/bin/../lib/gcc/nios2-elf/4.1.2/../../../../nios2-elf/lib\libc.a(lib_a-locale.o)
 .bss           0x0807f864        0x0 c:/altera/13.0/nios2eds/bin/gnu/h-i686-mingw32/bin/../lib/gcc/nios2-elf/4.1.2/../../../../nios2-elf/lib\libc.a(lib_a-lseekr.o)
 .bss           0x0807f864        0x0 c:/altera/13.0/nios2eds/bin/gnu/h-i686-mingw32/bin/../lib/gcc/nios2-elf/4.1.2/../../../../nios2-elf/lib\libc.a(lib_a-memchr.o)
 .bss           0x0807f864        0x0 c:/altera/13.0/nios2eds/bin/gnu/h-i686-mingw32/bin/../lib/gcc/nios2-elf/4.1.2/../../../../nios2-elf/lib\libc.a(lib_a-memmove.o)
 .bss           0x0807f864        0x0 c:/altera/13.0/nios2eds/bin/gnu/h-i686-mingw32/bin/../lib/gcc/nios2-elf/4.1.2/../../../../nios2-elf/lib\libc.a(lib_a-mprec.o)
 .bss           0x0807f864        0x0 c:/altera/13.0/nios2eds/bin/gnu/h-i686-mingw32/bin/../lib/gcc/nios2-elf/4.1.2/../../../../nios2-elf/lib\libc.a(lib_a-readr.o)
 .bss           0x0807f864        0x0 c:/altera/13.0/nios2eds/bin/gnu/h-i686-mingw32/bin/../lib/gcc/nios2-elf/4.1.2/../../../../nios2-elf/lib\libc.a(lib_a-reallocr.o)
 .bss           0x0807f864        0x0 c:/altera/13.0/nios2eds/bin/gnu/h-i686-mingw32/bin/../lib/gcc/nios2-elf/4.1.2/../../../../nios2-elf/lib\libc.a(lib_a-s_isinfd.o)
 .bss           0x0807f864        0x0 c:/altera/13.0/nios2eds/bin/gnu/h-i686-mingw32/bin/../lib/gcc/nios2-elf/4.1.2/../../../../nios2-elf/lib\libc.a(lib_a-s_isnand.o)
 .bss           0x0807f864        0x0 c:/altera/13.0/nios2eds/bin/gnu/h-i686-mingw32/bin/../lib/gcc/nios2-elf/4.1.2/../../../../nios2-elf/lib\libc.a(lib_a-strcmp.o)
 .bss           0x0807f864        0x0 c:/altera/13.0/nios2eds/bin/gnu/h-i686-mingw32/bin/../lib/gcc/nios2-elf/4.1.2/../../../../nios2-elf/lib\libc.a(lib_a-callocr.o)
 .bss           0x0807f864        0x0 c:/altera/13.0/nios2eds/bin/gnu/h-i686-mingw32/bin/../lib/gcc/nios2-elf/4.1.2\libgcc.a(_udivdi3.o)
 .bss           0x0807f864        0x0 c:/altera/13.0/nios2eds/bin/gnu/h-i686-mingw32/bin/../lib/gcc/nios2-elf/4.1.2\libgcc.a(_umoddi3.o)
 .bss           0x0807f864        0x0 c:/altera/13.0/nios2eds/bin/gnu/h-i686-mingw32/bin/../lib/gcc/nios2-elf/4.1.2\libgcc.a(_addsub_df.o)
 .bss           0x0807f864        0x0 c:/altera/13.0/nios2eds/bin/gnu/h-i686-mingw32/bin/../lib/gcc/nios2-elf/4.1.2\libgcc.a(_mul_df.o)
 .bss           0x0807f864        0x0 c:/altera/13.0/nios2eds/bin/gnu/h-i686-mingw32/bin/../lib/gcc/nios2-elf/4.1.2\libgcc.a(_div_df.o)
 .bss           0x0807f864        0x0 c:/altera/13.0/nios2eds/bin/gnu/h-i686-mingw32/bin/../lib/gcc/nios2-elf/4.1.2\libgcc.a(_eq_df.o)
 .bss           0x0807f864        0x0 c:/altera/13.0/nios2eds/bin/gnu/h-i686-mingw32/bin/../lib/gcc/nios2-elf/4.1.2\libgcc.a(_ne_df.o)
 .bss           0x0807f864        0x0 c:/altera/13.0/nios2eds/bin/gnu/h-i686-mingw32/bin/../lib/gcc/nios2-elf/4.1.2\libgcc.a(_ge_df.o)
 .bss           0x0807f864        0x0 c:/altera/13.0/nios2eds/bin/gnu/h-i686-mingw32/bin/../lib/gcc/nios2-elf/4.1.2\libgcc.a(_si_to_df.o)
 .bss           0x0807f864        0x0 c:/altera/13.0/nios2eds/bin/gnu/h-i686-mingw32/bin/../lib/gcc/nios2-elf/4.1.2\libgcc.a(_df_to_si.o)
 .bss           0x0807f864        0x0 c:/altera/13.0/nios2eds/bin/gnu/h-i686-mingw32/bin/../lib/gcc/nios2-elf/4.1.2\libgcc.a(_thenan_df.o)
 .bss           0x0807f864        0x0 c:/altera/13.0/nios2eds/bin/gnu/h-i686-mingw32/bin/../lib/gcc/nios2-elf/4.1.2\libgcc.a(_usi_to_df.o)
 .bss           0x0807f864        0x0 c:/altera/13.0/nios2eds/bin/gnu/h-i686-mingw32/bin/../lib/gcc/nios2-elf/4.1.2\libgcc.a(lib2-divmod.o)
 .bss           0x0807f864        0x0 c:/altera/13.0/nios2eds/bin/gnu/h-i686-mingw32/bin/../lib/gcc/nios2-elf/4.1.2\libgcc.a(_muldi3.o)
 .bss           0x0807f864        0x0 c:/altera/13.0/nios2eds/bin/gnu/h-i686-mingw32/bin/../lib/gcc/nios2-elf/4.1.2\libgcc.a(_clz.o)
 .bss           0x0807f864        0x0 c:/altera/13.0/nios2eds/bin/gnu/h-i686-mingw32/bin/../lib/gcc/nios2-elf/4.1.2\libgcc.a(_clzsi2.o)
 .bss           0x0807f864        0x0 c:/altera/13.0/nios2eds/bin/gnu/h-i686-mingw32/bin/../lib/gcc/nios2-elf/4.1.2\libgcc.a(_pack_df.o)
 .bss           0x0807f864        0x0 ../Ass1_bsp/\libhal_bsp.a(alt_alarm_start.o)
 .bss           0x0807f864        0x0 ../Ass1_bsp/\libhal_bsp.a(alt_close.o)
 .bss           0x0807f864        0x0 ../Ass1_bsp/\libhal_bsp.a(alt_dev.o)
 .bss           0x0807f864        0x0 ../Ass1_bsp/\libhal_bsp.a(alt_errno.o)
 .bss           0x0807f864        0x0 ../Ass1_bsp/\libhal_bsp.a(alt_fstat.o)
 .bss           0x0807f864        0x0 ../Ass1_bsp/\libhal_bsp.a(alt_irq_handler.o)
 .bss           0x0807f864        0x0 ../Ass1_bsp/\libhal_bsp.a(alt_irq_vars.o)
 .bss           0x0807f864        0x0 ../Ass1_bsp/\libhal_bsp.a(alt_isatty.o)
 .bss           0x0807f864        0x0 ../Ass1_bsp/\libhal_bsp.a(alt_lseek.o)
 .bss           0x0807f864        0x0 ../Ass1_bsp/\libhal_bsp.a(alt_main.o)
 .bss           0x0807f864        0x0 ../Ass1_bsp/\libhal_bsp.a(alt_malloc_lock.o)
 .bss           0x0807f864        0x0 ../Ass1_bsp/\libhal_bsp.a(alt_open.o)
 .bss           0x0807f864        0x0 ../Ass1_bsp/\libhal_bsp.a(alt_read.o)
 .bss           0x0807f864        0x0 ../Ass1_bsp/\libhal_bsp.a(alt_release_fd.o)
 .bss           0x0807f864        0x0 ../Ass1_bsp/\libhal_bsp.a(alt_sbrk.o)
 .bss           0x0807f864        0x0 ../Ass1_bsp/\libhal_bsp.a(alt_tick.o)
 .bss           0x0807f864        0x0 ../Ass1_bsp/\libhal_bsp.a(alt_write.o)
 .bss           0x0807f864        0x0 ../Ass1_bsp/\libhal_bsp.a(alt_sys_init.o)
 .bss           0x0807f864        0x0 ../Ass1_bsp/\libhal_bsp.a(altera_avalon_cfi_flash.o)
 .bss           0x0807f864        0x0 ../Ass1_bsp/\libhal_bsp.a(altera_avalon_cfi_flash_table.o)
 .bss           0x0807f864        0x0 ../Ass1_bsp/\libhal_bsp.a(altera_avalon_jtag_uart_fd.o)
 .bss           0x0807f864        0x0 ../Ass1_bsp/\libhal_bsp.a(altera_avalon_jtag_uart_init.o)
 .bss           0x0807f864        0x0 ../Ass1_bsp/\libhal_bsp.a(altera_avalon_jtag_uart_ioctl.o)
 .bss           0x0807f864        0x0 ../Ass1_bsp/\libhal_bsp.a(altera_avalon_jtag_uart_read.o)
 .bss           0x0807f864        0x0 ../Ass1_bsp/\libhal_bsp.a(altera_avalon_jtag_uart_write.o)
 .bss           0x0807f864        0x0 ../Ass1_bsp/\libhal_bsp.a(altera_avalon_lcd_16207.o)
 .bss           0x0807f864        0x0 ../Ass1_bsp/\libhal_bsp.a(altera_avalon_lcd_16207_fd.o)
 .bss           0x0807f864        0x0 ../Ass1_bsp/\libhal_bsp.a(altera_avalon_timer_sc.o)
 .bss           0x0807f864        0x0 ../Ass1_bsp/\libhal_bsp.a(altera_avalon_uart_fd.o)
 .bss           0x0807f864        0x0 ../Ass1_bsp/\libhal_bsp.a(altera_avalon_uart_init.o)
 .bss           0x0807f864        0x0 ../Ass1_bsp/\libhal_bsp.a(altera_avalon_uart_read.o)
 .bss           0x0807f864        0x0 ../Ass1_bsp/\libhal_bsp.a(altera_avalon_uart_write.o)
 .bss           0x0807f864        0x0 ../Ass1_bsp/\libhal_bsp.a(altera_up_avalon_ps2.o)
 .bss           0x0807f864        0x0 ../Ass1_bsp/\libhal_bsp.a(altera_up_avalon_video_character_buffer_with_dma.o)
 .bss           0x0807f864        0x0 ../Ass1_bsp/\libhal_bsp.a(alt_dcache_flush.o)
 .bss           0x0807f864        0x0 ../Ass1_bsp/\libhal_bsp.a(alt_dev_llist_insert.o)
 .bss           0x0807f864        0x0 ../Ass1_bsp/\libhal_bsp.a(alt_do_ctors.o)
 .bss           0x0807f864        0x0 ../Ass1_bsp/\libhal_bsp.a(alt_do_dtors.o)
 .bss           0x0807f864        0x0 ../Ass1_bsp/\libhal_bsp.a(alt_find_dev.o)
 .bss           0x0807f864        0x0 ../Ass1_bsp/\libhal_bsp.a(alt_find_file.o)
 .bss           0x0807f864        0x0 ../Ass1_bsp/\libhal_bsp.a(alt_flash_dev.o)
 .bss           0x0807f864        0x0 ../Ass1_bsp/\libhal_bsp.a(alt_get_fd.o)
 .bss           0x0807f864        0x0 ../Ass1_bsp/\libhal_bsp.a(alt_io_redirect.o)
 .bss           0x0807f864        0x0 ../Ass1_bsp/\libhal_bsp.a(alt_usleep.o)
 .bss           0x0807f864        0x0 ../Ass1_bsp/\libhal_bsp.a(altera_nios2_qsys_irq.o)
 .bss           0x0807f864        0x0 ../Ass1_bsp/\libhal_bsp.a(altera_avalon_cfi_flash_amd.o)
 .bss           0x0807f864        0x0 ../Ass1_bsp/\libhal_bsp.a(altera_avalon_cfi_flash_intel.o)
 .bss           0x0807f864        0x0 ../Ass1_bsp/\libhal_bsp.a(alt_busy_sleep.o)
 .bss           0x0807f864        0x0 c:/altera/13.0/nios2eds/bin/gnu/h-i686-mingw32/bin/../lib/gcc/nios2-elf/4.1.2/../../../../nios2-elf/lib\libc.a(lib_a-atexit.o)
 .bss           0x0807f864        0x0 c:/altera/13.0/nios2eds/bin/gnu/h-i686-mingw32/bin/../lib/gcc/nios2-elf/4.1.2/../../../../nios2-elf/lib\libc.a(lib_a-ctype_.o)
 .bss           0x0807f864        0x0 c:/altera/13.0/nios2eds/bin/gnu/h-i686-mingw32/bin/../lib/gcc/nios2-elf/4.1.2/../../../../nios2-elf/lib\libc.a(lib_a-exit.o)
 .bss           0x0807f864        0x0 c:/altera/13.0/nios2eds/bin/gnu/h-i686-mingw32/bin/../lib/gcc/nios2-elf/4.1.2/../../../../nios2-elf/lib\libc.a(lib_a-__atexit.o)
 .bss           0x0807f864        0x0 c:/altera/13.0/nios2eds/bin/gnu/h-i686-mingw32/bin/../lib/gcc/nios2-elf/4.1.2/../../../../nios2-elf/lib\libc.a(lib_a-__call_atexit.o)
 .bss           0x0807f864        0x0 ../Ass1_bsp/\libhal_bsp.a(alt_exit.o)
 *(COMMON)
 COMMON         0x0807f864       0x44 obj/default/freertos_semaphore.o
                0x0807f864                unstableTimer500
                0x0807f87c                stableTimer500
                0x0807f894                sem_owner_task_name
 COMMON         0x0807f8a8      0x100 ../Ass1_bsp/\libhal_bsp.a(alt_irq_handler.o)
                0x0807f8a8                alt_irq
 COMMON         0x0807f9a8      0x190 c:/altera/13.0/nios2eds/bin/gnu/h-i686-mingw32/bin/../lib/gcc/nios2-elf/4.1.2/../../../../nios2-elf/lib\libc.a(lib_a-atexit.o)
                0x0807f9a8                _atexit0
                0x0807fb38                . = ALIGN (0x4)
                0x0807fb38                __bss_end = ABSOLUTE (.)

.onchip_memory  0x00016dac        0x0
                0x00016dac                PROVIDE (_alt_partition_onchip_memory_start, ABSOLUTE (.))
 *(.onchip_memory. onchip_memory.*)
                0x00016dac                . = ALIGN (0x4)
                0x00016dac                PROVIDE (_alt_partition_onchip_memory_end, ABSOLUTE (.))
                0x00016dac                PROVIDE (_alt_partition_onchip_memory_load_addr, LOADADDR (.onchip_memory))

.flash_controller
                0x01000020        0x0
                0x01000020                PROVIDE (_alt_partition_flash_controller_start, ABSOLUTE (.))
 *(.flash_controller. flash_controller.*)
                0x01000020                . = ALIGN (0x4)
                0x01000020                PROVIDE (_alt_partition_flash_controller_end, ABSOLUTE (.))
                0x01000020                PROVIDE (_alt_partition_flash_controller_load_addr, LOADADDR (.flash_controller))

.sdram          0x0807fb38        0x0
                0x0807fb38                PROVIDE (_alt_partition_sdram_start, ABSOLUTE (.))
 *(.sdram. sdram.*)
                0x0807fb38                . = ALIGN (0x4)
                0x0807fb38                PROVIDE (_alt_partition_sdram_end, ABSOLUTE (.))
                0x0807fb38                _end = ABSOLUTE (.)
                0x0807fb38                end = ABSOLUTE (.)
                0x0807fb38                __alt_stack_base = ABSOLUTE (.)
                0x0807fb38                PROVIDE (_alt_partition_sdram_load_addr, LOADADDR (.sdram))

.stab
 *(.stab)

.stabstr
 *(.stabstr)

.stab.excl
 *(.stab.excl)

.stab.exclstr
 *(.stab.exclstr)

.stab.index
 *(.stab.index)

.stab.indexstr
 *(.stab.indexstr)

.comment        0x00000000       0x23
 *(.comment)
 .comment       0x00000000       0x23 obj/default/FreeRTOS/croutine.o
                                 0x24 (size before relaxing)
 .comment       0x00000000       0x24 obj/default/FreeRTOS/event_groups.o
 .comment       0x00000000       0x24 obj/default/FreeRTOS/heap.o
 .comment       0x00000000       0x24 obj/default/FreeRTOS/list.o
 .comment       0x00000000       0x24 obj/default/FreeRTOS/port.o
 .comment       0x00000000       0x24 obj/default/FreeRTOS/queue.o
 .comment       0x00000000       0x24 obj/default/FreeRTOS/tasks.o
 .comment       0x00000000       0x24 obj/default/FreeRTOS/timers.o
 .comment       0x00000000       0x24 obj/default/freertos_semaphore.o
 .comment       0x00000000       0x24 c:/altera/13.0/nios2eds/bin/gnu/h-i686-mingw32/bin/../lib/gcc/nios2-elf/4.1.2\libgcc.a(_gt_df.o)
 .comment       0x00000000       0x24 c:/altera/13.0/nios2eds/bin/gnu/h-i686-mingw32/bin/../lib/gcc/nios2-elf/4.1.2\libgcc.a(_lt_df.o)
 .comment       0x00000000       0x24 c:/altera/13.0/nios2eds/bin/gnu/h-i686-mingw32/bin/../lib/gcc/nios2-elf/4.1.2\libgcc.a(_unpack_df.o)
 .comment       0x00000000       0x24 c:/altera/13.0/nios2eds/bin/gnu/h-i686-mingw32/bin/../lib/gcc/nios2-elf/4.1.2\libgcc.a(_fpcmp_parts_df.o)
 .comment       0x00000000       0x24 c:/altera/13.0/nios2eds/bin/gnu/h-i686-mingw32/bin/../lib/gcc/nios2-elf/4.1.2/../../../../nios2-elf/lib\libc.a(lib_a-fclose.o)
 .comment       0x00000000       0x24 c:/altera/13.0/nios2eds/bin/gnu/h-i686-mingw32/bin/../lib/gcc/nios2-elf/4.1.2/../../../../nios2-elf/lib\libc.a(lib_a-fflush.o)
 .comment       0x00000000       0x24 c:/altera/13.0/nios2eds/bin/gnu/h-i686-mingw32/bin/../lib/gcc/nios2-elf/4.1.2/../../../../nios2-elf/lib\libc.a(lib_a-findfp.o)
 .comment       0x00000000       0x24 c:/altera/13.0/nios2eds/bin/gnu/h-i686-mingw32/bin/../lib/gcc/nios2-elf/4.1.2/../../../../nios2-elf/lib\libc.a(lib_a-fopen.o)
 .comment       0x00000000       0x24 c:/altera/13.0/nios2eds/bin/gnu/h-i686-mingw32/bin/../lib/gcc/nios2-elf/4.1.2/../../../../nios2-elf/lib\libc.a(lib_a-fprintf.o)
 .comment       0x00000000       0x24 c:/altera/13.0/nios2eds/bin/gnu/h-i686-mingw32/bin/../lib/gcc/nios2-elf/4.1.2/../../../../nios2-elf/lib\libc.a(lib_a-freer.o)
 .comment       0x00000000       0x24 c:/altera/13.0/nios2eds/bin/gnu/h-i686-mingw32/bin/../lib/gcc/nios2-elf/4.1.2/../../../../nios2-elf/lib\libc.a(lib_a-fseek.o)
 .comment       0x00000000       0x24 c:/altera/13.0/nios2eds/bin/gnu/h-i686-mingw32/bin/../lib/gcc/nios2-elf/4.1.2/../../../../nios2-elf/lib\libc.a(lib_a-fstatr.o)
 .comment       0x00000000       0x24 c:/altera/13.0/nios2eds/bin/gnu/h-i686-mingw32/bin/../lib/gcc/nios2-elf/4.1.2/../../../../nios2-elf/lib\libc.a(lib_a-fwalk.o)
 .comment       0x00000000       0x24 c:/altera/13.0/nios2eds/bin/gnu/h-i686-mingw32/bin/../lib/gcc/nios2-elf/4.1.2/../../../../nios2-elf/lib\libc.a(lib_a-fwrite.o)
 .comment       0x00000000       0x24 c:/altera/13.0/nios2eds/bin/gnu/h-i686-mingw32/bin/../lib/gcc/nios2-elf/4.1.2/../../../../nios2-elf/lib\libc.a(lib_a-impure.o)
 .comment       0x00000000       0x24 c:/altera/13.0/nios2eds/bin/gnu/h-i686-mingw32/bin/../lib/gcc/nios2-elf/4.1.2/../../../../nios2-elf/lib\libc.a(lib_a-int_errno.o)
 .comment       0x00000000       0x24 c:/altera/13.0/nios2eds/bin/gnu/h-i686-mingw32/bin/../lib/gcc/nios2-elf/4.1.2/../../../../nios2-elf/lib\libc.a(lib_a-makebuf.o)
 .comment       0x00000000       0x24 c:/altera/13.0/nios2eds/bin/gnu/h-i686-mingw32/bin/../lib/gcc/nios2-elf/4.1.2/../../../../nios2-elf/lib\libc.a(lib_a-mallocr.o)
 .comment       0x00000000       0x24 c:/altera/13.0/nios2eds/bin/gnu/h-i686-mingw32/bin/../lib/gcc/nios2-elf/4.1.2/../../../../nios2-elf/lib\libc.a(lib_a-memcmp.o)
 .comment       0x00000000       0x24 c:/altera/13.0/nios2eds/bin/gnu/h-i686-mingw32/bin/../lib/gcc/nios2-elf/4.1.2/../../../../nios2-elf/lib\libc.a(lib_a-memcpy.o)
 .comment       0x00000000       0x24 c:/altera/13.0/nios2eds/bin/gnu/h-i686-mingw32/bin/../lib/gcc/nios2-elf/4.1.2/../../../../nios2-elf/lib\libc.a(lib_a-memset.o)
 .comment       0x00000000       0x24 c:/altera/13.0/nios2eds/bin/gnu/h-i686-mingw32/bin/../lib/gcc/nios2-elf/4.1.2/../../../../nios2-elf/lib\libc.a(lib_a-openr.o)
 .comment       0x00000000       0x24 c:/altera/13.0/nios2eds/bin/gnu/h-i686-mingw32/bin/../lib/gcc/nios2-elf/4.1.2/../../../../nios2-elf/lib\libc.a(lib_a-printf.o)
 .comment       0x00000000       0x24 c:/altera/13.0/nios2eds/bin/gnu/h-i686-mingw32/bin/../lib/gcc/nios2-elf/4.1.2/../../../../nios2-elf/lib\libc.a(lib_a-puts.o)
 .comment       0x00000000       0x24 c:/altera/13.0/nios2eds/bin/gnu/h-i686-mingw32/bin/../lib/gcc/nios2-elf/4.1.2/../../../../nios2-elf/lib\libc.a(lib_a-refill.o)
 .comment       0x00000000       0x24 c:/altera/13.0/nios2eds/bin/gnu/h-i686-mingw32/bin/../lib/gcc/nios2-elf/4.1.2/../../../../nios2-elf/lib\libc.a(lib_a-sbrkr.o)
 .comment       0x00000000       0x24 c:/altera/13.0/nios2eds/bin/gnu/h-i686-mingw32/bin/../lib/gcc/nios2-elf/4.1.2/../../../../nios2-elf/lib\libc.a(lib_a-stdio.o)
 .comment       0x00000000       0x24 c:/altera/13.0/nios2eds/bin/gnu/h-i686-mingw32/bin/../lib/gcc/nios2-elf/4.1.2/../../../../nios2-elf/lib\libc.a(lib_a-strlen.o)
 .comment       0x00000000       0x24 c:/altera/13.0/nios2eds/bin/gnu/h-i686-mingw32/bin/../lib/gcc/nios2-elf/4.1.2/../../../../nios2-elf/lib\libc.a(lib_a-vfprintf.o)
 .comment       0x00000000       0x24 c:/altera/13.0/nios2eds/bin/gnu/h-i686-mingw32/bin/../lib/gcc/nios2-elf/4.1.2/../../../../nios2-elf/lib\libc.a(lib_a-writer.o)
 .comment       0x00000000       0x24 c:/altera/13.0/nios2eds/bin/gnu/h-i686-mingw32/bin/../lib/gcc/nios2-elf/4.1.2/../../../../nios2-elf/lib\libc.a(lib_a-wsetup.o)
 .comment       0x00000000       0x24 c:/altera/13.0/nios2eds/bin/gnu/h-i686-mingw32/bin/../lib/gcc/nios2-elf/4.1.2/../../../../nios2-elf/lib\libc.a(lib_a-closer.o)
 .comment       0x00000000       0x24 c:/altera/13.0/nios2eds/bin/gnu/h-i686-mingw32/bin/../lib/gcc/nios2-elf/4.1.2/../../../../nios2-elf/lib\libc.a(lib_a-dtoa.o)
 .comment       0x00000000       0x24 c:/altera/13.0/nios2eds/bin/gnu/h-i686-mingw32/bin/../lib/gcc/nios2-elf/4.1.2/../../../../nios2-elf/lib\libc.a(lib_a-flags.o)
 .comment       0x00000000       0x24 c:/altera/13.0/nios2eds/bin/gnu/h-i686-mingw32/bin/../lib/gcc/nios2-elf/4.1.2/../../../../nios2-elf/lib\libc.a(lib_a-fvwrite.o)
 .comment       0x00000000       0x24 c:/altera/13.0/nios2eds/bin/gnu/h-i686-mingw32/bin/../lib/gcc/nios2-elf/4.1.2/../../../../nios2-elf/lib\libc.a(lib_a-isattyr.o)
 .comment       0x00000000       0x24 c:/altera/13.0/nios2eds/bin/gnu/h-i686-mingw32/bin/../lib/gcc/nios2-elf/4.1.2/../../../../nios2-elf/lib\libc.a(lib_a-locale.o)
 .comment       0x00000000       0x24 c:/altera/13.0/nios2eds/bin/gnu/h-i686-mingw32/bin/../lib/gcc/nios2-elf/4.1.2/../../../../nios2-elf/lib\libc.a(lib_a-lseekr.o)
 .comment       0x00000000       0x24 c:/altera/13.0/nios2eds/bin/gnu/h-i686-mingw32/bin/../lib/gcc/nios2-elf/4.1.2/../../../../nios2-elf/lib\libc.a(lib_a-memchr.o)
 .comment       0x00000000       0x24 c:/altera/13.0/nios2eds/bin/gnu/h-i686-mingw32/bin/../lib/gcc/nios2-elf/4.1.2/../../../../nios2-elf/lib\libc.a(lib_a-memmove.o)
 .comment       0x00000000       0x24 c:/altera/13.0/nios2eds/bin/gnu/h-i686-mingw32/bin/../lib/gcc/nios2-elf/4.1.2/../../../../nios2-elf/lib\libc.a(lib_a-mprec.o)
 .comment       0x00000000       0x24 c:/altera/13.0/nios2eds/bin/gnu/h-i686-mingw32/bin/../lib/gcc/nios2-elf/4.1.2/../../../../nios2-elf/lib\libc.a(lib_a-readr.o)
 .comment       0x00000000       0x24 c:/altera/13.0/nios2eds/bin/gnu/h-i686-mingw32/bin/../lib/gcc/nios2-elf/4.1.2/../../../../nios2-elf/lib\libc.a(lib_a-reallocr.o)
 .comment       0x00000000       0x24 c:/altera/13.0/nios2eds/bin/gnu/h-i686-mingw32/bin/../lib/gcc/nios2-elf/4.1.2/../../../../nios2-elf/lib\libc.a(lib_a-s_isinfd.o)
 .comment       0x00000000       0x24 c:/altera/13.0/nios2eds/bin/gnu/h-i686-mingw32/bin/../lib/gcc/nios2-elf/4.1.2/../../../../nios2-elf/lib\libc.a(lib_a-s_isnand.o)
 .comment       0x00000000       0x24 c:/altera/13.0/nios2eds/bin/gnu/h-i686-mingw32/bin/../lib/gcc/nios2-elf/4.1.2/../../../../nios2-elf/lib\libc.a(lib_a-strcmp.o)
 .comment       0x00000000       0x24 c:/altera/13.0/nios2eds/bin/gnu/h-i686-mingw32/bin/../lib/gcc/nios2-elf/4.1.2/../../../../nios2-elf/lib\libc.a(lib_a-callocr.o)
 .comment       0x00000000       0x24 c:/altera/13.0/nios2eds/bin/gnu/h-i686-mingw32/bin/../lib/gcc/nios2-elf/4.1.2\libgcc.a(_udivdi3.o)
 .comment       0x00000000       0x24 c:/altera/13.0/nios2eds/bin/gnu/h-i686-mingw32/bin/../lib/gcc/nios2-elf/4.1.2\libgcc.a(_umoddi3.o)
 .comment       0x00000000       0x24 c:/altera/13.0/nios2eds/bin/gnu/h-i686-mingw32/bin/../lib/gcc/nios2-elf/4.1.2\libgcc.a(_addsub_df.o)
 .comment       0x00000000       0x24 c:/altera/13.0/nios2eds/bin/gnu/h-i686-mingw32/bin/../lib/gcc/nios2-elf/4.1.2\libgcc.a(_mul_df.o)
 .comment       0x00000000       0x24 c:/altera/13.0/nios2eds/bin/gnu/h-i686-mingw32/bin/../lib/gcc/nios2-elf/4.1.2\libgcc.a(_div_df.o)
 .comment       0x00000000       0x24 c:/altera/13.0/nios2eds/bin/gnu/h-i686-mingw32/bin/../lib/gcc/nios2-elf/4.1.2\libgcc.a(_eq_df.o)